Get visualisation of the VRP solutions working.

First I need to build the or-tools source code for python. (https://developers.google.com/optimization/install/python/source_windows)

I try running the following at the source I already downloaded (ver. 7.4) & compiled for C++:

C:\Users\jc321076\github\or-tools>tools\make third_party
.....
Build succeeded.

C:\Users\jc321076\github\or-tools>tools\make python
tools\make: Nothing to be done for `python'.

C:\Users\jc321076\github\or-tools>tools\make test_python
set PYTHONPATH=C:\\Users\\jc321076\\github\\or-tools;C:\\Users\\jc321076\\github\\or-tools\\dependencies\\sources\\protobuf-3.10.0\\python && "C:\Users\jc321076\AppData\Local\Programs\Python\Python37\python.exe" ortools\\algorithms\\samples\\knapsack.py
Total value = 7534
Total weight: 850
Packed items: [0, 1, 3, 4, 6, 10, 11, 12, 14, 15, 16, 17, 18, 19, 21, 22, 24, 27, 28, 29, 30, 31, 32, 34, 38, 39, 41, 42, 44, 47, 48, 49]
Packed_weights: [7, 0, 22, 80, 11, 59, 18, 0, 3, 8, 15, 42, 9, 0, 47, 52, 26, 6, 29, 84, 2, 4, 18, 7, 71, 3, 66, 31, 0, 65, 52, 13]
set PYTHONPATH=C:\\Users\\jc321076\\github\\or-tools;C:\\Users\\jc321076\\github\\or-tools\\dependencies\\sources\\protobuf-3.10.0\\python && "C:\Users\jc321076\AppData\Local\Programs\Python\Python37\python.exe" ortools\\algorithms\\samples\\simple_knapsack_program.py
Packed items:  [2, 3, 6, 13]
Packed weights:  [194, 130, 230, 293]
Total weight (same as total value):  847
set PYTHONPATH=C:\\Users\\jc321076\\github\\or-tools;C:\\Users\\jc321076\\github\\or-tools\\dependencies\\sources\\protobuf-3.10.0\\python && "C:\Users\jc321076\AppData\Local\Programs\Python\Python37\python.exe" ortools\\constraint_solver\\samples\\simple_cp_program.py
Number of constraints:  1
Solution 1:
 x = 0 y = 1 z = 0
Solution 2:
 x = 0 y = 1 z = 1
Solution 3:
 x = 0 y = 1 z = 2
Solution 4:
 x = 0 y = 2 z = 0
Solution 5:
 x = 0 y = 2 z = 1
Solution 6:
 x = 0 y = 2 z = 2
Solution 7:
 x = 1 y = 0 z = 0
Solution 8:
 x = 1 y = 0 z = 1
Solution 9:
 x = 1 y = 0 z = 2
Solution 10:
 x = 1 y = 2 z = 0
Solution 11:
 x = 1 y = 2 z = 1
Solution 12:
 x = 1 y = 2 z = 2
Solution 13:
 x = 2 y = 0 z = 0
Solution 14:
 x = 2 y = 0 z = 1
Solution 15:
 x = 2 y = 0 z = 2
Solution 16:
 x = 2 y = 1 z = 0
Solution 17:
 x = 2 y = 1 z = 1
Solution 18:
 x = 2 y = 1 z = 2
Number of solutions found:  18
Advanced usage:
Problem solved in  32 ms
Memory usage:  15364096 bytes
set PYTHONPATH=C:\\Users\\jc321076\\github\\or-tools;C:\\Users\\jc321076\\github\\or-tools\\dependencies\\sources\\protobuf-3.10.0\\python && "C:\Users\jc321076\AppData\Local\Programs\Python\Python37\python.exe" ortools\\constraint_solver\\samples\\simple_routing_program.py
Traceback (most recent call last):
  File "ortools\\constraint_solver\\samples\\simple_routing_program.py", line 18, in <module>
    from ortools.constraint_solver import routing_enums_pb2
  File "C:\Users\jc321076\github\or-tools\ortools\constraint_solver\..\gen\ortools\constraint_solver\routing_enums_pb2.py", line 7, in <module>
    from google.protobuf import descriptor as _descriptor
  File "C:\Users\jc321076\github\or-tools\dependencies\sources\protobuf-3.10.0\python\google\protobuf\descriptor.py", line 38, in <module>
    import six
ModuleNotFoundError: No module named 'six'
tools\make: *** [rpy_simple_routing_program] Error 1

Uhoh. Let's try downloading the most recent version of or-tools (ver ) in a different directory and try compiling there.

C:\Users\jc321076\Documents\PhD\github\Autonomous_DSVRP\or-tools>tools\make third_party
Build succeeded.
Install the project...
tools\win\wget.exe --quiet -P dependencies\\archives --no-check-certificate https://superb-dca2.dl.sourceforge.net/project/swig/swigwin/swigwin-4.0.1/swigwin-4.0.1.zip
make: *** [dependencies/archives/swigwin-4.0.1.zip] Error 4

Uh, okay. Tried to fix this error as per forum thread: https://groups.google.com/forum/#!topic/or-tools-discuss/lzMF8xqIuTc
https://sourceforge.net/projects/swig/
Downloaded swigwin-4.0.1.zip file and chucked into dependencies/archives
Rerun...

C:\Users\jc321076\Documents\PhD\github\Autonomous_DSVRP\or-tools>tools\make third_party
...
64 Warning(s)
0 Error(s)
Time Elapsed 00:04:56.56

Worked! Cool, next:

C:\Users\jc321076\Documents\PhD\github\Autonomous_DSVRP\or-tools>tools\make python
...
Microsoft (R) Incremental Linker Version 14.24.28316.0
Copyright (C) Microsoft Corporation.  All rights reserved.
   Creating library lib\\_sorted_interval_list.lib and object lib\\_sorted_interval_list.exp
LINK : /LTCG specified but no code generation required; remove /LTCG from the link command line to improve linker performance
copy lib\\_sorted_interval_list.dll ortools\\gen\\ortools\\util\\_sorted_interval_list.pyd
        1 file(s) copied.

Worked. Let's run the test.

C:\Users\jc321076\Documents\PhD\github\Autonomous_DSVRP\or-tools>tools\make test_python
set PYTHONPATH=C:\\Users\\jc321076\\Documents\\PhD\\github\\Autonomous_DSVRP\\or-tools;C:\\Users\\jc321076\\Documents\\PhD\\github\\Autonomous_DSVRP\\or-tools\\dependencies\\sources\\protobuf-3.11.2\\python && "C:\Users\jc321076\AppData\Local\Programs\Python\Python37\python.exe" ortools\\constraint_solver\\samples\\simple_routing_program.py
Traceback (most recent call last):
  File "ortools\\constraint_solver\\samples\\simple_routing_program.py", line 18, in <module>
    from ortools.constraint_solver import routing_enums_pb2
  File "C:\Users\jc321076\Documents\PhD\github\Autonomous_DSVRP\or-tools\ortools\constraint_solver\..\gen\ortools\constraint_solver\routing_enums_pb2.py", line 5, in <module>
    from google.protobuf import descriptor as _descriptor
  File "C:\Users\jc321076\Documents\PhD\github\Autonomous_DSVRP\or-tools\dependencies\sources\protobuf-3.11.2\python\google\protobuf\descriptor.py", line 38, in <module>
    import six
ModuleNotFoundError: No module named 'six'
tools\make: *** [rpy_simple_routing_program] Error 1

As a solution we install six & rerun:
C:\Users\jc321076\github\or-tools>python -m pip install six
C:\Users\jc321076\github\or-tools>tools\make test_python

Worked! We can now look into visualisation, based on this forum thread:
https://groups.google.com/forum/m/#!topic/or-tools-discuss/Cnln-OUwEK4
Which refers to this file:
https://github.com/google/or-tools/blob/master/ortools/constraint_solver/doc/routing_svg.py

At this point, we assume or-tools in both directories are equivalient.

C:\Users\jc321076\Documents\PhD\github\Autonomous_DSVRP\or-tools>python ortools/constraint_solver/doc/routing_svg.py
Traceback (most recent call last):
  File "ortools/constraint_solver/doc/routing_svg.py", line 18, in <module>
    from ortools.constraint_solver import pywrapcp
ModuleNotFoundError: No module named 'ortools'

Weird. Based on how the previous error was solved, let's try:

C:\Users\jc321076\github\or-tools>python -m pip install ortools
Collecting ortools
  Retrying (Retry(total=4, connect=None, read=None, redirect=None, status=None)) after connection broken by 'ReadTimeoutError("HTTPSConnectionPool(host='files.pythonhos
ted.org', port=443): Read timed out. (read timeout=15)")': /packages/f8/d0/7b73be8edc6f7ae3f7d4d0a33a987cc6ed5952d3435e7c20295af7b10da5/ortools-7.5.7466-cp37-cp37m-win_
amd64.whl
  Downloading https://files.pythonhosted.org/packages/f8/d0/7b73be8edc6f7ae3f7d4d0a33a987cc6ed5952d3435e7c20295af7b10da5/ortools-7.5.7466-cp37-cp37m-win_amd64.whl (25.0
  Retrying (Retry(total=4, connect=None, read=None, redirect=None, status=None)) after connection broken by 'ReadTimeoutError("HTTPSConnectionPool(host='files.pythonhos
ted.org', port=443): Read timed out. (read timeout=15)")': /packages/f8/d0/7b73be8edc6f7ae3f7d4d0a33a987cc6ed5952d3435e7c20295af7b10da5/ortools-7.5.7466-cp37-cp37m-win_
amd64.whl
  Downloading https://files.pythonhosted.org/packages/f8/d0/7b73be8edc6f7ae3f7d4d0a33a987cc6ed5952d3435e7c20295af7b10da5/ortools-7.5.7466-cp37-cp37m-win_amd64.whl (25.0
MB)
    100% |████████████████████████████████| 25.0MB 1.0MB/s
    100% |████████████████████████████████| 25.0MB 1.0MB/s
Requirement already satisfied: six>=1.10 in c:\users\jc321076\appdata\local\programs\python\python37\lib\site-packages (from ortools) (1.14.0)
Collecting protobuf>=3.11.2 (from ortools)
    100% |████████████████████████████████| 25.0MB 1.0MB/s
Requirement already satisfied: six>=1.10 in c:\users\jc321076\appdata\local\programs\python\python37\lib\site-packages (from ortools) (1.14.0)
Collecting protobuf>=3.11.2 (from ortools)
  Downloading https://files.pythonhosted.org/packages/92/30/1b7ccde09bf0c535d11f18a574ed7d7572c729a8f754fd568b297be08b61/protobuf-3.11.3-cp37-cp37m-win_amd64.whl (1.0MB
Requirement already satisfied: six>=1.10 in c:\users\jc321076\appdata\local\programs\python\python37\lib\site-packages (from ortools) (1.14.0)
Collecting protobuf>=3.11.2 (from ortools)
  Downloading https://files.pythonhosted.org/packages/92/30/1b7ccde09bf0c535d11f18a574ed7d7572c729a8f754fd568b297be08b61/protobuf-3.11.3-cp37-cp37m-win_amd64.whl (1.0MB
)
)
    100% |████████████████████████████████| 1.0MB 5.7MB/s
Requirement already satisfied: setuptools in c:\users\jc321076\appdata\local\programs\python\python37\lib\site-packages (from protobuf>=3.11.2->ortools) (40.6.2)
Installing collected packages: protobuf, ortools
Successfully installed ortools-7.5.7466 protobuf-3.11.3

Okay, so then:
C:\Users\jc321076\github\or-tools>python tests/example_routing.py
Route for vehicle 0:
 0 ->  8 ->  6 ->  2 ->  5 -> 0
Distance of the route: 1552m

Route for vehicle 1:
 0 ->  7 ->  1 ->  4 ->  3 -> 0
Distance of the route: 1552m

Route for vehicle 2:
 0 ->  9 ->  10 ->  16 ->  14 -> 0
Distance of the route: 1552m

Route for vehicle 3:
 0 ->  12 ->  11 ->  15 ->  13 -> 0
Distance of the route: 1552m

Maximum of the route distances: 1552m

Cool! That worked.
Alright, now our main guy:

C:\Users\jc321076\github\or-tools>python ortools/constraint_solver/doc/routing_svg.py
<svg xmlns:xlink="http://www.w3.org/1999/xlink" xmlns="http://www.w3.org/2000/svg" version="1.1"
width="1022.6666666666666" height="750.6666666666666" viewBox="-55.333333333333336 -55.333333333333336 1022.6666666666666 750.6666666666666">
<!-- Need this definition to make an arrow marker, from https://www.w3.org/TR/svg-markers/ -->
<defs>
  <marker id="arrow_blue" viewBox="0 0 16 16" refX="8" refY="8" markerUnits="strokeWidth" markerWidth="5" markerHeight="5" orient="auto">
    <path d="M 0 0 L 16 8 L 0 16 z" stroke="none" fill="#4285F4"/>
  </marker>
  <marker id="arrow_red" viewBox="0 0 16 16" refX="8" refY="8" markerUnits="strokeWidth" markerWidth="5" markerHeight="5" orient="auto">
    <path d="M 0 0 L 16 8 L 0 16 z" stroke="none" fill="#EA4335"/>
  </marker>
  <marker id="arrow_yellow" viewBox="0 0 16 16" refX="8" refY="8" markerUnits="strokeWidth" markerWidth="5" markerHeight="5" orient="auto">
    <path d="M 0 0 L 16 8 L 0 16 z" stroke="none" fill="#FBBC05"/>
  </marker>
  <marker id="arrow_green" viewBox="0 0 16 16" refX="8" refY="8" markerUnits="strokeWidth" markerWidth="5" markerHeight="5" orient="auto">
    <path d="M 0 0 L 16 8 L 0 16 z" stroke="none" fill="#34A853"/>
  </marker>
  <marker id="arrow_black" viewBox="0 0 16 16" refX="8" refY="8" markerUnits="strokeWidth" markerWidth="5" markerHeight="5" orient="auto">
    <path d="M 0 0 L 16 8 L 0 16 z" stroke="none" fill="#101010"/>
  </marker>
  <marker id="arrow_white" viewBox="0 0 16 16" refX="8" refY="8" markerUnits="strokeWidth" markerWidth="5" markerHeight="5" orient="auto">
    <path d="M 0 0 L 16 8 L 0 16 z" stroke="none" fill="#FFFFFF"/>
  </marker>
</defs>
<!-- Print city streets -->
<line x1="0" y1="0" x2="912" y2="0" style="stroke-width:2;stroke:#969696;fill:none"/>
<line x1="0" y1="80" x2="912" y2="80" style="stroke-width:2;stroke:#969696;fill:none"/>
<line x1="0" y1="160" x2="912" y2="160" style="stroke-width:2;stroke:#969696;fill:none"/>
<line x1="0" y1="240" x2="912" y2="240" style="stroke-width:2;stroke:#969696;fill:none"/>
<line x1="0" y1="320" x2="912" y2="320" style="stroke-width:2;stroke:#969696;fill:none"/>
<line x1="0" y1="400" x2="912" y2="400" style="stroke-width:2;stroke:#969696;fill:none"/>
<line x1="0" y1="480" x2="912" y2="480" style="stroke-width:2;stroke:#969696;fill:none"/>
<line x1="0" y1="560" x2="912" y2="560" style="stroke-width:2;stroke:#969696;fill:none"/>
<line x1="0" y1="640" x2="912" y2="640" style="stroke-width:2;stroke:#969696;fill:none"/>
<line x1="0" y1="0" x2="0" y2="640" style="stroke-width:2;stroke:#969696;fill:none"/>
<line x1="114" y1="0" x2="114" y2="640" style="stroke-width:2;stroke:#969696;fill:none"/>
<line x1="228" y1="0" x2="228" y2="640" style="stroke-width:2;stroke:#969696;fill:none"/>
<line x1="342" y1="0" x2="342" y2="640" style="stroke-width:2;stroke:#969696;fill:none"/>
<line x1="456" y1="0" x2="456" y2="640" style="stroke-width:2;stroke:#969696;fill:none"/>
<line x1="570" y1="0" x2="570" y2="640" style="stroke-width:2;stroke:#969696;fill:none"/>
<line x1="684" y1="0" x2="684" y2="640" style="stroke-width:2;stroke:#969696;fill:none"/>
<line x1="798" y1="0" x2="798" y2="640" style="stroke-width:2;stroke:#969696;fill:none"/>
<line x1="912" y1="0" x2="912" y2="640" style="stroke-width:2;stroke:#969696;fill:none"/>
<!-- Print locations -->
<circle cx="228" cy="0" r="26.666666666666668" style="stroke-width:6.666666666666667;stroke:#4285F4;fill:white"/>
<text x="228" y="0" dy="8.88888888888889" style="text-anchor:middle;font-weight:bold;font-size:26.666666666666668;stroke:none;fill:#4285F4">1</text>
<circle cx="912" cy="0" r="26.666666666666668" style="stroke-width:6.666666666666667;stroke:#4285F4;fill:white"/>
<text x="912" y="0" dy="8.88888888888889" style="text-anchor:middle;font-weight:bold;font-size:26.666666666666668;stroke:none;fill:#4285F4">2</text>
<circle cx="0" cy="80" r="26.666666666666668" style="stroke-width:6.666666666666667;stroke:#4285F4;fill:white"/>
<text x="0" y="80" dy="8.88888888888889" style="text-anchor:middle;font-weight:bold;font-size:26.666666666666668;stroke:none;fill:#4285F4">3</text>
<circle cx="114" cy="80" r="26.666666666666668" style="stroke-width:6.666666666666667;stroke:#4285F4;fill:white"/>
<text x="114" y="80" dy="8.88888888888889" style="text-anchor:middle;font-weight:bold;font-size:26.666666666666668;stroke:none;fill:#4285F4">4</text>
<circle cx="570" cy="160" r="26.666666666666668" style="stroke-width:6.666666666666667;stroke:#4285F4;fill:white"/>
<text x="570" y="160" dy="8.88888888888889" style="text-anchor:middle;font-weight:bold;font-size:26.666666666666668;stroke:none;fill:#4285F4">5</text>
<circle cx="798" cy="160" r="26.666666666666668" style="stroke-width:6.666666666666667;stroke:#4285F4;fill:white"/>
<text x="798" y="160" dy="8.88888888888889" style="text-anchor:middle;font-weight:bold;font-size:26.666666666666668;stroke:none;fill:#4285F4">6</text>
<circle cx="342" cy="240" r="26.666666666666668" style="stroke-width:6.666666666666667;stroke:#4285F4;fill:white"/>
<text x="342" y="240" dy="8.88888888888889" style="text-anchor:middle;font-weight:bold;font-size:26.666666666666668;stroke:none;fill:#4285F4">7</text>
<circle cx="684" cy="240" r="26.666666666666668" style="stroke-width:6.666666666666667;stroke:#4285F4;fill:white"/>
<text x="684" y="240" dy="8.88888888888889" style="text-anchor:middle;font-weight:bold;font-size:26.666666666666668;stroke:none;fill:#4285F4">8</text>
<circle cx="570" cy="400" r="26.666666666666668" style="stroke-width:6.666666666666667;stroke:#4285F4;fill:white"/>
<text x="570" y="400" dy="8.88888888888889" style="text-anchor:middle;font-weight:bold;font-size:26.666666666666668;stroke:none;fill:#4285F4">9</text>
<circle cx="912" cy="400" r="26.666666666666668" style="stroke-width:6.666666666666667;stroke:#4285F4;fill:white"/>
<text x="912" y="400" dy="8.88888888888889" style="text-anchor:middle;font-weight:bold;font-size:26.666666666666668;stroke:none;fill:#4285F4">10</text>
<circle cx="114" cy="480" r="26.666666666666668" style="stroke-width:6.666666666666667;stroke:#4285F4;fill:white"/>
<text x="114" y="480" dy="8.88888888888889" style="text-anchor:middle;font-weight:bold;font-size:26.666666666666668;stroke:none;fill:#4285F4">11</text>
<circle cx="228" cy="480" r="26.666666666666668" style="stroke-width:6.666666666666667;stroke:#4285F4;fill:white"/>
<text x="228" y="480" dy="8.88888888888889" style="text-anchor:middle;font-weight:bold;font-size:26.666666666666668;stroke:none;fill:#4285F4">12</text>
<text x="342" y="560" dy="8.88888888888889" style="text-anchor:middle;font-weight:bold;font-size:26.666666666666668;stroke:none;fill:#4285F4">13</text>
<text x="342" y="560" dy="8.88888888888889" style="text-anchor:middle;font-weight:bold;font-size:26.666666666666668;stroke:none;fill:#4285F4">13</text>
<circle cx="684" cy="560" r="26.666666666666668" style="stroke-width:6.666666666666667;stroke:#4285F4;fill:white"/>
<text x="684" y="560" dy="8.88888888888889" style="text-anchor:middle;font-weight:bold;font-size:26.666666666666668;stroke:none;fill:#4285F4">14</text>
<circle cx="0" cy="640" r="26.666666666666668" style="stroke-width:6.666666666666667;stroke:#4285F4;fill:white"/>
<text x="0" y="640" dy="8.88888888888889" style="text-anchor:middle;font-weight:bold;font-size:26.666666666666668;stroke:none;fill:#4285F4">15</text>
<circle cx="798" cy="640" r="26.666666666666668" style="stroke-width:6.666666666666667;stroke:#4285F4;fill:white"/>
<text x="798" y="640" dy="8.88888888888889" style="text-anchor:middle;font-weight:bold;font-size:26.666666666666668;stroke:none;fill:#4285F4">16</text>
<!-- Print depot -->
<circle cx="456" cy="320" r="26.666666666666668" style="stroke-width:6.666666666666667;stroke:#101010;fill:white"/>
<text x="684" y="560" dy="8.88888888888889" style="text-anchor:middle;font-weight:bold;font-size:26.666666666666668;stroke:none;fill:#4285F4">14</text>
<circle cx="0" cy="640" r="26.666666666666668" style="stroke-width:6.666666666666667;stroke:#4285F4;fill:white"/>
<text x="0" y="640" dy="8.88888888888889" style="text-anchor:middle;font-weight:bold;font-size:26.666666666666668;stroke:none;fill:#4285F4">15</text>
<circle cx="798" cy="640" r="26.666666666666668" style="stroke-width:6.666666666666667;stroke:#4285F4;fill:white"/>
<text x="798" y="640" dy="8.88888888888889" style="text-anchor:middle;font-weight:bold;font-size:26.666666666666668;stroke:none;fill:#4285F4">16</text>
<!-- Print depot -->
<circle cx="456" cy="320" r="26.666666666666668" style="stroke-width:6.666666666666667;stroke:#101010;fill:white"/>
<circle cx="798" cy="640" r="26.666666666666668" style="stroke-width:6.666666666666667;stroke:#4285F4;fill:white"/>
<text x="798" y="640" dy="8.88888888888889" style="text-anchor:middle;font-weight:bold;font-size:26.666666666666668;stroke:none;fill:#4285F4">16</text>
<!-- Print depot -->
<circle cx="456" cy="320" r="26.666666666666668" style="stroke-width:6.666666666666667;stroke:#101010;fill:white"/>
<!-- Print depot -->
<circle cx="456" cy="320" r="26.666666666666668" style="stroke-width:6.666666666666667;stroke:#101010;fill:white"/>
<text x="456" y="320" dy="8.88888888888889" style="text-anchor:middle;font-weight:bold;font-size:26.666666666666668;stroke:none;fill:#101010">0</text>
</svg>

</svg>
</svg>

Uhh...okay? I guess it won't show up in the terminal. Oh wait, the forum says to look at the bash script here:
https://github.com/google/or-tools/blob/master/ortools/constraint_solver/doc/generate_svg.sh
Which is for Unix...for Windows, let's do:

C:\Users\jc321076\github\or-tools>python ortools/constraint_solver/doc/routing_svg.py --vrp --solution > vrp_solution.svg

Ah. The svg files are already generated.
They show a graph if I open them up in my web browser.

> TODO But I'd prefer a .png image that I can easily put into a document.
Some options includes converting to .png via inkscape or other package, or load into latex directly, again with svg package &  inkscape.
https://superuser.com/questions/260047/batch-convert-svg-images-to-desired-size-png-or-ico

Well let's leave that for later. For now, let's modify the routing_svg.py file to solve a subset of the Weed instance.py. Modifications:

Modified customer locations and distance matrix according to 16-customer data, changed city block dimensions to 100m x 100m, customer demands to 1, and vehicle capacities to 5. The max coordinates of customer locations and city block size is directly written in SVGPrinter, so I had to manually change each number in the code. Would like to create a variable for these so it can be easily changed.
Modified line 525 to print the first arc between depot and customer; originally previous_loc_idx = 0 would not go through:
previous_loc_idx = None
for loc_idx in route:
  if previous_loc_idx is not None and previous_loc_idx != loc_idx:

C:\Users\jc321076\github\or-tools>python tests/cfvrp_routing_svg.py --capacity --solution > tests/cvrp_solution.svg

Worked. Now for the full Weed instance. We use the same parameters as Weed_instance.cc
