Trying to solve the BOPMid instance (500+ customers) with distance matrix, minimizing longest route distance.
Running into stack overflow error, so troubleshooting.
This is  a log of command line inputs and outputs.
Each subsequent program is a duplicate of the previous, with some changes.

Example program (n17) from guide  works. (https://developers.google.com/optimization/routing/vrp)
C:\Users\jc321076\github\or-tools>mingw32-make run SOURCE=example_routing.cc
...
I0211 13:53:49.637971 16996 example_routing.cc:59] Route for Vehicle 0:
I0211 13:53:49.645970 16996 example_routing.cc:69] 0 -> 8 -> 6 -> 2 -> 5 -> 0
I0211 13:53:49.645970 16996 example_routing.cc:70] Distance of the route: 1552m
I0211 13:53:49.646970 16996 example_routing.cc:59] Route for Vehicle 1:
I0211 13:53:49.647970 16996 example_routing.cc:69] 0 -> 7 -> 1 -> 4 -> 3 -> 0
I0211 13:53:49.648972 16996 example_routing.cc:70] Distance of the route: 1552m
I0211 13:53:49.649971 16996 example_routing.cc:59] Route for Vehicle 2:
I0211 13:53:49.649971 16996 example_routing.cc:69] 0 -> 9 -> 10 -> 16 -> 14 -> 0
I0211 13:53:49.650970 16996 example_routing.cc:70] Distance of the route: 1552m
I0211 13:53:49.650970 16996 example_routing.cc:59] Route for Vehicle 3:
I0211 13:53:49.651970 16996 example_routing.cc:69] 0 -> 12 -> 11 -> 15 -> 13 -> 0
I0211 13:53:49.655974 16996 example_routing.cc:70] Distance of the route: 1552m
I0211 13:53:49.656970 16996 example_routing.cc:73] Maximum of the route distances: 1552m
I0211 13:53:49.656970 16996 example_routing.cc:74]
I0211 13:53:49.657971 16996 example_routing.cc:75] Problem solved in 58ms

Weed instance (n18) works. Distance matrix has been scaled up by 100 to convert float to int. Dunno if meters though.
Distance limit scaled to 3000000 (30,000m); x100 for scale + x10 due to increased instance size.
routing.AddDimension(transit_callback_index, 0, 3000000, true, "Distance");
C:\Users\jc321076\github\or-tools>mingw32-make run SOURCE=Weed_instance_n18.cc
I0211 14:04:43.033599 14016 Weed_instance_n18.cc:44] Route for Vehicle 0:
I0211 14:04:43.036600 14016 Weed_instance_n18.cc:54] 0 -> 13 -> 14 -> 15 -> 17 -> 16 -> 0
I0211 14:04:43.037600 14016 Weed_instance_n18.cc:55] Distance of the route: 1264055m
I0211 14:04:43.038602 14016 Weed_instance_n18.cc:44] Route for Vehicle 1:
I0211 14:04:43.038602 14016 Weed_instance_n18.cc:54] 0 -> 1 -> 2 -> 0
I0211 14:04:43.039600 14016 Weed_instance_n18.cc:55] Distance of the route: 321064m
I0211 14:04:43.040602 14016 Weed_instance_n18.cc:44] Route for Vehicle 2:
I0211 14:04:43.041600 14016 Weed_instance_n18.cc:54] 0 -> 5 -> 6 -> 7 -> 4 -> 9 -> 8 -> 0
I0211 14:04:43.041600 14016 Weed_instance_n18.cc:55] Distance of the route: 1155475m
I0211 14:04:43.042601 14016 Weed_instance_n18.cc:44] Route for Vehicle 3:
I0211 14:04:43.044602 14016 Weed_instance_n18.cc:54] 0 -> 10 -> 11 -> 12 -> 3 -> 0
I0211 14:04:43.044602 14016 Weed_instance_n18.cc:55] Distance of the route: 1307669m
I0211 14:04:43.045604 14016 Weed_instance_n18.cc:58] Maximum of the route distances: 1307669m
I0211 14:04:43.049600 14016 Weed_instance_n18.cc:59]
I0211 14:04:43.050599 14016 Weed_instance_n18.cc:60] Problem solved in 69ms

Weed instance (n18) works. Distance matrix is scaled up by 100, extra step in program to scale down printed solution.
C:\Users\jc321076\github\or-tools>mingw32-make run SOURCE=Weed_instance_n18.cc
I0211 14:08:49.578526 24968 Weed_instance_n18.cc:44] Route for Vehicle 0:
I0211 14:08:49.583528 24968 Weed_instance_n18.cc:54] 0 -> 13 -> 14 -> 15 -> 17 -> 16 -> 0
I0211 14:08:49.584527 24968 Weed_instance_n18.cc:56] Distance of the route: 12640m
I0211 14:08:49.584527 24968 Weed_instance_n18.cc:44] Route for Vehicle 1:
I0211 14:08:49.586526 24968 Weed_instance_n18.cc:54] 0 -> 1 -> 2 -> 0
I0211 14:08:49.586526 24968 Weed_instance_n18.cc:56] Distance of the route: 3210m
I0211 14:08:49.587525 24968 Weed_instance_n18.cc:44] Route for Vehicle 2:
I0211 14:08:49.589529 24968 Weed_instance_n18.cc:54] 0 -> 5 -> 6 -> 7 -> 4 -> 9 -> 8 -> 0
I0211 14:08:49.590528 24968 Weed_instance_n18.cc:56] Distance of the route: 11554m
I0211 14:08:49.608528 24968 Weed_instance_n18.cc:44] Route for Vehicle 3:
I0211 14:08:49.614526 24968 Weed_instance_n18.cc:54] 0 -> 10 -> 11 -> 12 -> 3 -> 0
I0211 14:08:49.615528 24968 Weed_instance_n18.cc:56] Distance of the route: 13076m
I0211 14:08:49.615528 24968 Weed_instance_n18.cc:59] Maximum of the route distances: 13076m
I0211 14:08:49.619526 24968 Weed_instance_n18.cc:60]
I0211 14:08:49.622527 24968 Weed_instance_n18.cc:61] Problem solved in 104ms

Changed file locations to /tests folder.

Weed instance (n50) works.
C:\Users\jc321076\github\or-tools>mingw32-make run SOURCE=tests/Weed_instance_n50.cc
I0211 14:24:22.792484 16480 Weed_instance_n50.cc:76] Route for Vehicle 0:
I0211 14:24:22.794482 16480 Weed_instance_n50.cc:86] 0 -> 1 -> 2 -> 6 -> 8 -> 0
I0211 14:24:22.795482 16480 Weed_instance_n50.cc:88] Distance of the route: 11835m
I0211 14:24:22.795482 16480 Weed_instance_n50.cc:76] Route for Vehicle 1:
I0211 14:24:22.796484 16480 Weed_instance_n50.cc:86] 0 -> 5 -> 7 -> 4 -> 9 -> 10 -> 11 -> 12 -> 21 -> 22 -> 13 -> 14 -> 3 -> 0
I0211 14:24:22.797484 16480 Weed_instance_n50.cc:88] Distance of the route: 14671m
I0211 14:24:22.797484 16480 Weed_instance_n50.cc:76] Route for Vehicle 2:
I0211 14:24:22.798482 16480 Weed_instance_n50.cc:86] 0 -> 49 -> 38 -> 42 -> 43 -> 44 -> 45 -> 46 -> 48 -> 47 -> 39 -> 40 -> 41 -> 18 -> 17 -> 0
I0211 14:24:22.799481 16480 Weed_instance_n50.cc:88] Distance of the route: 14328m
I0211 14:24:22.799481 16480 Weed_instance_n50.cc:76] Route for Vehicle 3:
I0211 14:24:22.800483 16480 Weed_instance_n50.cc:86] 0 -> 37 -> 36 -> 35 -> 34 -> 29 -> 28 -> 31 -> 30 -> 33 -> 32 -> 25 -> 24 -> 23 -> 27 -> 26 -> 15 -> 20 -> 19 -> 16 -> 0
I0211 14:24:22.801484 16480 Weed_instance_n50.cc:88] Distance of the route: 14647m
I0211 14:24:22.801484 16480 Weed_instance_n50.cc:91] Maximum of the route distances: 14671m
I0211 14:24:22.802484 16480 Weed_instance_n50.cc:92]
I0211 14:24:22.803486 16480 Weed_instance_n50.cc:93] Problem solved in 266ms

Weed instance (n100) works.
C:\Users\jc321076\github\or-tools>mingw32-make run SOURCE=tests/Weed_instance_n100.cc
I0211 14:48:53.880702 22492 Weed_instance_n100.cc:126] Route for Vehicle 0:
I0211 14:48:53.883699 22492 Weed_instance_n100.cc:136] 0 -> 5 -> 6 -> 7 -> 4 -> 9 -> 8 -> 0
I0211 14:48:53.884677 22492 Weed_instance_n100.cc:138] Distance of the route: 11554m
I0211 14:48:53.885686 22492 Weed_instance_n100.cc:126] Route for Vehicle 1:
I0211 14:48:53.886677 22492 Weed_instance_n100.cc:136] 0 -> 14 -> 23 -> 24 -> 22 -> 21 -> 12 -> 11 -> 10 -> 0
I0211 14:48:53.887678 22492 Weed_instance_n100.cc:138] Distance of the route: 14336m
I0211 14:48:53.887678 22492 Weed_instance_n100.cc:126] Route for Vehicle 2:
I0211 14:48:53.888679 22492 Weed_instance_n100.cc:136] 0 -> 1 -> 2 -> 0
I0211 14:48:53.889675 22492 Weed_instance_n100.cc:138] Distance of the route: 3210m
I0211 14:48:53.890678 22492 Weed_instance_n100.cc:126] Route for Vehicle 3:
I0211 14:48:53.892676 22492 Weed_instance_n100.cc:136] 0 -> 3 -> 99 -> 45 -> 44 -> 38 -> 42 -> 43 -> 55 -> 54 -> 51 -> 56 -> 53 -> 52 -> 49 -> 50 -> 57 -> 60 -> 80 -> 61 -> 58 -> 59 -> 85 -> 64 -> 63 -> 62 -> 78 -> 70 -> 65 -> 86 -> 69 -> 68 -> 75 -> 71 -> 32 -> 66 -> 67 -> 77 -> 72 -> 25 -> 81 -> 84 -> 83 -> 76 -> 73 -> 33 -> 82 -> 87 -> 88 -> 89 -> 94 -> 90 -> 93 -> 92 -> 91 -> 97 -> 96 -> 95 -> 79 -> 98 -> 74 -> 41 -> 40 -> 39 -> 47 -> 48 -> 46 -> 37 -> 36 -> 35 -> 34 -> 29 -> 28 -> 31 -> 30 -> 27 -> 26 -> 13 -> 15 -> 20 -> 19 -> 18 -> 17 -> 16 -> 0
I0211 14:48:53.896703 22492 Weed_instance_n100.cc:138] Distance of the route: 14216m
I0211 14:48:53.897680 22492 Weed_instance_n100.cc:141] Maximum of the route distances: 14336m
I0211 14:48:53.898675 22492 Weed_instance_n100.cc:142]
I0211 14:48:53.898675 22492 Weed_instance_n100.cc:143] Problem solved in 2021ms

Weed instance (n150) works.
C:\Users\jc321076\github\or-tools>mingw32-make run SOURCE=tests/Weed_instance_n150.cc
I0215 11:29:22.096048 14896 Weed_instance_n150.cc:176] Route for Vehicle 0:
I0215 11:29:22.099020 14896 Weed_instance_n150.cc:186] 0 -> 37 -> 46 -> 47 -> 42 -> 54 -> 56 -> 58 -> 59 -> 76 -> 65 -> 70 -> 69 -> 68 -> 67 -> 66 -> 85 -> 81 -> 82 -> 78 -> 79 -> 95 -> 96 -> 97 -> 128 -> 88 -> 89 -> 94 -> 109 -> 92 -> 91 -> 108 -> 93 -> 90 -> 129 -> 31 -> 28 -> 30 -> 27 -> 26 -> 15 -> 20 -> 19 -> 16 -> 0
I0215 11:29:22.101022 14896 Weed_instance_n150.cc:188] Distance of the route: 16823m
I0215 11:29:22.102022 14896 Weed_instance_n150.cc:176] Route for Vehicle 1:
I0215 11:29:22.102022 14896 Weed_instance_n150.cc:186] 0 -> 3 -> 136 -> 130 -> 137 -> 140 -> 80 -> 139 -> 87 -> 107 -> 134 -> 135 -> 131 -> 73 -> 75 -> 106 -> 77 -> 133 -> 104 -> 105 -> 101 -> 102 -> 115 -> 112 -> 113 -> 114 -> 141 -> 142 -> 143 -> 147 -> 149 -> 148 -> 146 -> 144 -> 145 -> 103 -> 111 -> 110 -> 100 -> 99 -> 124 -> 132 -> 48 -> 44 -> 38 -> 51 -> 117 -> 116 -> 119 -> 118 -> 120 -> 52 -> 53 -> 50 -> 49 -> 0
I0215 11:29:22.103024 14896 Weed_instance_n150.cc:188] Distance of the route: 16856m
I0215 11:29:22.104023 14896 Weed_instance_n150.cc:176] Route for Vehicle 2:
I0215 11:29:22.105022 14896 Weed_instance_n150.cc:186] 0 -> 8 -> 6 -> 5 -> 7 -> 4 -> 9 -> 10 -> 11 -> 12 -> 21 -> 22 -> 24 -> 23 -> 13 -> 14 -> 0
I0215 11:29:22.105022 14896 Weed_instance_n150.cc:188] Distance of the route: 16955m
I0215 11:29:22.106021 14896 Weed_instance_n150.cc:176] Route for Vehicle 3:
I0215 11:29:22.107020 14896 Weed_instance_n150.cc:186] 0 -> 1 -> 2 -> 45 -> 98 -> 36 -> 39 -> 138 -> 43 -> 55 -> 63 -> 64 -> 25 -> 62 -> 61 -> 57 -> 60 -> 86 -> 71 -> 32 -> 126 -> 72 -> 127 -> 84 -> 83 -> 33 -> 125 -> 123 -> 121 -> 122 -> 74 -> 41 -> 40 -> 35 -> 34 -> 29 -> 18 -> 17 -> 0
I0215 11:29:22.112020 14896 Weed_instance_n150.cc:188] Distance of the route: 16483m
I0215 11:29:22.113024 14896 Weed_instance_n150.cc:191] Maximum of the route distances: 16955m
I0215 11:29:22.114024 14896 Weed_instance_n150.cc:192]
I0215 11:29:22.114024 14896 Weed_instance_n150.cc:193] Problem solved in 3447ms

Weed instance (n200) took too long (2+ hours), force terminated.
C:\Users\jc321076\github\or-tools>mingw32-make run SOURCE=tests/Weed_instance_n200.cc
bin\\Weed_instance_n200.exe
mingw32-make: *** [makefiles/Makefile.cpp.mk:306: run] Interrupt

Maybe Weed instance (n200) will work if we limit the search time. (https://developers.google.com/optimization/routing/routing_tasks)
Will try implementing time limit on Weed instance (n150) first.

Weed instance (n150) with 2 second time limit (slightly under previous search time):
searchParameters.mutable_time_limit()->set_seconds(2);
C:\Users\jc321076\github\or-tools>mingw32-make run SOURCE=tests/Weed_instance_n150.cc
I0215 11:46:43.887092 20924 Weed_instance_n150.cc:176] Route for Vehicle 0:
I0215 11:46:43.890070 20924 Weed_instance_n150.cc:186] 0 -> 119 -> 120 -> 52 -> 53 -> 50 -> 57 -> 56 -> 58 -> 59 -> 76 -> 70 -> 69 -> 68 -> 67 -> 66 -> 85 -> 81 -> 82 -> 78 -> 79 -> 95 -> 96 -> 97 -> 128 -> 88 -> 89 -> 94 -> 109 -> 92 -> 91 -> 108 -> 93 -> 90 -> 129 -> 31 -> 28 -> 30 -> 27 -> 26 -> 14 -> 15 -> 20 -> 19 -> 0
I0215 11:46:43.890070 20924 Weed_instance_n150.cc:188] Distance of the route: 17513m
I0215 11:46:43.892066 20924 Weed_instance_n150.cc:176] Route for Vehicle 1:
I0215 11:46:43.893066 20924 Weed_instance_n150.cc:186] 0 -> 3 -> 136 -> 123 -> 125 -> 130 -> 137 -> 140 -> 80 -> 139 -> 87 -> 107 -> 134 -> 135 -> 131 -> 73 -> 75 -> 106 -> 77 -> 133 -> 104 -> 105 -> 101 -> 102 -> 115 -> 112 -> 113 -> 114 -> 141 -> 142 -> 143 -> 147 -> 149 -> 148 -> 146 -> 144 -> 145 -> 103 -> 111 -> 110 -> 100 -> 99 -> 124 -> 132 -> 48 -> 44 -> 38 -> 54 -> 51 -> 117 -> 118 -> 49 -> 116 -> 0
I0215 11:46:43.893066 20924 Weed_instance_n150.cc:188] Distance of the route: 16806m
I0215 11:46:43.894070 20924 Weed_instance_n150.cc:176] Route for Vehicle 2:
I0215 11:46:43.895067 20924 Weed_instance_n150.cc:186] 0 -> 8 -> 6 -> 5 -> 7 -> 4 -> 9 -> 10 -> 11 -> 12 -> 21 -> 25 -> 24 -> 23 -> 22 -> 13 -> 0
I0215 11:46:43.895067 20924 Weed_instance_n150.cc:188] Distance of the route: 17053m
I0215 11:46:43.896067 20924 Weed_instance_n150.cc:176] Route for Vehicle 3:
I0215 11:46:43.897065 20924 Weed_instance_n150.cc:186] 0 -> 1 -> 2 -> 45 -> 98 -> 36 -> 37 -> 46 -> 47 -> 39 -> 42 -> 43 -> 55 -> 62 -> 61 -> 65 -> 60 -> 86 -> 71 -> 32 -> 126 -> 72 -> 127 -> 84 -> 83 -> 33 -> 64 -> 63 -> 138 -> 121 -> 122 -> 74 -> 41 -> 40 -> 35 -> 34 -> 29 -> 18 -> 17 -> 16 -> 0
I0215 11:46:43.898070 20924 Weed_instance_n150.cc:188] Distance of the route: 16875m
I0215 11:46:43.903110 20924 Weed_instance_n150.cc:191] Maximum of the route distances: 17513m
I0215 11:46:43.904067 20924 Weed_instance_n150.cc:192]
I0215 11:46:43.905066 20924 Weed_instance_n150.cc:193] Problem solved in 2049ms

Weed instance (n150) with 1 second time limit:
searchParameters.mutable_time_limit()->set_seconds(1);
Note that solution distance gets worse with less time, as expected.
C:\Users\jc321076\github\or-tools>mingw32-make run SOURCE=tests/Weed_instance_n150.cc
I0215 11:52:54.337947 23324 Weed_instance_n150.cc:176] Route for Vehicle 0:
I0215 11:52:54.341924 23324 Weed_instance_n150.cc:186] 0 -> 1 -> 2 -> 49 -> 119 -> 116 -> 117 -> 51 -> 54 -> 58 -> 61 -> 65 -> 70 -> 69 -> 68 -> 67 -> 66 -> 72 -> 81 -> 82 -> 78 -> 79 -> 95 -> 96 -> 97 -> 128 -> 88 -> 89 -> 93 -> 108 -> 91 -> 92 -> 109 -> 94 -> 90 -> 27 -> 30 -> 31 -> 129 -> 28 -> 18 -> 16 -> 0
I0215 11:52:54.342921 23324 Weed_instance_n150.cc:188] Distance of the route: 19385m
I0215 11:52:54.343920 23324 Weed_instance_n150.cc:176] Route for Vehicle 1:
I0215 11:52:54.343920 23324 Weed_instance_n150.cc:186] 0 -> 13 -> 14 -> 15 -> 26 -> 29 -> 34 -> 41 -> 74 -> 39 -> 47 -> 46 -> 37 -> 36 -> 35 -> 40 -> 122 -> 121 -> 123 -> 64 -> 59 -> 60 -> 25 -> 127 -> 84 -> 105 -> 104 -> 133 -> 33 -> 62 -> 55 -> 42 -> 0
I0215 11:52:54.344923 23324 Weed_instance_n150.cc:188] Distance of the route: 16759m
I0215 11:52:54.345927 23324 Weed_instance_n150.cc:176] Route for Vehicle 2:
I0215 11:52:54.346923 23324 Weed_instance_n150.cc:186] 0 -> 8 -> 6 -> 7 -> 9 -> 10 -> 11 -> 12 -> 22 -> 23 -> 76 -> 130 -> 86 -> 71 -> 85 -> 24 -> 21 -> 4 -> 5 -> 0
I0215 11:52:54.346923 23324 Weed_instance_n150.cc:188] Distance of the route: 19414m
I0215 11:52:54.347923 23324 Weed_instance_n150.cc:176] Route for Vehicle 3:
I0215 11:52:54.348923 23324 Weed_instance_n150.cc:186] 0 -> 3 -> 136 -> 138 -> 43 -> 63 -> 73 -> 137 -> 140 -> 80 -> 139 -> 87 -> 135 -> 134 -> 107 -> 131 -> 125 -> 75 -> 126 -> 32 -> 83 -> 77 -> 106 -> 102 -> 101 -> 112 -> 115 -> 113 -> 103 -> 145 -> 144 -> 146 -> 148 -> 149 -> 147 -> 143 -> 142 -> 141 -> 114 -> 111 -> 110 -> 100 -> 99 -> 124 -> 132 -> 48 -> 44 -> 38 -> 52 -> 53 -> 56 -> 57 -> 50 -> 118 -> 120 -> 45 -> 98 -> 17 -> 19 -> 20 -> 0
I0215 11:52:54.353924 23324 Weed_instance_n150.cc:188] Distance of the route: 19258m
I0215 11:52:54.354921 23324 Weed_instance_n150.cc:191] Maximum of the route distances: 19414m
I0215 11:52:54.354921 23324 Weed_instance_n150.cc:192]
I0215 11:52:54.355926 23324 Weed_instance_n150.cc:193] Problem solved in 1022ms

Now trying time limit with Weed instance (n200).

Weed instance (n200) with 30 second time limit. Compiled, Weed_instance_n200.exe stopped working, VS17 debug caught error.
C:\Users\jc321076\github\or-tools>mingw32-make run SOURCE=tests/Weed_instance_n200.cc
I0215 11:56:20.594508 27004 Weed_instance_n200.cc:226] Route for Vehicle 0:
Unhandled exception at 0x00007FF696D4A77F in Weed_instance_n200.exe: 0xC0000005: Access violation reading location 0x0000000000000010. occurred

Error might be due to max distance limit set to 3000000 (30,000m)?

Weed instance (n200) with 30 second time limit + changed distance limit from 3000000 (30,000m) to 30000000 (300,000m). Works!
C:\Users\jc321076\github\or-tools>mingw32-make run SOURCE=tests/Weed_instance_n200.cc
I0215 13:06:45.327390 15052 Weed_instance_n200.cc:226] Route for Vehicle 0:
I0215 13:06:45.330365 15052 Weed_instance_n200.cc:236] 0 -> 16 -> 17 -> 132 -> 138 -> 98 -> 36 -> 99 -> 123 -> 125 -> 78 -> 139 -> 143 -> 147 -> 148 -> 149 -> 150 -> 167 -> 165 -> 164 -> 113 -> 112 -> 83 -> 77 -> 73 -> 85 -> 60 -> 57 -> 118 -> 119 -> 0
I0215 13:06:45.332365 15052 Weed_instance_n200.cc:238] Distance of the route: 22840m
I0215 13:06:45.333369 15052 Weed_instance_n200.cc:226] Route for Vehicle 1:
I0215 13:06:45.333369 15052 Weed_instance_n200.cc:236] 0 -> 5 -> 7 -> 191 -> 171 -> 194 -> 12 -> 13 -> 14 -> 15 -> 26 -> 27 -> 30 -> 32 -> 70 -> 86 -> 133 -> 104 -> 105 -> 100 -> 110 -> 111 -> 103 -> 159 -> 158 -> 157 -> 156 -> 155 -> 154 -> 153 -> 160 -> 168 -> 163 -> 162 -> 166 -> 161 -> 152 -> 151 -> 146 -> 145 -> 144 -> 169 -> 140 -> 131 -> 130 -> 173 -> 172 -> 192 -> 21 -> 22 -> 23 -> 24 -> 25 -> 126 -> 33 -> 134 -> 87 -> 88 -> 89 -> 94 -> 93 -> 90 -> 80 -> 67 -> 76 -> 66 -> 75 -> 135 -> 137 -> 31 -> 28 -> 29 -> 34 -> 35 -> 136 -> 3 -> 0
I0215 13:06:45.334367 15052 Weed_instance_n200.cc:238] Distance of the route: 22822m
I0215 13:06:45.336408 15052 Weed_instance_n200.cc:226] Route for Vehicle 2:
I0215 13:06:45.337369 15052 Weed_instance_n200.cc:236] 0 -> 1 -> 2 -> 49 -> 50 -> 120 -> 116 -> 117 -> 51 -> 52 -> 53 -> 56 -> 58 -> 59 -> 61 -> 65 -> 69 -> 68 -> 72 -> 127 -> 84 -> 102 -> 115 -> 114 -> 142 -> 141 -> 101 -> 106 -> 107 -> 82 -> 81 -> 71 -> 62 -> 64 -> 63 -> 55 -> 54 -> 43 -> 42 -> 38 -> 0
I0215 13:06:45.337369 15052 Weed_instance_n200.cc:238] Distance of the route: 20247m
I0215 13:06:45.338371 15052 Weed_instance_n200.cc:226] Route for Vehicle 3:
I0215 13:06:45.343367 15052 Weed_instance_n200.cc:236] 0 -> 20 -> 19 -> 18 -> 37 -> 46 -> 45 -> 44 -> 48 -> 47 -> 39 -> 121 -> 122 -> 40 -> 41 -> 74 -> 124 -> 129 -> 79 -> 95 -> 96 -> 97 -> 91 -> 108 -> 92 -> 109 -> 128 -> 176 -> 181 -> 180 -> 179 -> 178 -> 182 -> 175 -> 183 -> 177 -> 188 -> 190 -> 189 -> 187 -> 185 -> 186 -> 197 -> 174 -> 199 -> 11 -> 193 -> 184 -> 198 -> 10 -> 9 -> 4 -> 195 -> 6 -> 196 -> 170 -> 8 -> 0
I0215 13:06:45.344365 15052 Weed_instance_n200.cc:238] Distance of the route: 21807m
I0215 13:06:45.344365 15052 Weed_instance_n200.cc:241] Maximum of the route distances: 22840m
I0215 13:06:45.345368 15052 Weed_instance_n200.cc:242]
I0215 13:06:45.346370 15052 Weed_instance_n200.cc:243] Problem solved in 12140ms

Weed instance (n200) no time limit + 30000000 (300,000m) distance limit.
C:\Users\jc321076\github\or-tools>mingw32-make run SOURCE=tests/Weed_instance_n200.cc
I0215 13:09:43.210459 26024 Weed_instance_n200.cc:226] Route for Vehicle 0:
I0215 13:09:43.213462 26024 Weed_instance_n200.cc:236] 0 -> 16 -> 17 -> 132 -> 138 -> 98 -> 36 -> 99 -> 123 -> 125 -> 78 -> 139 -> 143 -> 147 -> 148 -> 149 -> 150 -> 167 -> 165 -> 164 -> 113 -> 112 -> 83 -> 77 -> 73 -> 85 -> 60 -> 57 -> 118 -> 119 -> 0
I0215 13:09:43.215464 26024 Weed_instance_n200.cc:238] Distance of the route: 22840m
I0215 13:09:43.215464 26024 Weed_instance_n200.cc:226] Route for Vehicle 1:
I0215 13:09:43.216466 26024 Weed_instance_n200.cc:236] 0 -> 5 -> 7 -> 191 -> 171 -> 194 -> 12 -> 13 -> 14 -> 15 -> 26 -> 27 -> 30 -> 32 -> 70 -> 86 -> 133 -> 104 -> 105 -> 100 -> 110 -> 111 -> 103 -> 159 -> 158 -> 157 -> 156 -> 155 -> 154 -> 153 -> 160 -> 168 -> 163 -> 162 -> 166 -> 161 -> 152 -> 151 -> 146 -> 145 -> 144 -> 169 -> 140 -> 131 -> 130 -> 173 -> 172 -> 192 -> 21 -> 22 -> 23 -> 24 -> 25 -> 126 -> 33 -> 134 -> 87 -> 88 -> 89 -> 94 -> 93 -> 90 -> 80 -> 67 -> 76 -> 66 -> 75 -> 135 -> 137 -> 31 -> 28 -> 29 -> 34 -> 35 -> 136 -> 3 -> 0
I0215 13:09:43.217463 26024 Weed_instance_n200.cc:238] Distance of the route: 22822m
I0215 13:09:43.218466 26024 Weed_instance_n200.cc:226] Route for Vehicle 2:
I0215 13:09:43.218466 26024 Weed_instance_n200.cc:236] 0 -> 1 -> 2 -> 49 -> 50 -> 120 -> 116 -> 117 -> 51 -> 52 -> 53 -> 56 -> 58 -> 59 -> 61 -> 65 -> 69 -> 68 -> 72 -> 127 -> 84 -> 102 -> 115 -> 114 -> 142 -> 141 -> 101 -> 106 -> 107 -> 82 -> 81 -> 71 -> 62 -> 64 -> 63 -> 55 -> 54 -> 43 -> 42 -> 38 -> 0
I0215 13:09:43.219467 26024 Weed_instance_n200.cc:238] Distance of the route: 20247m
I0215 13:09:43.220468 26024 Weed_instance_n200.cc:226] Route for Vehicle 3:
I0215 13:09:43.221472 26024 Weed_instance_n200.cc:236] 0 -> 20 -> 19 -> 18 -> 37 -> 46 -> 45 -> 44 -> 48 -> 47 -> 39 -> 121 -> 122 -> 40 -> 41 -> 74 -> 124 -> 129 -> 79 -> 95 -> 96 -> 97 -> 91 -> 108 -> 92 -> 109 -> 128 -> 176 -> 181 -> 180 -> 179 -> 178 -> 182 -> 175 -> 183 -> 177 -> 188 -> 190 -> 189 -> 187 -> 185 -> 186 -> 197 -> 174 -> 199 -> 11 -> 193 -> 184 -> 198 -> 10 -> 9 -> 4 -> 195 -> 6 -> 196 -> 170 -> 8 -> 0
I0215 13:09:43.226469 26024 Weed_instance_n200.cc:238] Distance of the route: 21807m
I0215 13:09:43.227471 26024 Weed_instance_n200.cc:241] Maximum of the route distances: 22840m
I0215 13:09:43.227471 26024 Weed_instance_n200.cc:242]
I0215 13:09:43.228473 26024 Weed_instance_n200.cc:243] Problem solved in 11985ms

Now that n200 works, continue increasing Weed instance size.

Weed instance (n300) works.
C:\Users\jc321076\github\or-tools>mingw32-make run SOURCE=tests/Weed_instance_n300.cc
I0215 13:23:32.315667 19188 Weed_instance_n300.cc:326] Route for Vehicle 0:
I0215 13:23:32.319697 19188 Weed_instance_n300.cc:336] 0 -> 285 -> 296 -> 295 -> 292 -> 283 -> 277 -> 278 -> 279 -> 280 -> 282 -> 281 -> 288 -> 289 -> 286 -> 287 -> 271 -> 256 -> 257 -> 258 -> 259 -> 2 -> 0
I0215 13:23:32.320704 19188 Weed_instance_n300.cc:338] Distance of the route: 24200m
I0215 13:23:32.321669 19188 Weed_instance_n300.cc:326] Route for Vehicle 1:
I0215 13:23:32.322700 19188 Weed_instance_n300.cc:336] 0 -> 3 -> 216 -> 214 -> 222 -> 175 -> 190 -> 189 -> 187 -> 185 -> 162 -> 163 -> 168 -> 153 -> 154 -> 155 -> 156 -> 157 -> 158 -> 159 -> 160 -> 148 -> 149 -> 150 -> 167 -> 161 -> 165 -> 147 -> 152 -> 151 -> 146 -> 145 -> 144 -> 169 -> 140 -> 86 -> 106 -> 80 -> 64 -> 77 -> 70 -> 65 -> 131 -> 60 -> 57 -> 50 -> 118 -> 119 -> 116 -> 38 -> 44 -> 48 -> 47 -> 39 -> 132 -> 40 -> 41 -> 217 -> 0
I0215 13:23:32.323669 19188 Weed_instance_n300.cc:338] Distance of the route: 24091m
I0215 13:23:32.323669 19188 Weed_instance_n300.cc:326] Route for Vehicle 2:
I0215 13:23:32.324671 19188 Weed_instance_n300.cc:336] 0 -> 1 -> 212 -> 213 -> 204 -> 205 -> 211 -> 210 -> 209 -> 208 -> 207 -> 206 -> 51 -> 117 -> 120 -> 52 -> 53 -> 56 -> 58 -> 59 -> 61 -> 62 -> 63 -> 202 -> 49 -> 255 -> 254 -> 166 -> 164 -> 143 -> 103 -> 115 -> 112 -> 113 -> 114 -> 141 -> 142 -> 219 -> 102 -> 101 -> 100 -> 111 -> 110 -> 99 -> 122 -> 121 -> 123 -> 124 -> 74 -> 129 -> 28 -> 26 -> 27 -> 23 -> 22 -> 24 -> 250 -> 247 -> 201 -> 239 -> 8 -> 237 -> 238 -> 9 -> 236 -> 235 -> 234 -> 233 -> 130 -> 176 -> 181 -> 179 -> 178 -> 182 -> 183 -> 177 -> 188 -> 186 -> 224 -> 225 -> 221 -> 220 -> 13 -> 14 -> 15 -> 20 -> 19 -> 16 -> 203 -> 0
I0215 13:23:32.325696 19188 Weed_instance_n300.cc:338] Distance of the route: 24034m
I0215 13:23:32.325696 19188 Weed_instance_n300.cc:326] Route for Vehicle 3:
I0215 13:23:32.326669 19188 Weed_instance_n300.cc:336] 0 -> 249 -> 31 -> 30 -> 32 -> 125 -> 25 -> 69 -> 68 -> 67 -> 66 -> 85 -> 71 -> 81 -> 82 -> 87 -> 88 -> 89 -> 94 -> 109 -> 92 -> 97 -> 218 -> 43 -> 55 -> 54 -> 42 -> 138 -> 98 -> 17 -> 18 -> 29 -> 34 -> 35 -> 36 -> 37 -> 46 -> 45 -> 136 -> 105 -> 104 -> 133 -> 137 -> 135 -> 134 -> 107 -> 84 -> 83 -> 75 -> 139 -> 33 -> 72 -> 127 -> 126 -> 76 -> 73 -> 78 -> 79 -> 95 -> 96 -> 91 -> 108 -> 93 -> 90 -> 223 -> 215 -> 252 -> 180 -> 226 -> 229 -> 227 -> 7 -> 228 -> 172 -> 230 -> 10 -> 191 -> 4 -> 192 -> 171 -> 194 -> 193 -> 195 -> 170 -> 199 -> 198 -> 200 -> 196 -> 197 -> 5 -> 231 -> 232 -> 248 -> 128 -> 253 -> 251 -> 174 -> 244 -> 184 -> 246 -> 6 -> 242 -> 173 -> 240 -> 241 -> 21 -> 245 -> 12 -> 243 -> 11 -> 297 -> 298 -> 299 -> 267 -> 268 -> 269 -> 266 -> 265 -> 264 -> 262 -> 260 -> 272 -> 263 -> 261 -> 275 -> 273 -> 274 -> 276 -> 291 -> 290 -> 270 -> 294 -> 284 -> 293 -> 0
I0215 13:23:32.327672 19188 Weed_instance_n300.cc:338] Distance of the route: 23999m
I0215 13:23:32.333667 19188 Weed_instance_n300.cc:341] Maximum of the route distances: 24200m
I0215 13:23:32.334667 19188 Weed_instance_n300.cc:342]
I0215 13:23:32.334667 19188 Weed_instance_n300.cc:343] Problem solved in 41344ms

Weed instance (n400). Compiled, Weed_instance_n400.exe stopped working, VS17 debug caught error.
C:\Users\jc321076\github\or-tools>mingw32-make run SOURCE=tests/Weed_instance_n400.cc
Unhandled exception at 0x00007FF6242F5BF8 in Weed_instance_n400.exe: 0xC00000FD: Stack overflow (parameters: 0x0000000000000001, 0x000000AE4BE53000). occurred

Stack overflow error, so search tree might be too broad? Trying a time limit.

Weed instance (n400) with 30 second time limit. Compiled, Weed_instance_n400.exe stopped working, VS17 debug caught error.
C:\Users\jc321076\github\or-tools>mingw32-make run SOURCE=tests/Weed_instance_n400.cc
Unhandled exception at 0x00007FF6761E5C18 in Weed_instance_n400.exe: 0xC00000FD: Stack overflow (parameters: 0x0000000000000001, 0x00000071A4603000). occurred

Weed instance (n400) with 5 second time limit. Compiled, Weed_instance_n400.exe stopped working, VS17 debug caught error.
C:\Users\jc321076\github\or-tools>mingw32-make run SOURCE=tests/Weed_instance_n400.cc
Unhandled exception at 0x00007FF6ECFD5C18 in Weed_instance_n400.exe: 0xC00000FD: Stack overflow (parameters: 0x0000000000000001, 0x000000B2EA253000). occurred

Weed instance (n400) with 1 second time limit.
Compiled, Weed_instance_n400.exe stopped working just as bin\Weed_instance_n400.exe is triggered, VS17 debug caught error.
C:\Users\jc321076\github\or-tools>mingw32-make run SOURCE=tests/Weed_instance_n400.cc
Unhandled exception at 0x00007FF64E9C5C18 in Weed_instance_n400.exe: 0xC00000FD: Stack overflow (parameters: 0x0000000000000001, 0x0000000643803000). occurred

Seeing how error called just as bin\Weed_instance_n400.exe is trigger, may not be a time limit issue. Try solution limit.

Weed instance (n400) with no time limit + 100 solution limit. (https://developers.google.com/optimization/routing/routing_tasks)
searchParameters.set_solution_limit(100);
Compiled, Weed_instance_n400.exe stopped working, VS17 debug caught error.
C:\Users\jc321076\github\or-tools>mingw32-make run SOURCE=tests/Weed_instance_n400.cc
Unhandled exception at 0x00007FF6D3F05C08 in Weed_instance_n400.exe: 0xC00000FD: Stack overflow (parameters: 0x0000000000000001, 0x0000001BC3E03000). occurred

Weed instance (n400) with 1 solution limit.
searchParameters.set_solution_limit(1);
Compiled, Weed_instance_n400.exe stopped working, VS17 debug caught error.
C:\Users\jc321076\github\or-tools>mingw32-make run SOURCE=tests/Weed_instance_n400.cc
Unhandled exception at 0x00007FF6E7C55C08 in Weed_instance_n400.exe: 0xC00000FD: Stack overflow (parameters: 0x0000000000000001, 0x0000005C5EEB3000). occurred

Solution limit not effective. Test solution limit on known working instance first.

Weed instance (n300) with 500 solution limit, works.
C:\Users\jc321076\github\or-tools>mingw32-make run SOURCE=tests/Weed_instance_n300.cc
I0215 13:51:07.758955  9808 Weed_instance_n300.cc:326] Route for Vehicle 0:
I0215 13:51:07.762953  9808 Weed_instance_n300.cc:336] 0 -> 3 -> 43 -> 54 -> 51 -> 117 -> 120 -> 38 -> 48 -> 46 -> 136 -> 74 -> 123 -> 64 -> 137 -> 70 -> 69 -> 68 -> 127 -> 82 -> 80 -> 79 -> 176 -> 179 -> 182 -> 180 -> 181 -> 178 -> 185 -> 208 -> 205 -> 211 -> 210 -> 209 -> 299 -> 286 -> 284 -> 288 -> 273 -> 274 -> 275 -> 263 -> 272 -> 2 -> 0
I0215 13:51:07.763988  9808 Weed_instance_n300.cc:338] Distance of the route: 81275m
I0215 13:51:07.764959  9808 Weed_instance_n300.cc:326] Route for Vehicle 1:
I0215 13:51:07.764959  9808 Weed_instance_n300.cc:336] 0 -> 41 -> 40 -> 121 -> 122 -> 129 -> 73 -> 33 -> 72 -> 86 -> 139 -> 155 -> 157 -> 158 -> 154 -> 153 -> 168 -> 163 -> 162 -> 141 -> 114 -> 100 -> 105 -> 106 -> 77 -> 67 -> 66 -> 119 -> 116 -> 37 -> 35 -> 34 -> 27 -> 24 -> 22 -> 13 -> 14 -> 29 -> 0
I0215 13:51:07.765952  9808 Weed_instance_n300.cc:338] Distance of the route: 39959m
I0215 13:51:07.766960  9808 Weed_instance_n300.cc:326] Route for Vehicle 2:
I0215 13:51:07.767959  9808 Weed_instance_n300.cc:336] 0 -> 45 -> 44 -> 62 -> 81 -> 134 -> 135 -> 104 -> 101 -> 102 -> 112 -> 113 -> 164 -> 143 -> 150 -> 147 -> 165 -> 84 -> 65 -> 60 -> 57 -> 52 -> 118 -> 49 -> 0
I0215 13:51:07.767959  9808 Weed_instance_n300.cc:338] Distance of the route: 28410m
I0215 13:51:07.768956  9808 Weed_instance_n300.cc:326] Route for Vehicle 3:
I0215 13:51:07.769985  9808 Weed_instance_n300.cc:336] 0 -> 276 -> 295 -> 270 -> 285 -> 271 -> 287 -> 1 -> 212 -> 204 -> 213 -> 207 -> 206 -> 142 -> 202 -> 138 -> 249 -> 97 -> 128 -> 214 -> 226 -> 188 -> 222 -> 183 -> 175 -> 184 -> 251 -> 174 -> 246 -> 25 -> 242 -> 173 -> 239 -> 241 -> 21 -> 238 -> 12 -> 231 -> 11 -> 297 -> 298 -> 261 -> 260 -> 262 -> 264 -> 265 -> 266 -> 256 -> 259 -> 255 -> 254 -> 166 -> 161 -> 167 -> 149 -> 148 -> 152 -> 151 -> 146 -> 145 -> 103 -> 159 -> 156 -> 160 -> 144 -> 169 -> 140 -> 87 -> 133 -> 78 -> 126 -> 76 -> 125 -> 75 -> 107 -> 32 -> 83 -> 115 -> 111 -> 110 -> 99 -> 124 -> 98 -> 47 -> 55 -> 58 -> 59 -> 131 -> 61 -> 85 -> 71 -> 219 -> 42 -> 39 -> 132 -> 36 -> 216 -> 18 -> 17 -> 203 -> 16 -> 217 -> 19 -> 20 -> 15 -> 26 -> 28 -> 31 -> 30 -> 23 -> 252 -> 88 -> 89 -> 94 -> 90 -> 93 -> 109 -> 92 -> 108 -> 91 -> 96 -> 95 -> 218 -> 221 -> 220 -> 177 -> 223 -> 186 -> 187 -> 189 -> 190 -> 191 -> 10 -> 230 -> 7 -> 228 -> 6 -> 227 -> 5 -> 199 -> 198 -> 193 -> 195 -> 4 -> 194 -> 170 -> 197 -> 172 -> 196 -> 200 -> 171 -> 192 -> 215 -> 224 -> 225 -> 229 -> 232 -> 248 -> 244 -> 243 -> 240 -> 8 -> 237 -> 9 -> 236 -> 235 -> 233 -> 234 -> 201 -> 245 -> 247 -> 250 -> 253 -> 130 -> 63 -> 56 -> 53 -> 50 -> 258 -> 257 -> 269 -> 268 -> 267 -> 289 -> 281 -> 282 -> 280 -> 279 -> 278 -> 277 -> 283 -> 291 -> 290 -> 296 -> 294 -> 292 -> 293 -> 0
I0215 13:51:07.770957  9808 Weed_instance_n300.cc:338] Distance of the route: 96814m
I0215 13:51:07.776958  9808 Weed_instance_n300.cc:341] Maximum of the route distances: 96814m
I0215 13:51:07.778959  9808 Weed_instance_n300.cc:342]
I0215 13:51:07.779953  9808 Weed_instance_n300.cc:343] Problem solved in 2861ms

Note that solution-limited results for n300 has a much larger max route distance, but the problem was solved in less time. Solution limit works as it should.

Weed instance (n400) with no time limit, 1 solution limit + changed distance limit from 30000000 (300,000m) to 300000000 (3,000,000m)
Compiled, Weed_instance_n400.exe stopped working, VS17 debug caught error.
C:\Users\jc321076\github\or-tools>mingw32-make run SOURCE=tests/Weed_instance_n400.cc
Unhandled exception at 0x00007FF7EEF55C08 in Weed_instance_n400.exe: 0xC00000FD: Stack overflow (parameters: 0x0000000000000001, 0x0000002168EB3000). occurred

Debugging using LOG(INFO) statements (print). "Reached" prints out fine until this line in VrpGlobalSpan():
// Instantiate the data problem.
DataModel data;
// Create Routing Index Manager
RoutingIndexManager manager(data.distance_matrix.size(), data.num_vehicles,
                            data.depot);

LOG(INFO) << "Reached";

It seems that loading the distance matrix into the index manager is a problem.

Variables to investigate:
global span?
number of vehicles?

Weed instance (n400) as before + changed global span from 100 to 1000.
routing.GetMutableDimension("Distance")->SetGlobalSpanCostCoefficient(1000);
Compiled, Weed_instance_n400.exe stopped working, VS17 debug caught error.
C:\Users\jc321076\github\or-tools>mingw32-make run SOURCE=tests/Weed_instance_n400.cc
Unhandled exception at 0x00007FF610065C48 in Weed_instance_n400.exe: 0xC00000FD: Stack overflow (parameters: 0x0000000000000001, 0x000000CDFEA03000). occurred

Weed instance (n400) with 1 solution limit, 300000000 (3,000,000m) distance limit, 100 global span + changed number of vehicles from 4 to 10.
const int num_vehicles = 10;
Compiled, Weed_instance_n400.exe stopped working, VS17 debug caught error.
C:\Users\jc321076\github\or-tools>mingw32-make run SOURCE=tests/Weed_instance_n400.cc
Unhandled exception at 0x00007FF6DD585C48 in Weed_instance_n400.exe: 0xC00000FD: Stack overflow (parameters: 0x0000000000000001, 0x0000003B9A003000). occurred

Note that line 401 in Weed_instance_n400.cc, the 391th row in the distance matrix with only 0s as elements.
Could this be causing the issue?

Weed instance (n390) with 1 solution limit, 300000000 (3,000,000m) distance limit, 100 global span, 4 vehicles.
Compiled, Weed_instance_n390.exe stopped working, VS17 debug caught error.
C:\Users\jc321076\github\or-tools>mingw32-make run SOURCE=tests/Weed_instance_n390.cc
Unhandled exception at 0x00007FF75A20E638 in Weed_instance_n390.exe: 0xC00000FD: Stack overflow (parameters: 0x0000000000000001, 0x000000FF82AC3000). occurred

Maybe not.
Let's find the upper limit of customers before stack overflow gets thrown.

Weed instance (n350) with 1 solution limit, 300000000 (3,000,000m) distance limit, 100 global span, 4 vehicles. Works.
C:\Users\jc321076\github\or-tools>mingw32-make run SOURCE=tests/Weed_instance_n350.cc
I0218 10:34:30.411653 21080 Weed_instance_n350.cc:405] Rearched
I0218 10:34:30.446646 21080 Weed_instance_n350.cc:376] Route for Vehicle 0:
I0218 10:34:30.446646 21080 Weed_instance_n350.cc:386] 0 -> 0
I0218 10:34:30.449645 21080 Weed_instance_n350.cc:388] Distance of the route: 0m
I0218 10:34:30.450647 21080 Weed_instance_n350.cc:376] Route for Vehicle 1:
I0218 10:34:30.451645 21080 Weed_instance_n350.cc:386] 0 -> 0
I0218 10:34:30.454646 21080 Weed_instance_n350.cc:388] Distance of the route: 0m
I0218 10:34:30.457645 21080 Weed_instance_n350.cc:376] Route for Vehicle 2:
I0218 10:34:30.461650 21080 Weed_instance_n350.cc:386] 0 -> 0
I0218 10:34:30.462653 21080 Weed_instance_n350.cc:388] Distance of the route: 0m
I0218 10:34:30.463652 21080 Weed_instance_n350.cc:376] Route for Vehicle 3:
I0218 10:34:30.464653 21080 Weed_instance_n350.cc:386] 0 -> 302 -> 271 -> 293 -> 301 -> 295 -> 276 -> 294 -> 270 -> 292 -> 291 -> 290 -> 284 -> 285 -> 1 -> 287 -> 286 -> 289 -> 288 -> 281 -> 282 -> 280 -> 279 -> 278 -> 277 -> 283 -> 296 -> 297 -> 11 -> 298 -> 299 -> 300 -> 303 -> 137 -> 249 -> 138 -> 219 -> 142 -> 206 -> 141 -> 202 -> 135 -> 131 -> 218 -> 136 -> 217 -> 132 -> 216 -> 130 -> 253 -> 128 -> 252 -> 215 -> 250 -> 214 -> 226 -> 188 -> 224 -> 186 -> 349 -> 200 -> 348 -> 197 -> 347 -> 196 -> 346 -> 192 -> 345 -> 344 -> 343 -> 342 -> 341 -> 337 -> 332 -> 194 -> 336 -> 193 -> 334 -> 191 -> 333 -> 330 -> 329 -> 327 -> 328 -> 331 -> 339 -> 338 -> 340 -> 335 -> 326 -> 168 -> 150 -> 167 -> 149 -> 148 -> 147 -> 152 -> 151 -> 146 -> 145 -> 103 -> 159 -> 158 -> 157 -> 156 -> 155 -> 154 -> 153 -> 160 -> 144 -> 169 -> 140 -> 254 -> 166 -> 161 -> 165 -> 162 -> 163 -> 209 -> 210 -> 211 -> 205 -> 204 -> 213 -> 212 -> 207 -> 208 -> 203 -> 129 -> 31 -> 28 -> 29 -> 34 -> 35 -> 99 -> 124 -> 98 -> 123 -> 121 -> 122 -> 74 -> 41 -> 40 -> 39 -> 47 -> 48 -> 46 -> 45 -> 44 -> 38 -> 42 -> 43 -> 55 -> 54 -> 51 -> 117 -> 120 -> 118 -> 119 -> 116 -> 52 -> 53 -> 56 -> 58 -> 59 -> 87 -> 223 -> 183 -> 222 -> 180 -> 220 -> 177 -> 182 -> 175 -> 179 -> 178 -> 181 -> 176 -> 184 -> 251 -> 201 -> 247 -> 174 -> 246 -> 172 -> 245 -> 171 -> 244 -> 170 -> 243 -> 25 -> 242 -> 173 -> 241 -> 21 -> 238 -> 12 -> 231 -> 10 -> 230 -> 7 -> 228 -> 6 -> 227 -> 5 -> 199 -> 4 -> 198 -> 195 -> 190 -> 189 -> 187 -> 185 -> 164 -> 143 -> 113 -> 114 -> 112 -> 115 -> 102 -> 101 -> 100 -> 110 -> 111 -> 105 -> 104 -> 133 -> 86 -> 139 -> 85 -> 134 -> 80 -> 127 -> 78 -> 126 -> 77 -> 125 -> 76 -> 107 -> 75 -> 106 -> 33 -> 83 -> 32 -> 82 -> 81 -> 71 -> 70 -> 65 -> 69 -> 68 -> 67 -> 66 -> 72 -> 84 -> 73 -> 62 -> 61 -> 60 -> 57 -> 50 -> 49 -> 64 -> 63 -> 37 -> 36 -> 18 -> 17 -> 16 -> 19 -> 20 -> 15 -> 14 -> 13 -> 27 -> 26 -> 30 -> 23 -> 24 -> 22 -> 88 -> 89 -> 94 -> 93 -> 109 -> 92 -> 91 -> 108 -> 90 -> 79 -> 95 -> 96 -> 97 -> 9 -> 240 -> 8 -> 239 -> 237 -> 236 -> 235 -> 234 -> 233 -> 232 -> 248 -> 229 -> 225 -> 221 -> 305 -> 257 -> 256 -> 258 -> 259 -> 306 -> 307 -> 255 -> 2 -> 3 -> 269 -> 268 -> 266 -> 265 -> 264 -> 262 -> 260 -> 263 -> 261 -> 272 -> 275 -> 273 -> 274 -> 267 -> 304 -> 311 -> 313 -> 312 -> 310 -> 315 -> 316 -> 317 -> 318 -> 319 -> 320 -> 321 -> 322 -> 323 -> 325 -> 324 -> 314 -> 309 -> 308 -> 0
I0218 10:34:30.465652 21080 Weed_instance_n350.cc:388] Distance of the route: 217812m
I0218 10:34:30.466655 21080 Weed_instance_n350.cc:391] Maximum of the route distances: 217812m
I0218 10:34:30.466655 21080 Weed_instance_n350.cc:392]
I0218 10:34:30.467658 21080 Weed_instance_n350.cc:393] Problem solved in 44ms

Weed instance (n380) with 100 solution limit, 300000000 (3,000,000m) distance limit, 100 global span, 4 vehicles.
Compiled, Weed_instance_n380.exe stopped working, VS17 debug caught error.
C:\Users\jc321076\github\or-tools>mingw32-make run SOURCE=tests/Weed_instance_n380.cc
Unhandled exception at 0x00007FF650957978 in Weed_instance_n380.exe: 0xC00000FD: Stack overflow (parameters: 0x0000000000000001, 0x00000024B0403000). occurred

Weed instance (n360) with 100 solution limit, 300000000 (3,000,000m) distance limit, 100 global span, 4 vehicles.
Compiled, Weed_instance_n360.exe stopped working, VS17 debug caught error.
C:\Users\jc321076\github\or-tools>mingw32-make run SOURCE=tests/Weed_instance_n360.cc
Unhandled exception at 0x00007FF65851BC28 in Weed_instance_n360.exe: 0xC00000FD: Stack overflow (parameters: 0x0000000000000001, 0x000000EBA4A93000). occurred

Weed instance (n360) with 1 solution limit, 300000000 (3,000,000m) distance limit, 100 global span, 4 vehicles.
Compiled, Weed_instance_n360.exe stopped working, VS17 debug caught error.
C:\Users\jc321076\github\or-tools>mingw32-make run SOURCE=tests/Weed_instance_n360.cc
Unhandled exception at 0x00007FF75642BC28 in Weed_instance_n360.exe: 0xC00000FD: Stack overflow (parameters: 0x0000000000000001, 0x0000006D8FA33000).

Weed instance (n357) with 1 solution limit, 300000000 (3,000,000m) distance limit, 100 global span, 4 vehicles.
Compiled, Weed_instance_n400.exe stopped working, VS17 debug caught error.
C:\Users\jc321076\github\or-tools>mingw32-make run SOURCE=tests/Weed_instance_n357.cc
Unhandled exception at 0x00007FF654BE5628 in Weed_instance_n357.exe: 0xC00000FD: Stack overflow (parameters: 0x0000000000000001, 0x000000AE1FE03000). occurred

The assigned distance matrix is too big for the assigned stack size.
A temporary work around is to increase the stack size for the executable.
editbin.exe (found in path C:\Program Files (x86)\Microsoft Visual Studio 14.0\VC\bin>) edits executables.

C:\Users\jc321076\github\or-tools>editbin C:\Users\jc321076\github\or-tools\bin\Weed_instance_n357.exe /STACK:16777216
Microsoft (R) COFF/PE Editor Version 14.16.27035.0
Copyright (C) Microsoft Corporation.  All rights reserved.
C:\Users\jc321076\github\or-tools>C:\Users\jc321076\github\or-tools\bin\Weed_instance_n357.exe
WARNING: Logging before InitGoogleLogging() is written to STDERR
I0221 11:32:57.297757 18528 Weed_instance_n357.cc:405] Reached
I0221 11:32:57.304755 18528 Weed_instance_n357.cc:414] Not Reached
I0221 11:32:57.328794 18528 Weed_instance_n357.cc:383] Route for Vehicle 0:
I0221 11:32:57.328794 18528 Weed_instance_n357.cc:393] 0 -> 284 -> 0
I0221 11:32:57.328794 18528 Weed_instance_n357.cc:395] Distance of the route: 54328m
I0221 11:32:57.329797 18528 Weed_instance_n357.cc:383] Route for Vehicle 1:
I0221 11:32:57.329797 18528 Weed_instance_n357.cc:393] 0 -> 0
I0221 11:32:57.329797 18528 Weed_instance_n357.cc:395] Distance of the route: 0m
I0221 11:32:57.329797 18528 Weed_instance_n357.cc:383] Route for Vehicle 2:
I0221 11:32:57.329797 18528 Weed_instance_n357.cc:393] 0 -> 0
I0221 11:32:57.329797 18528 Weed_instance_n357.cc:395] Distance of the route: 0m
I0221 11:32:57.329797 18528 Weed_instance_n357.cc:383] Route for Vehicle 3:
I0221 11:32:57.329797 18528 Weed_instance_n357.cc:393] 0 -> 302 -> 271 -> 293 -> 301 -> 295 -> 276 -> 294 -> 270 -> 292 -> 291 -> 290 -> 285 -> 1 -> 287 -> 286 -> 289 -> 288 -> 281 -> 282 -> 280 -> 279 -> 278 -> 277 -> 283 -> 296 -> 297 -> 11 -> 298 -> 299 -> 300 -> 303 -> 137 -> 249 -> 356 -> 253 -> 130 -> 252 -> 215 -> 250 -> 214 -> 226 -> 188 -> 224 -> 186 -> 355 -> 200 -> 354 -> 197 -> 350 -> 196 -> 349 -> 192 -> 348 -> 351 -> 346 -> 347 -> 340 -> 345 -> 344 -> 343 -> 342 -> 341 -> 337 -> 332 -> 194 -> 336 -> 193 -> 334 -> 191 -> 333 -> 330 -> 329 -> 327 -> 328 -> 331 -> 339 -> 338 -> 335 -> 326 -> 168 -> 150 -> 167 -> 149 -> 148 -> 147 -> 152 -> 151 -> 146 -> 145 -> 103 -> 219 -> 142 -> 206 -> 141 -> 202 -> 138 -> 218 -> 136 -> 217 -> 132 -> 216 -> 131 -> 203 -> 129 -> 31 -> 28 -> 29 -> 34 -> 35 -> 99 -> 128 -> 251 -> 201 -> 247 -> 184 -> 246 -> 174 -> 245 -> 172 -> 244 -> 171 -> 243 -> 170 -> 242 -> 173 -> 241 -> 25 -> 238 -> 21 -> 231 -> 12 -> 230 -> 10 -> 228 -> 7 -> 227 -> 6 -> 199 -> 5 -> 198 -> 4 -> 195 -> 190 -> 189 -> 187 -> 185 -> 177 -> 223 -> 183 -> 222 -> 180 -> 220 -> 175 -> 182 -> 179 -> 178 -> 181 -> 176 -> 97 -> 96 -> 95 -> 98 -> 124 -> 74 -> 41 -> 40 -> 39 -> 47 -> 48 -> 46 -> 45 -> 44 -> 38 -> 42 -> 43 -> 55 -> 54 -> 51 -> 117 -> 120 -> 118 -> 119 -> 116 -> 52 -> 53 -> 56 -> 58 -> 59 -> 87 -> 140 -> 254 -> 166 -> 161 -> 165 -> 162 -> 163 -> 352 -> 353 -> 209 -> 210 -> 211 -> 205 -> 204 -> 213 -> 212 -> 207 -> 208 -> 221 -> 225 -> 229 -> 232 -> 248 -> 240 -> 9 -> 239 -> 8 -> 237 -> 236 -> 235 -> 234 -> 233 -> 164 -> 143 -> 144 -> 169 -> 139 -> 86 -> 135 -> 85 -> 134 -> 80 -> 133 -> 78 -> 127 -> 77 -> 126 -> 76 -> 125 -> 75 -> 107 -> 33 -> 106 -> 32 -> 83 -> 84 -> 104 -> 105 -> 101 -> 102 -> 115 -> 112 -> 113 -> 114 -> 111 -> 110 -> 100 -> 79 -> 91 -> 92 -> 108 -> 93 -> 109 -> 94 -> 89 -> 88 -> 90 -> 24 -> 23 -> 22 -> 13 -> 14 -> 15 -> 20 -> 19 -> 18 -> 17 -> 16 -> 37 -> 36 -> 121 -> 123 -> 122 -> 63 -> 64 -> 62 -> 61 -> 65 -> 70 -> 69 -> 68 -> 67 -> 66 -> 72 -> 81 -> 82 -> 71 -> 73 -> 60 -> 57 -> 50 -> 49 -> 26 -> 27 -> 30 -> 3 -> 2 -> 255 -> 307 -> 306 -> 259 -> 258 -> 257 -> 256 -> 269 -> 268 -> 266 -> 265 -> 264 -> 262 -> 260 -> 263 -> 261 -> 272 -> 275 -> 273 -> 274 -> 267 -> 305 -> 159 -> 158 -> 157 -> 156 -> 155 -> 154 -> 153 -> 160 -> 324 -> 325 -> 322 -> 323 -> 321 -> 320 -> 319 -> 318 -> 317 -> 316 -> 315 -> 314 -> 309 -> 308 -> 313 -> 311 -> 312 -> 310 -> 304 -> 0
I0221 11:32:57.330794 18528 Weed_instance_n357.cc:395] Distance of the route: 201323m
I0221 11:32:57.330794 18528 Weed_instance_n357.cc:398] Maximum of the route distances: 201323m
I0221 11:32:57.330794 18528 Weed_instance_n357.cc:399]
I0221 11:32:57.330794 18528 Weed_instance_n357.cc:400] Problem solved in 24ms

Weed instance (n400), with 4 vehicles, 100 solution limit works.
C:\Users\jc321076\github\or-tools>mingw32-make run SOURCE=tests/Weed_instance_n400.cc
mingw32-make: *** [makefiles/Makefile.cpp.mk:306: run] Error -1073741571
C:\Users\jc321076\github\or-tools>editbin C:\Users\jc321076\github\or-tools\bin\Weed_instance_n400.exe /STACK:16777216
Microsoft (R) COFF/PE Editor Version 14.16.27035.0
Copyright (C) Microsoft Corporation.  All rights reserved.
C:\Users\jc321076\github\or-tools>mingw32-make run SOURCE=tests/Weed_instance_n400.cc
I0221 13:22:59.014436 21992 Weed_instance_n400.cc:455] Rearched
I0221 13:22:59.447001 21992 Weed_instance_n400.cc:426] Route for Vehicle 0:
I0221 13:22:59.447479 21992 Weed_instance_n400.cc:436] 0 -> 267 -> 273 -> 274 -> 272 -> 261 -> 3 -> 255 -> 256 -> 305 -> 159 -> 157 -> 158 -> 160 -> 164 -> 144 -> 49 -> 88 -> 109 -> 92 -> 30 -> 97 -> 129 -> 27 -> 13 -> 29 -> 122 -> 123 -> 63 -> 73 -> 52 -> 116 -> 119 -> 54 -> 55 -> 43 -> 38 -> 45 -> 48 -> 46 -> 37 -> 36 -> 35 -> 40 -> 41 -> 74 -> 124 -> 105 -> 84 -> 66 -> 67 -> 68 -> 69 -> 65 -> 70 -> 71 -> 81 -> 82 -> 110 -> 100 -> 101 -> 102 -> 115 -> 112 -> 113 -> 114 -> 141 -> 162 -> 163 -> 168 -> 167 -> 21 -> 165 -> 161 -> 300 -> 287 -> 296 -> 283 -> 282 -> 285 -> 284 -> 310 -> 313 -> 316 -> 391 -> 373 -> 389 -> 205 -> 211 -> 342 -> 344 -> 345 -> 347 -> 346 -> 351 -> 328 -> 327 -> 331 -> 332 -> 0
I0221 13:22:59.449481 21992 Weed_instance_n400.cc:438] Distance of the route: 222770m
I0221 13:22:59.450981 21992 Weed_instance_n400.cc:426] Route for Vehicle 1:
I0221 13:22:59.451493 21992 Weed_instance_n400.cc:436] 0 -> 2 -> 0
I0221 13:22:59.452482 21992 Weed_instance_n400.cc:438] Distance of the route: 2514m
I0221 13:22:59.452981 21992 Weed_instance_n400.cc:426] Route for Vehicle 2:
I0221 13:22:59.453486 21992 Weed_instance_n400.cc:436] 0 -> 0
I0221 13:22:59.454490 21992 Weed_instance_n400.cc:438] Distance of the route: 0m
I0221 13:22:59.454988 21992 Weed_instance_n400.cc:426] Route for Vehicle 3:
I0221 13:22:59.455986 21992 Weed_instance_n400.cc:436] 0 -> 390 -> 399 -> 365 -> 398 -> 364 -> 397 -> 363 -> 396 -> 362 -> 395 -> 361 -> 394 -> 360 -> 393 -> 253 -> 392 -> 252 -> 388 -> 251 -> 387 -> 250 -> 386 -> 249 -> 385 -> 248 -> 384 -> 275 -> 380 -> 247 -> 383 -> 246 -> 382 -> 245 -> 381 -> 244 -> 379 -> 243 -> 377 -> 242 -> 376 -> 241 -> 375 -> 234 -> 356 -> 366 -> 307 -> 357 -> 359 -> 335 -> 326 -> 333 -> 194 -> 336 -> 193 -> 334 -> 191 -> 330 -> 329 -> 338 -> 200 -> 355 -> 197 -> 354 -> 196 -> 350 -> 192 -> 349 -> 186 -> 348 -> 340 -> 343 -> 341 -> 337 -> 339 -> 353 -> 352 -> 209 -> 210 -> 204 -> 213 -> 212 -> 1 -> 302 -> 271 -> 293 -> 301 -> 295 -> 276 -> 294 -> 270 -> 292 -> 291 -> 290 -> 288 -> 289 -> 281 -> 280 -> 279 -> 278 -> 277 -> 286 -> 297 -> 11 -> 298 -> 299 -> 303 -> 137 -> 218 -> 138 -> 219 -> 378 -> 228 -> 372 -> 229 -> 370 -> 371 -> 374 -> 367 -> 368 -> 227 -> 369 -> 226 -> 215 -> 224 -> 214 -> 223 -> 188 -> 222 -> 183 -> 220 -> 180 -> 130 -> 240 -> 201 -> 239 -> 173 -> 238 -> 184 -> 231 -> 174 -> 230 -> 172 -> 199 -> 171 -> 198 -> 170 -> 195 -> 128 -> 237 -> 9 -> 236 -> 8 -> 6 -> 5 -> 7 -> 4 -> 10 -> 12 -> 22 -> 23 -> 24 -> 25 -> 140 -> 254 -> 166 -> 147 -> 148 -> 149 -> 150 -> 152 -> 151 -> 146 -> 145 -> 103 -> 206 -> 142 -> 202 -> 111 -> 99 -> 217 -> 136 -> 216 -> 132 -> 203 -> 131 -> 139 -> 87 -> 135 -> 86 -> 134 -> 85 -> 133 -> 80 -> 127 -> 78 -> 126 -> 77 -> 125 -> 76 -> 107 -> 75 -> 106 -> 33 -> 83 -> 32 -> 72 -> 104 -> 98 -> 47 -> 44 -> 42 -> 51 -> 117 -> 120 -> 118 -> 53 -> 56 -> 58 -> 59 -> 61 -> 62 -> 64 -> 121 -> 39 -> 34 -> 18 -> 17 -> 16 -> 19 -> 20 -> 15 -> 14 -> 26 -> 28 -> 31 -> 79 -> 95 -> 96 -> 91 -> 108 -> 93 -> 94 -> 89 -> 90 -> 60 -> 57 -> 50 -> 169 -> 143 -> 153 -> 154 -> 155 -> 156 -> 257 -> 258 -> 259 -> 306 -> 269 -> 268 -> 266 -> 265 -> 264 -> 262 -> 260 -> 263 -> 304 -> 311 -> 312 -> 315 -> 317 -> 318 -> 319 -> 320 -> 321 -> 322 -> 323 -> 325 -> 324 -> 358 -> 208 -> 207 -> 185 -> 187 -> 189 -> 190 -> 175 -> 182 -> 177 -> 179 -> 178 -> 181 -> 176 -> 221 -> 225 -> 232 -> 235 -> 233 -> 314 -> 309 -> 308 -> 0
I0221 13:22:59.456986 21992 Weed_instance_n400.cc:438] Distance of the route: 204993m
I0221 13:22:59.457486 21992 Weed_instance_n400.cc:441] Maximum of the route distances: 222770m
I0221 13:22:59.465032 21992 Weed_instance_n400.cc:442]
I0221 13:22:59.466003 21992 Weed_instance_n400.cc:443] Problem solved in 447ms

Weed instance (n500), with 4 vehicles, 100 solution limit works.
C:\Users\jc321076\github\or-tools>mingw32-make run SOURCE=tests/Weed_instance_n500.cc
C:\Users\jc321076\github\or-tools>editbin C:\Users\jc321076\github\or-tools\bin\Weed_instance_n500.exe /STACK:16777216
C:\Users\jc321076\github\or-tools>bin\Weed_instance_n500.exe
I0221 13:57:29.276645 22336 Weed_instance_n500.cc:555] Rearched
I0221 13:57:29.788715 22336 Weed_instance_n500.cc:526] Route for Vehicle 0:
I0221 13:57:29.788715 22336 Weed_instance_n500.cc:536] 0 -> 27 -> 13 -> 29 -> 129 -> 122 -> 123 -> 64 -> 49 -> 57 -> 60 -> 72 -> 66 -> 69 -> 65 -> 82 -> 73 -> 52 -> 116 -> 119 -> 54 -> 55 -> 43 -> 38 -> 45 -> 48 -> 46 -> 37 -> 36 -> 35 -> 40 -> 41 -> 74 -> 124 -> 104 -> 88 -> 109 -> 92 -> 173 -> 176 -> 180 -> 181 -> 178 -> 177 -> 182 -> 175 -> 190 -> 208 -> 110 -> 100 -> 101 -> 102 -> 115 -> 112 -> 113 -> 114 -> 141 -> 162 -> 163 -> 168 -> 167 -> 306 -> 300 -> 287 -> 296 -> 283 -> 282 -> 285 -> 284 -> 165 -> 161 -> 205 -> 211 -> 342 -> 344 -> 345 -> 347 -> 346 -> 351 -> 328 -> 327 -> 331 -> 332 -> 326 -> 352 -> 384 -> 374 -> 379 -> 380 -> 376 -> 377 -> 385 -> 394 -> 485 -> 484 -> 487 -> 483 -> 426 -> 132 -> 216 -> 0
I0221 13:57:29.790716 22336 Weed_instance_n500.cc:538] Distance of the route: 202767m
I0221 13:57:29.791218 22336 Weed_instance_n500.cc:526] Route for Vehicle 1:
I0221 13:57:29.793215 22336 Weed_instance_n500.cc:536] 0 -> 0
I0221 13:57:29.793716 22336 Weed_instance_n500.cc:538] Distance of the route: 0m
I0221 13:57:29.794714 22336 Weed_instance_n500.cc:526] Route for Vehicle 2:
I0221 13:57:29.795214 22336 Weed_instance_n500.cc:536] 0 -> 0
I0221 13:57:29.795717 22336 Weed_instance_n500.cc:538] Distance of the route: 0m
I0221 13:57:29.796713 22336 Weed_instance_n500.cc:526] Route for Vehicle 3:
I0221 13:57:29.797717 22336 Weed_instance_n500.cc:536] 0 -> 469 -> 499 -> 478 -> 498 -> 477 -> 497 -> 476 -> 496 -> 465 -> 495 -> 464 -> 494 -> 463 -> 493 -> 456 -> 492 -> 420 -> 491 -> 390 -> 490 -> 365 -> 489 -> 364 -> 488 -> 363 -> 473 -> 425 -> 472 -> 362 -> 471 -> 361 -> 470 -> 360 -> 468 -> 388 -> 482 -> 387 -> 467 -> 386 -> 466 -> 383 -> 449 -> 382 -> 448 -> 381 -> 443 -> 373 -> 442 -> 371 -> 441 -> 370 -> 440 -> 276 -> 439 -> 274 -> 430 -> 273 -> 429 -> 253 -> 462 -> 252 -> 461 -> 251 -> 460 -> 250 -> 459 -> 249 -> 458 -> 248 -> 457 -> 247 -> 455 -> 246 -> 454 -> 245 -> 453 -> 244 -> 452 -> 243 -> 451 -> 242 -> 450 -> 275 -> 427 -> 241 -> 447 -> 240 -> 446 -> 239 -> 445 -> 238 -> 444 -> 237 -> 438 -> 236 -> 437 -> 235 -> 436 -> 234 -> 435 -> 233 -> 434 -> 414 -> 415 -> 424 -> 423 -> 413 -> 417 -> 416 -> 412 -> 401 -> 396 -> 393 -> 397 -> 399 -> 400 -> 398 -> 406 -> 407 -> 411 -> 410 -> 409 -> 408 -> 431 -> 432 -> 433 -> 422 -> 421 -> 419 -> 418 -> 428 -> 479 -> 480 -> 481 -> 486 -> 395 -> 392 -> 232 -> 375 -> 372 -> 229 -> 368 -> 228 -> 475 -> 227 -> 474 -> 226 -> 378 -> 225 -> 369 -> 224 -> 357 -> 359 -> 335 -> 333 -> 194 -> 336 -> 193 -> 334 -> 191 -> 330 -> 329 -> 338 -> 200 -> 355 -> 197 -> 354 -> 196 -> 350 -> 192 -> 349 -> 186 -> 348 -> 340 -> 343 -> 341 -> 337 -> 339 -> 353 -> 209 -> 210 -> 204 -> 213 -> 212 -> 1 -> 302 -> 271 -> 293 -> 301 -> 295 -> 270 -> 294 -> 292 -> 291 -> 290 -> 288 -> 289 -> 281 -> 280 -> 279 -> 278 -> 277 -> 286 -> 297 -> 11 -> 298 -> 299 -> 303 -> 137 -> 218 -> 138 -> 219 -> 356 -> 366 -> 307 -> 255 -> 254 -> 166 -> 147 -> 148 -> 149 -> 150 -> 152 -> 151 -> 146 -> 145 -> 103 -> 206 -> 142 -> 202 -> 111 -> 99 -> 217 -> 136 -> 203 -> 131 -> 140 -> 87 -> 223 -> 215 -> 222 -> 214 -> 220 -> 188 -> 130 -> 231 -> 201 -> 230 -> 184 -> 199 -> 174 -> 198 -> 172 -> 195 -> 171 -> 128 -> 221 -> 207 -> 185 -> 187 -> 189 -> 183 -> 179 -> 91 -> 108 -> 93 -> 94 -> 89 -> 90 -> 80 -> 139 -> 86 -> 135 -> 85 -> 134 -> 78 -> 133 -> 77 -> 127 -> 76 -> 126 -> 75 -> 125 -> 33 -> 107 -> 32 -> 106 -> 25 -> 83 -> 84 -> 105 -> 98 -> 47 -> 44 -> 42 -> 51 -> 117 -> 120 -> 118 -> 53 -> 56 -> 58 -> 59 -> 61 -> 62 -> 81 -> 71 -> 70 -> 68 -> 67 -> 50 -> 63 -> 121 -> 39 -> 34 -> 18 -> 17 -> 16 -> 19 -> 20 -> 15 -> 14 -> 26 -> 28 -> 31 -> 30 -> 23 -> 24 -> 22 -> 21 -> 12 -> 10 -> 9 -> 4 -> 7 -> 5 -> 6 -> 170 -> 8 -> 3 -> 2 -> 259 -> 258 -> 257 -> 256 -> 269 -> 268 -> 266 -> 265 -> 264 -> 262 -> 260 -> 263 -> 261 -> 272 -> 267 -> 305 -> 159 -> 158 -> 157 -> 156 -> 155 -> 154 -> 153 -> 160 -> 144 -> 169 -> 143 -> 164 -> 95 -> 96 -> 97 -> 79 -> 358 -> 367 -> 389 -> 405 -> 403 -> 402 -> 404 -> 391 -> 321 -> 322 -> 323 -> 320 -> 319 -> 325 -> 324 -> 318 -> 317 -> 316 -> 315 -> 314 -> 309 -> 308 -> 313 -> 311 -> 312 -> 310 -> 304 -> 0
I0221 13:57:29.798214 22336 Weed_instance_n500.cc:538] Distance of the route: 202452m
I0221 13:57:29.799214 22336 Weed_instance_n500.cc:541] Maximum of the route distances: 202767m
I0221 13:57:29.806213 22336 Weed_instance_n500.cc:542]
I0221 13:57:29.807224 22336 Weed_instance_n500.cc:543] Problem solved in 526ms

Full Weed instance (n600+), with 4 vehicles, 100 solution limit works.
C:\Users\jc321076\github\or-tools>mingw32-make run SOURCE=tests/Weed_instance.cc
C:\Users\jc321076\github\or-tools>editbin C:\Users\jc321076\github\or-tools\bin\Weed_instance.exe /STACK:16777216
C:\Users\jc321076\github\or-tools>bin\Weed_instance.exe
I0221 14:10:43.889992  9128 Weed_instance.cc:673] Route for Vehicle 0:
I0221 14:10:43.893996  9128 Weed_instance.cc:683] 0 -> 29 -> 122 -> 123 -> 63 -> 73 -> 52 -> 116 -> 119 -> 54 -> 55 -> 43 -> 38 -> 45 -> 48 -> 46 -> 37 -> 36 -> 35 -> 40 -> 41 -> 74 -> 124 -> 105 -> 84 -> 66 -> 67 -> 68 -> 69 -> 65 -> 70 -> 71 -> 81 -> 111 -> 100 -> 114 -> 164 -> 143 -> 169 -> 153 -> 158 -> 163 -> 162 -> 205 -> 211 -> 352 -> 353 -> 600 -> 272 -> 261 -> 542 -> 306 -> 257 -> 39 -> 565 -> 167 -> 166 -> 161 -> 548 -> 209 -> 207 -> 351 -> 349 -> 515 -> 375 -> 374 -> 376 -> 379 -> 380 -> 427 -> 418 -> 447 -> 432 -> 310 -> 311 -> 523 -> 518 -> 521 -> 522 -> 534 -> 406 -> 433 -> 438 -> 435 -> 444 -> 446 -> 445 -> 434 -> 414 -> 415 -> 424 -> 423 -> 455 -> 483 -> 484 -> 525 -> 531 -> 613 -> 614 -> 203 -> 0
I0221 14:10:43.895493  9128 Weed_instance.cc:685] Distance of the route: 204008m
I0221 14:10:43.896499  9128 Weed_instance.cc:673] Route for Vehicle 1:
I0221 14:10:43.897994  9128 Weed_instance.cc:683] 0 -> 0
I0221 14:10:43.897994  9128 Weed_instance.cc:685] Distance of the route: 0m
I0221 14:10:43.898998  9128 Weed_instance.cc:673] Route for Vehicle 2:
I0221 14:10:43.900494  9128 Weed_instance.cc:683] 0 -> 0
I0221 14:10:43.901494  9128 Weed_instance.cc:685] Distance of the route: 0m
I0221 14:10:43.904495  9128 Weed_instance.cc:673] Route for Vehicle 3:
I0221 14:10:43.905997  9128 Weed_instance.cc:683] 0 -> 644 -> 634 -> 645 -> 633 -> 643 -> 628 -> 642 -> 627 -> 641 -> 626 -> 636 -> 624 -> 632 -> 623 -> 631 -> 588 -> 630 -> 587 -> 629 -> 586 -> 625 -> 553 -> 646 -> 585 -> 617 -> 512 -> 640 -> 584 -> 619 -> 580 -> 618 -> 583 -> 539 -> 608 -> 607 -> 639 -> 478 -> 638 -> 477 -> 637 -> 469 -> 635 -> 465 -> 622 -> 487 -> 533 -> 464 -> 621 -> 463 -> 620 -> 536 -> 574 -> 595 -> 511 -> 596 -> 609 -> 592 -> 510 -> 606 -> 456 -> 616 -> 461 -> 594 -> 509 -> 591 -> 508 -> 590 -> 506 -> 589 -> 505 -> 569 -> 551 -> 568 -> 420 -> 615 -> 390 -> 321 -> 200 -> 357 -> 610 -> 559 -> 601 -> 558 -> 546 -> 564 -> 336 -> 563 -> 334 -> 561 -> 333 -> 593 -> 385 -> 605 -> 392 -> 476 -> 547 -> 157 -> 361 -> 504 -> 365 -> 503 -> 364 -> 502 -> 363 -> 501 -> 362 -> 500 -> 360 -> 499 -> 253 -> 498 -> 252 -> 567 -> 250 -> 497 -> 314 -> 496 -> 303 -> 493 -> 251 -> 495 -> 249 -> 492 -> 248 -> 491 -> 247 -> 490 -> 246 -> 489 -> 245 -> 488 -> 532 -> 524 -> 526 -> 527 -> 573 -> 529 -> 528 -> 530 -> 485 -> 486 -> 481 -> 482 -> 612 -> 468 -> 388 -> 467 -> 387 -> 466 -> 386 -> 449 -> 383 -> 448 -> 382 -> 443 -> 381 -> 442 -> 373 -> 441 -> 371 -> 440 -> 370 -> 599 -> 513 -> 598 -> 475 -> 597 -> 474 -> 538 -> 582 -> 604 -> 581 -> 603 -> 579 -> 602 -> 578 -> 356 -> 577 -> 535 -> 520 -> 519 -> 494 -> 507 -> 451 -> 244 -> 473 -> 425 -> 472 -> 243 -> 471 -> 242 -> 556 -> 335 -> 557 -> 328 -> 555 -> 327 -> 554 -> 326 -> 330 -> 194 -> 332 -> 193 -> 331 -> 191 -> 313 -> 312 -> 315 -> 197 -> 355 -> 196 -> 354 -> 192 -> 350 -> 186 -> 348 -> 346 -> 537 -> 517 -> 218 -> 514 -> 217 -> 138 -> 566 -> 142 -> 576 -> 212 -> 575 -> 206 -> 141 -> 219 -> 378 -> 228 -> 372 -> 229 -> 368 -> 227 -> 369 -> 226 -> 215 -> 224 -> 214 -> 223 -> 188 -> 222 -> 183 -> 220 -> 180 -> 130 -> 137 -> 216 -> 136 -> 132 -> 202 -> 135 -> 131 -> 140 -> 254 -> 543 -> 544 -> 165 -> 147 -> 148 -> 149 -> 150 -> 168 -> 366 -> 307 -> 255 -> 259 -> 359 -> 258 -> 256 -> 269 -> 268 -> 266 -> 265 -> 264 -> 262 -> 260 -> 263 -> 275 -> 450 -> 241 -> 552 -> 240 -> 550 -> 239 -> 470 -> 238 -> 462 -> 237 -> 460 -> 236 -> 459 -> 235 -> 458 -> 234 -> 457 -> 233 -> 439 -> 276 -> 430 -> 274 -> 429 -> 273 -> 428 -> 436 -> 437 -> 409 -> 410 -> 411 -> 407 -> 408 -> 431 -> 422 -> 421 -> 419 -> 426 -> 384 -> 232 -> 377 -> 367 -> 516 -> 358 -> 210 -> 204 -> 213 -> 208 -> 152 -> 151 -> 146 -> 145 -> 103 -> 159 -> 156 -> 155 -> 154 -> 160 -> 144 -> 545 -> 113 -> 112 -> 115 -> 102 -> 101 -> 110 -> 99 -> 128 -> 562 -> 201 -> 560 -> 184 -> 231 -> 174 -> 230 -> 172 -> 199 -> 171 -> 198 -> 170 -> 195 -> 25 -> 139 -> 87 -> 134 -> 86 -> 133 -> 85 -> 127 -> 80 -> 126 -> 78 -> 125 -> 77 -> 107 -> 76 -> 106 -> 75 -> 83 -> 33 -> 82 -> 32 -> 72 -> 104 -> 98 -> 47 -> 44 -> 42 -> 51 -> 117 -> 120 -> 118 -> 53 -> 56 -> 58 -> 59 -> 61 -> 62 -> 64 -> 121 -> 34 -> 18 -> 17 -> 16 -> 19 -> 20 -> 15 -> 14 -> 13 -> 27 -> 26 -> 28 -> 31 -> 129 -> 30 -> 23 -> 24 -> 22 -> 21 -> 12 -> 11 -> 298 -> 297 -> 299 -> 300 -> 611 -> 302 -> 271 -> 540 -> 270 -> 295 -> 301 -> 294 -> 292 -> 293 -> 1 -> 287 -> 286 -> 289 -> 288 -> 281 -> 282 -> 280 -> 279 -> 278 -> 277 -> 284 -> 285 -> 291 -> 290 -> 283 -> 541 -> 296 -> 304 -> 309 -> 308 -> 316 -> 317 -> 318 -> 319 -> 320 -> 322 -> 323 -> 325 -> 324 -> 342 -> 343 -> 344 -> 345 -> 340 -> 347 -> 337 -> 338 -> 339 -> 329 -> 341 -> 391 -> 393 -> 397 -> 399 -> 400 -> 398 -> 396 -> 401 -> 412 -> 416 -> 417 -> 413 -> 404 -> 405 -> 403 -> 402 -> 395 -> 394 -> 452 -> 454 -> 453 -> 479 -> 480 -> 389 -> 570 -> 571 -> 572 -> 225 -> 221 -> 185 -> 187 -> 189 -> 190 -> 175 -> 182 -> 177 -> 179 -> 178 -> 181 -> 176 -> 549 -> 9 -> 10 -> 4 -> 7 -> 5 -> 6 -> 8 -> 3 -> 2 -> 49 -> 50 -> 57 -> 60 -> 95 -> 96 -> 97 -> 91 -> 92 -> 108 -> 93 -> 109 -> 94 -> 89 -> 88 -> 90 -> 79 -> 173 -> 305 -> 267 -> 0
I0221 14:10:43.907996  9128 Weed_instance.cc:685] Distance of the route: 247437m
I0221 14:10:43.909494  9128 Weed_instance.cc:688] Maximum of the route distances: 247437m
I0221 14:10:43.909993  9128 Weed_instance.cc:689]
I0221 14:10:43.912005  9128 Weed_instance.cc:690] Problem solved in 813ms

We did it!!!!!!

Ideally, however, we would:
A. Increase stack size during linking (can easily do in Unix?)
B. Load static distance matrix so it won't be stored in stack in the first place.
