Trying to solve the BOPMid instance (500+ customers) with distance matrix, minimizing longest route distance.
Running into stack overflow error, so troubleshooting.
This is  a log of command line inputs and outputs.
Each subsequent program is a duplicate of the previous, with some changes.

Example program (n17) from guide  works. (https://developers.google.com/optimization/routing/vrp)
C:\Users\jc321076\github\or-tools>mingw32-make run SOURCE=example_routing.cc
...
I0211 13:53:49.637971 16996 example_routing.cc:59] Route for Vehicle 0:
I0211 13:53:49.645970 16996 example_routing.cc:69] 0 -> 8 -> 6 -> 2 -> 5 -> 0
I0211 13:53:49.645970 16996 example_routing.cc:70] Distance of the route: 1552m
I0211 13:53:49.646970 16996 example_routing.cc:59] Route for Vehicle 1:
I0211 13:53:49.647970 16996 example_routing.cc:69] 0 -> 7 -> 1 -> 4 -> 3 -> 0
I0211 13:53:49.648972 16996 example_routing.cc:70] Distance of the route: 1552m
I0211 13:53:49.649971 16996 example_routing.cc:59] Route for Vehicle 2:
I0211 13:53:49.649971 16996 example_routing.cc:69] 0 -> 9 -> 10 -> 16 -> 14 -> 0
I0211 13:53:49.650970 16996 example_routing.cc:70] Distance of the route: 1552m
I0211 13:53:49.650970 16996 example_routing.cc:59] Route for Vehicle 3:
I0211 13:53:49.651970 16996 example_routing.cc:69] 0 -> 12 -> 11 -> 15 -> 13 -> 0
I0211 13:53:49.655974 16996 example_routing.cc:70] Distance of the route: 1552m
I0211 13:53:49.656970 16996 example_routing.cc:73] Maximum of the route distances: 1552m
I0211 13:53:49.656970 16996 example_routing.cc:74]
I0211 13:53:49.657971 16996 example_routing.cc:75] Problem solved in 58ms

Weed instance (n18) works. Distance matrix has been scaled up by 100 to convert float to int. Dunno if meters though.
Distance limit scaled to 3000000 (30,000m); x100 for scale + x10 due to increased instance size.
routing.AddDimension(transit_callback_index, 0, 3000000, true, "Distance");
C:\Users\jc321076\github\or-tools>mingw32-make run SOURCE=Weed_instance_n18.cc
I0211 14:04:43.033599 14016 Weed_instance_n18.cc:44] Route for Vehicle 0:
I0211 14:04:43.036600 14016 Weed_instance_n18.cc:54] 0 -> 13 -> 14 -> 15 -> 17 -> 16 -> 0
I0211 14:04:43.037600 14016 Weed_instance_n18.cc:55] Distance of the route: 1264055m
I0211 14:04:43.038602 14016 Weed_instance_n18.cc:44] Route for Vehicle 1:
I0211 14:04:43.038602 14016 Weed_instance_n18.cc:54] 0 -> 1 -> 2 -> 0
I0211 14:04:43.039600 14016 Weed_instance_n18.cc:55] Distance of the route: 321064m
I0211 14:04:43.040602 14016 Weed_instance_n18.cc:44] Route for Vehicle 2:
I0211 14:04:43.041600 14016 Weed_instance_n18.cc:54] 0 -> 5 -> 6 -> 7 -> 4 -> 9 -> 8 -> 0
I0211 14:04:43.041600 14016 Weed_instance_n18.cc:55] Distance of the route: 1155475m
I0211 14:04:43.042601 14016 Weed_instance_n18.cc:44] Route for Vehicle 3:
I0211 14:04:43.044602 14016 Weed_instance_n18.cc:54] 0 -> 10 -> 11 -> 12 -> 3 -> 0
I0211 14:04:43.044602 14016 Weed_instance_n18.cc:55] Distance of the route: 1307669m
I0211 14:04:43.045604 14016 Weed_instance_n18.cc:58] Maximum of the route distances: 1307669m
I0211 14:04:43.049600 14016 Weed_instance_n18.cc:59]
I0211 14:04:43.050599 14016 Weed_instance_n18.cc:60] Problem solved in 69ms

Weed instance (n18) works. Distance matrix is scaled up by 100, extra step in program to scale down printed solution.
C:\Users\jc321076\github\or-tools>mingw32-make run SOURCE=Weed_instance_n18.cc
I0211 14:08:49.578526 24968 Weed_instance_n18.cc:44] Route for Vehicle 0:
I0211 14:08:49.583528 24968 Weed_instance_n18.cc:54] 0 -> 13 -> 14 -> 15 -> 17 -> 16 -> 0
I0211 14:08:49.584527 24968 Weed_instance_n18.cc:56] Distance of the route: 12640m
I0211 14:08:49.584527 24968 Weed_instance_n18.cc:44] Route for Vehicle 1:
I0211 14:08:49.586526 24968 Weed_instance_n18.cc:54] 0 -> 1 -> 2 -> 0
I0211 14:08:49.586526 24968 Weed_instance_n18.cc:56] Distance of the route: 3210m
I0211 14:08:49.587525 24968 Weed_instance_n18.cc:44] Route for Vehicle 2:
I0211 14:08:49.589529 24968 Weed_instance_n18.cc:54] 0 -> 5 -> 6 -> 7 -> 4 -> 9 -> 8 -> 0
I0211 14:08:49.590528 24968 Weed_instance_n18.cc:56] Distance of the route: 11554m
I0211 14:08:49.608528 24968 Weed_instance_n18.cc:44] Route for Vehicle 3:
I0211 14:08:49.614526 24968 Weed_instance_n18.cc:54] 0 -> 10 -> 11 -> 12 -> 3 -> 0
I0211 14:08:49.615528 24968 Weed_instance_n18.cc:56] Distance of the route: 13076m
I0211 14:08:49.615528 24968 Weed_instance_n18.cc:59] Maximum of the route distances: 13076m
I0211 14:08:49.619526 24968 Weed_instance_n18.cc:60]
I0211 14:08:49.622527 24968 Weed_instance_n18.cc:61] Problem solved in 104ms

Changed file locations to /tests folder.

Weed instance (n50) works.
C:\Users\jc321076\github\or-tools>mingw32-make run SOURCE=tests/Weed_instance_n50.cc
I0211 14:24:22.792484 16480 Weed_instance_n50.cc:76] Route for Vehicle 0:
I0211 14:24:22.794482 16480 Weed_instance_n50.cc:86] 0 -> 1 -> 2 -> 6 -> 8 -> 0
I0211 14:24:22.795482 16480 Weed_instance_n50.cc:88] Distance of the route: 11835m
I0211 14:24:22.795482 16480 Weed_instance_n50.cc:76] Route for Vehicle 1:
I0211 14:24:22.796484 16480 Weed_instance_n50.cc:86] 0 -> 5 -> 7 -> 4 -> 9 -> 10 -> 11 -> 12 -> 21 -> 22 -> 13 -> 14 -> 3 -> 0
I0211 14:24:22.797484 16480 Weed_instance_n50.cc:88] Distance of the route: 14671m
I0211 14:24:22.797484 16480 Weed_instance_n50.cc:76] Route for Vehicle 2:
I0211 14:24:22.798482 16480 Weed_instance_n50.cc:86] 0 -> 49 -> 38 -> 42 -> 43 -> 44 -> 45 -> 46 -> 48 -> 47 -> 39 -> 40 -> 41 -> 18 -> 17 -> 0
I0211 14:24:22.799481 16480 Weed_instance_n50.cc:88] Distance of the route: 14328m
I0211 14:24:22.799481 16480 Weed_instance_n50.cc:76] Route for Vehicle 3:
I0211 14:24:22.800483 16480 Weed_instance_n50.cc:86] 0 -> 37 -> 36 -> 35 -> 34 -> 29 -> 28 -> 31 -> 30 -> 33 -> 32 -> 25 -> 24 -> 23 -> 27 -> 26 -> 15 -> 20 -> 19 -> 16 -> 0
I0211 14:24:22.801484 16480 Weed_instance_n50.cc:88] Distance of the route: 14647m
I0211 14:24:22.801484 16480 Weed_instance_n50.cc:91] Maximum of the route distances: 14671m
I0211 14:24:22.802484 16480 Weed_instance_n50.cc:92]
I0211 14:24:22.803486 16480 Weed_instance_n50.cc:93] Problem solved in 266ms

Weed instance (n100) works.
C:\Users\jc321076\github\or-tools>mingw32-make run SOURCE=tests/Weed_instance_n100.cc
I0211 14:48:53.880702 22492 Weed_instance_n100.cc:126] Route for Vehicle 0:
I0211 14:48:53.883699 22492 Weed_instance_n100.cc:136] 0 -> 5 -> 6 -> 7 -> 4 -> 9 -> 8 -> 0
I0211 14:48:53.884677 22492 Weed_instance_n100.cc:138] Distance of the route: 11554m
I0211 14:48:53.885686 22492 Weed_instance_n100.cc:126] Route for Vehicle 1:
I0211 14:48:53.886677 22492 Weed_instance_n100.cc:136] 0 -> 14 -> 23 -> 24 -> 22 -> 21 -> 12 -> 11 -> 10 -> 0
I0211 14:48:53.887678 22492 Weed_instance_n100.cc:138] Distance of the route: 14336m
I0211 14:48:53.887678 22492 Weed_instance_n100.cc:126] Route for Vehicle 2:
I0211 14:48:53.888679 22492 Weed_instance_n100.cc:136] 0 -> 1 -> 2 -> 0
I0211 14:48:53.889675 22492 Weed_instance_n100.cc:138] Distance of the route: 3210m
I0211 14:48:53.890678 22492 Weed_instance_n100.cc:126] Route for Vehicle 3:
I0211 14:48:53.892676 22492 Weed_instance_n100.cc:136] 0 -> 3 -> 99 -> 45 -> 44 -> 38 -> 42 -> 43 -> 55 -> 54 -> 51 -> 56 -> 53 -> 52 -> 49 -> 50 -> 57 -> 60 -> 80 -> 61 -> 58 -> 59 -> 85 -> 64 -> 63 -> 62 -> 78 -> 70 -> 65 -> 86 -> 69 -> 68 -> 75 -> 71 -> 32 -> 66 -> 67 -> 77 -> 72 -> 25 -> 81 -> 84 -> 83 -> 76 -> 73 -> 33 -> 82 -> 87 -> 88 -> 89 -> 94 -> 90 -> 93 -> 92 -> 91 -> 97 -> 96 -> 95 -> 79 -> 98 -> 74 -> 41 -> 40 -> 39 -> 47 -> 48 -> 46 -> 37 -> 36 -> 35 -> 34 -> 29 -> 28 -> 31 -> 30 -> 27 -> 26 -> 13 -> 15 -> 20 -> 19 -> 18 -> 17 -> 16 -> 0
I0211 14:48:53.896703 22492 Weed_instance_n100.cc:138] Distance of the route: 14216m
I0211 14:48:53.897680 22492 Weed_instance_n100.cc:141] Maximum of the route distances: 14336m
I0211 14:48:53.898675 22492 Weed_instance_n100.cc:142]
I0211 14:48:53.898675 22492 Weed_instance_n100.cc:143] Problem solved in 2021ms

Weed instance (n150) works.
C:\Users\jc321076\github\or-tools>mingw32-make run SOURCE=tests/Weed_instance_n150.cc
I0215 11:29:22.096048 14896 Weed_instance_n150.cc:176] Route for Vehicle 0:
I0215 11:29:22.099020 14896 Weed_instance_n150.cc:186] 0 -> 37 -> 46 -> 47 -> 42 -> 54 -> 56 -> 58 -> 59 -> 76 -> 65 -> 70 -> 69 -> 68 -> 67 -> 66 -> 85 -> 81 -> 82 -> 78 -> 79 -> 95 -> 96 -> 97 -> 128 -> 88 -> 89 -> 94 -> 109 -> 92 -> 91 -> 108 -> 93 -> 90 -> 129 -> 31 -> 28 -> 30 -> 27 -> 26 -> 15 -> 20 -> 19 -> 16 -> 0
I0215 11:29:22.101022 14896 Weed_instance_n150.cc:188] Distance of the route: 16823m
I0215 11:29:22.102022 14896 Weed_instance_n150.cc:176] Route for Vehicle 1:
I0215 11:29:22.102022 14896 Weed_instance_n150.cc:186] 0 -> 3 -> 136 -> 130 -> 137 -> 140 -> 80 -> 139 -> 87 -> 107 -> 134 -> 135 -> 131 -> 73 -> 75 -> 106 -> 77 -> 133 -> 104 -> 105 -> 101 -> 102 -> 115 -> 112 -> 113 -> 114 -> 141 -> 142 -> 143 -> 147 -> 149 -> 148 -> 146 -> 144 -> 145 -> 103 -> 111 -> 110 -> 100 -> 99 -> 124 -> 132 -> 48 -> 44 -> 38 -> 51 -> 117 -> 116 -> 119 -> 118 -> 120 -> 52 -> 53 -> 50 -> 49 -> 0
I0215 11:29:22.103024 14896 Weed_instance_n150.cc:188] Distance of the route: 16856m
I0215 11:29:22.104023 14896 Weed_instance_n150.cc:176] Route for Vehicle 2:
I0215 11:29:22.105022 14896 Weed_instance_n150.cc:186] 0 -> 8 -> 6 -> 5 -> 7 -> 4 -> 9 -> 10 -> 11 -> 12 -> 21 -> 22 -> 24 -> 23 -> 13 -> 14 -> 0
I0215 11:29:22.105022 14896 Weed_instance_n150.cc:188] Distance of the route: 16955m
I0215 11:29:22.106021 14896 Weed_instance_n150.cc:176] Route for Vehicle 3:
I0215 11:29:22.107020 14896 Weed_instance_n150.cc:186] 0 -> 1 -> 2 -> 45 -> 98 -> 36 -> 39 -> 138 -> 43 -> 55 -> 63 -> 64 -> 25 -> 62 -> 61 -> 57 -> 60 -> 86 -> 71 -> 32 -> 126 -> 72 -> 127 -> 84 -> 83 -> 33 -> 125 -> 123 -> 121 -> 122 -> 74 -> 41 -> 40 -> 35 -> 34 -> 29 -> 18 -> 17 -> 0
I0215 11:29:22.112020 14896 Weed_instance_n150.cc:188] Distance of the route: 16483m
I0215 11:29:22.113024 14896 Weed_instance_n150.cc:191] Maximum of the route distances: 16955m
I0215 11:29:22.114024 14896 Weed_instance_n150.cc:192]
I0215 11:29:22.114024 14896 Weed_instance_n150.cc:193] Problem solved in 3447ms

Weed instance (n200) took too long (2+ hours), force terminated.
C:\Users\jc321076\github\or-tools>mingw32-make run SOURCE=tests/Weed_instance_n200.cc
bin\\Weed_instance_n200.exe
mingw32-make: *** [makefiles/Makefile.cpp.mk:306: run] Interrupt

Maybe Weed instance (n200) will work if we limit the search time. (https://developers.google.com/optimization/routing/routing_tasks)
Will try implementing time limit on Weed instance (n150) first.

Weed instance (n150) with 2 second time limit (slightly under previous search time):
searchParameters.mutable_time_limit()->set_seconds(2);
C:\Users\jc321076\github\or-tools>mingw32-make run SOURCE=tests/Weed_instance_n150.cc
I0215 11:46:43.887092 20924 Weed_instance_n150.cc:176] Route for Vehicle 0:
I0215 11:46:43.890070 20924 Weed_instance_n150.cc:186] 0 -> 119 -> 120 -> 52 -> 53 -> 50 -> 57 -> 56 -> 58 -> 59 -> 76 -> 70 -> 69 -> 68 -> 67 -> 66 -> 85 -> 81 -> 82 -> 78 -> 79 -> 95 -> 96 -> 97 -> 128 -> 88 -> 89 -> 94 -> 109 -> 92 -> 91 -> 108 -> 93 -> 90 -> 129 -> 31 -> 28 -> 30 -> 27 -> 26 -> 14 -> 15 -> 20 -> 19 -> 0
I0215 11:46:43.890070 20924 Weed_instance_n150.cc:188] Distance of the route: 17513m
I0215 11:46:43.892066 20924 Weed_instance_n150.cc:176] Route for Vehicle 1:
I0215 11:46:43.893066 20924 Weed_instance_n150.cc:186] 0 -> 3 -> 136 -> 123 -> 125 -> 130 -> 137 -> 140 -> 80 -> 139 -> 87 -> 107 -> 134 -> 135 -> 131 -> 73 -> 75 -> 106 -> 77 -> 133 -> 104 -> 105 -> 101 -> 102 -> 115 -> 112 -> 113 -> 114 -> 141 -> 142 -> 143 -> 147 -> 149 -> 148 -> 146 -> 144 -> 145 -> 103 -> 111 -> 110 -> 100 -> 99 -> 124 -> 132 -> 48 -> 44 -> 38 -> 54 -> 51 -> 117 -> 118 -> 49 -> 116 -> 0
I0215 11:46:43.893066 20924 Weed_instance_n150.cc:188] Distance of the route: 16806m
I0215 11:46:43.894070 20924 Weed_instance_n150.cc:176] Route for Vehicle 2:
I0215 11:46:43.895067 20924 Weed_instance_n150.cc:186] 0 -> 8 -> 6 -> 5 -> 7 -> 4 -> 9 -> 10 -> 11 -> 12 -> 21 -> 25 -> 24 -> 23 -> 22 -> 13 -> 0
I0215 11:46:43.895067 20924 Weed_instance_n150.cc:188] Distance of the route: 17053m
I0215 11:46:43.896067 20924 Weed_instance_n150.cc:176] Route for Vehicle 3:
I0215 11:46:43.897065 20924 Weed_instance_n150.cc:186] 0 -> 1 -> 2 -> 45 -> 98 -> 36 -> 37 -> 46 -> 47 -> 39 -> 42 -> 43 -> 55 -> 62 -> 61 -> 65 -> 60 -> 86 -> 71 -> 32 -> 126 -> 72 -> 127 -> 84 -> 83 -> 33 -> 64 -> 63 -> 138 -> 121 -> 122 -> 74 -> 41 -> 40 -> 35 -> 34 -> 29 -> 18 -> 17 -> 16 -> 0
I0215 11:46:43.898070 20924 Weed_instance_n150.cc:188] Distance of the route: 16875m
I0215 11:46:43.903110 20924 Weed_instance_n150.cc:191] Maximum of the route distances: 17513m
I0215 11:46:43.904067 20924 Weed_instance_n150.cc:192]
I0215 11:46:43.905066 20924 Weed_instance_n150.cc:193] Problem solved in 2049ms

Weed instance (n150) with 1 second time limit:
searchParameters.mutable_time_limit()->set_seconds(1);
Note that solution distance gets worse with less time, as expected.
C:\Users\jc321076\github\or-tools>mingw32-make run SOURCE=tests/Weed_instance_n150.cc
I0215 11:52:54.337947 23324 Weed_instance_n150.cc:176] Route for Vehicle 0:
I0215 11:52:54.341924 23324 Weed_instance_n150.cc:186] 0 -> 1 -> 2 -> 49 -> 119 -> 116 -> 117 -> 51 -> 54 -> 58 -> 61 -> 65 -> 70 -> 69 -> 68 -> 67 -> 66 -> 72 -> 81 -> 82 -> 78 -> 79 -> 95 -> 96 -> 97 -> 128 -> 88 -> 89 -> 93 -> 108 -> 91 -> 92 -> 109 -> 94 -> 90 -> 27 -> 30 -> 31 -> 129 -> 28 -> 18 -> 16 -> 0
I0215 11:52:54.342921 23324 Weed_instance_n150.cc:188] Distance of the route: 19385m
I0215 11:52:54.343920 23324 Weed_instance_n150.cc:176] Route for Vehicle 1:
I0215 11:52:54.343920 23324 Weed_instance_n150.cc:186] 0 -> 13 -> 14 -> 15 -> 26 -> 29 -> 34 -> 41 -> 74 -> 39 -> 47 -> 46 -> 37 -> 36 -> 35 -> 40 -> 122 -> 121 -> 123 -> 64 -> 59 -> 60 -> 25 -> 127 -> 84 -> 105 -> 104 -> 133 -> 33 -> 62 -> 55 -> 42 -> 0
I0215 11:52:54.344923 23324 Weed_instance_n150.cc:188] Distance of the route: 16759m
I0215 11:52:54.345927 23324 Weed_instance_n150.cc:176] Route for Vehicle 2:
I0215 11:52:54.346923 23324 Weed_instance_n150.cc:186] 0 -> 8 -> 6 -> 7 -> 9 -> 10 -> 11 -> 12 -> 22 -> 23 -> 76 -> 130 -> 86 -> 71 -> 85 -> 24 -> 21 -> 4 -> 5 -> 0
I0215 11:52:54.346923 23324 Weed_instance_n150.cc:188] Distance of the route: 19414m
I0215 11:52:54.347923 23324 Weed_instance_n150.cc:176] Route for Vehicle 3:
I0215 11:52:54.348923 23324 Weed_instance_n150.cc:186] 0 -> 3 -> 136 -> 138 -> 43 -> 63 -> 73 -> 137 -> 140 -> 80 -> 139 -> 87 -> 135 -> 134 -> 107 -> 131 -> 125 -> 75 -> 126 -> 32 -> 83 -> 77 -> 106 -> 102 -> 101 -> 112 -> 115 -> 113 -> 103 -> 145 -> 144 -> 146 -> 148 -> 149 -> 147 -> 143 -> 142 -> 141 -> 114 -> 111 -> 110 -> 100 -> 99 -> 124 -> 132 -> 48 -> 44 -> 38 -> 52 -> 53 -> 56 -> 57 -> 50 -> 118 -> 120 -> 45 -> 98 -> 17 -> 19 -> 20 -> 0
I0215 11:52:54.353924 23324 Weed_instance_n150.cc:188] Distance of the route: 19258m
I0215 11:52:54.354921 23324 Weed_instance_n150.cc:191] Maximum of the route distances: 19414m
I0215 11:52:54.354921 23324 Weed_instance_n150.cc:192]
I0215 11:52:54.355926 23324 Weed_instance_n150.cc:193] Problem solved in 1022ms

Now trying time limit with Weed instance (n200).

Weed instance (n200) with 30 second time limit. Compiled, Weed_instance_n200.exe stopped working, VS17 debug caught error.
C:\Users\jc321076\github\or-tools>mingw32-make run SOURCE=tests/Weed_instance_n200.cc
I0215 11:56:20.594508 27004 Weed_instance_n200.cc:226] Route for Vehicle 0:
Unhandled exception at 0x00007FF696D4A77F in Weed_instance_n200.exe: 0xC0000005: Access violation reading location 0x0000000000000010. occurred

Error might be due to max distance limit set to 3000000 (30,000m)?

Weed instance (n200) with 30 second time limit + changed distance limit from 3000000 (30,000m) to 30000000 (300,000m). Works!
C:\Users\jc321076\github\or-tools>mingw32-make run SOURCE=tests/Weed_instance_n200.cc
I0215 13:06:45.327390 15052 Weed_instance_n200.cc:226] Route for Vehicle 0:
I0215 13:06:45.330365 15052 Weed_instance_n200.cc:236] 0 -> 16 -> 17 -> 132 -> 138 -> 98 -> 36 -> 99 -> 123 -> 125 -> 78 -> 139 -> 143 -> 147 -> 148 -> 149 -> 150 -> 167 -> 165 -> 164 -> 113 -> 112 -> 83 -> 77 -> 73 -> 85 -> 60 -> 57 -> 118 -> 119 -> 0
I0215 13:06:45.332365 15052 Weed_instance_n200.cc:238] Distance of the route: 22840m
I0215 13:06:45.333369 15052 Weed_instance_n200.cc:226] Route for Vehicle 1:
I0215 13:06:45.333369 15052 Weed_instance_n200.cc:236] 0 -> 5 -> 7 -> 191 -> 171 -> 194 -> 12 -> 13 -> 14 -> 15 -> 26 -> 27 -> 30 -> 32 -> 70 -> 86 -> 133 -> 104 -> 105 -> 100 -> 110 -> 111 -> 103 -> 159 -> 158 -> 157 -> 156 -> 155 -> 154 -> 153 -> 160 -> 168 -> 163 -> 162 -> 166 -> 161 -> 152 -> 151 -> 146 -> 145 -> 144 -> 169 -> 140 -> 131 -> 130 -> 173 -> 172 -> 192 -> 21 -> 22 -> 23 -> 24 -> 25 -> 126 -> 33 -> 134 -> 87 -> 88 -> 89 -> 94 -> 93 -> 90 -> 80 -> 67 -> 76 -> 66 -> 75 -> 135 -> 137 -> 31 -> 28 -> 29 -> 34 -> 35 -> 136 -> 3 -> 0
I0215 13:06:45.334367 15052 Weed_instance_n200.cc:238] Distance of the route: 22822m
I0215 13:06:45.336408 15052 Weed_instance_n200.cc:226] Route for Vehicle 2:
I0215 13:06:45.337369 15052 Weed_instance_n200.cc:236] 0 -> 1 -> 2 -> 49 -> 50 -> 120 -> 116 -> 117 -> 51 -> 52 -> 53 -> 56 -> 58 -> 59 -> 61 -> 65 -> 69 -> 68 -> 72 -> 127 -> 84 -> 102 -> 115 -> 114 -> 142 -> 141 -> 101 -> 106 -> 107 -> 82 -> 81 -> 71 -> 62 -> 64 -> 63 -> 55 -> 54 -> 43 -> 42 -> 38 -> 0
I0215 13:06:45.337369 15052 Weed_instance_n200.cc:238] Distance of the route: 20247m
I0215 13:06:45.338371 15052 Weed_instance_n200.cc:226] Route for Vehicle 3:
I0215 13:06:45.343367 15052 Weed_instance_n200.cc:236] 0 -> 20 -> 19 -> 18 -> 37 -> 46 -> 45 -> 44 -> 48 -> 47 -> 39 -> 121 -> 122 -> 40 -> 41 -> 74 -> 124 -> 129 -> 79 -> 95 -> 96 -> 97 -> 91 -> 108 -> 92 -> 109 -> 128 -> 176 -> 181 -> 180 -> 179 -> 178 -> 182 -> 175 -> 183 -> 177 -> 188 -> 190 -> 189 -> 187 -> 185 -> 186 -> 197 -> 174 -> 199 -> 11 -> 193 -> 184 -> 198 -> 10 -> 9 -> 4 -> 195 -> 6 -> 196 -> 170 -> 8 -> 0
I0215 13:06:45.344365 15052 Weed_instance_n200.cc:238] Distance of the route: 21807m
I0215 13:06:45.344365 15052 Weed_instance_n200.cc:241] Maximum of the route distances: 22840m
I0215 13:06:45.345368 15052 Weed_instance_n200.cc:242]
I0215 13:06:45.346370 15052 Weed_instance_n200.cc:243] Problem solved in 12140ms

Weed instance (n200) no time limit + 30000000 (300,000m) distance limit.
C:\Users\jc321076\github\or-tools>mingw32-make run SOURCE=tests/Weed_instance_n200.cc
I0215 13:09:43.210459 26024 Weed_instance_n200.cc:226] Route for Vehicle 0:
I0215 13:09:43.213462 26024 Weed_instance_n200.cc:236] 0 -> 16 -> 17 -> 132 -> 138 -> 98 -> 36 -> 99 -> 123 -> 125 -> 78 -> 139 -> 143 -> 147 -> 148 -> 149 -> 150 -> 167 -> 165 -> 164 -> 113 -> 112 -> 83 -> 77 -> 73 -> 85 -> 60 -> 57 -> 118 -> 119 -> 0
I0215 13:09:43.215464 26024 Weed_instance_n200.cc:238] Distance of the route: 22840m
I0215 13:09:43.215464 26024 Weed_instance_n200.cc:226] Route for Vehicle 1:
I0215 13:09:43.216466 26024 Weed_instance_n200.cc:236] 0 -> 5 -> 7 -> 191 -> 171 -> 194 -> 12 -> 13 -> 14 -> 15 -> 26 -> 27 -> 30 -> 32 -> 70 -> 86 -> 133 -> 104 -> 105 -> 100 -> 110 -> 111 -> 103 -> 159 -> 158 -> 157 -> 156 -> 155 -> 154 -> 153 -> 160 -> 168 -> 163 -> 162 -> 166 -> 161 -> 152 -> 151 -> 146 -> 145 -> 144 -> 169 -> 140 -> 131 -> 130 -> 173 -> 172 -> 192 -> 21 -> 22 -> 23 -> 24 -> 25 -> 126 -> 33 -> 134 -> 87 -> 88 -> 89 -> 94 -> 93 -> 90 -> 80 -> 67 -> 76 -> 66 -> 75 -> 135 -> 137 -> 31 -> 28 -> 29 -> 34 -> 35 -> 136 -> 3 -> 0
I0215 13:09:43.217463 26024 Weed_instance_n200.cc:238] Distance of the route: 22822m
I0215 13:09:43.218466 26024 Weed_instance_n200.cc:226] Route for Vehicle 2:
I0215 13:09:43.218466 26024 Weed_instance_n200.cc:236] 0 -> 1 -> 2 -> 49 -> 50 -> 120 -> 116 -> 117 -> 51 -> 52 -> 53 -> 56 -> 58 -> 59 -> 61 -> 65 -> 69 -> 68 -> 72 -> 127 -> 84 -> 102 -> 115 -> 114 -> 142 -> 141 -> 101 -> 106 -> 107 -> 82 -> 81 -> 71 -> 62 -> 64 -> 63 -> 55 -> 54 -> 43 -> 42 -> 38 -> 0
I0215 13:09:43.219467 26024 Weed_instance_n200.cc:238] Distance of the route: 20247m
I0215 13:09:43.220468 26024 Weed_instance_n200.cc:226] Route for Vehicle 3:
I0215 13:09:43.221472 26024 Weed_instance_n200.cc:236] 0 -> 20 -> 19 -> 18 -> 37 -> 46 -> 45 -> 44 -> 48 -> 47 -> 39 -> 121 -> 122 -> 40 -> 41 -> 74 -> 124 -> 129 -> 79 -> 95 -> 96 -> 97 -> 91 -> 108 -> 92 -> 109 -> 128 -> 176 -> 181 -> 180 -> 179 -> 178 -> 182 -> 175 -> 183 -> 177 -> 188 -> 190 -> 189 -> 187 -> 185 -> 186 -> 197 -> 174 -> 199 -> 11 -> 193 -> 184 -> 198 -> 10 -> 9 -> 4 -> 195 -> 6 -> 196 -> 170 -> 8 -> 0
I0215 13:09:43.226469 26024 Weed_instance_n200.cc:238] Distance of the route: 21807m
I0215 13:09:43.227471 26024 Weed_instance_n200.cc:241] Maximum of the route distances: 22840m
I0215 13:09:43.227471 26024 Weed_instance_n200.cc:242]
I0215 13:09:43.228473 26024 Weed_instance_n200.cc:243] Problem solved in 11985ms

Now that n200 works, continue increasing Weed instance size.

Weed instance (n300) works.
C:\Users\jc321076\github\or-tools>mingw32-make run SOURCE=tests/Weed_instance_n300.cc
I0215 13:23:32.315667 19188 Weed_instance_n300.cc:326] Route for Vehicle 0:
I0215 13:23:32.319697 19188 Weed_instance_n300.cc:336] 0 -> 285 -> 296 -> 295 -> 292 -> 283 -> 277 -> 278 -> 279 -> 280 -> 282 -> 281 -> 288 -> 289 -> 286 -> 287 -> 271 -> 256 -> 257 -> 258 -> 259 -> 2 -> 0
I0215 13:23:32.320704 19188 Weed_instance_n300.cc:338] Distance of the route: 24200m
I0215 13:23:32.321669 19188 Weed_instance_n300.cc:326] Route for Vehicle 1:
I0215 13:23:32.322700 19188 Weed_instance_n300.cc:336] 0 -> 3 -> 216 -> 214 -> 222 -> 175 -> 190 -> 189 -> 187 -> 185 -> 162 -> 163 -> 168 -> 153 -> 154 -> 155 -> 156 -> 157 -> 158 -> 159 -> 160 -> 148 -> 149 -> 150 -> 167 -> 161 -> 165 -> 147 -> 152 -> 151 -> 146 -> 145 -> 144 -> 169 -> 140 -> 86 -> 106 -> 80 -> 64 -> 77 -> 70 -> 65 -> 131 -> 60 -> 57 -> 50 -> 118 -> 119 -> 116 -> 38 -> 44 -> 48 -> 47 -> 39 -> 132 -> 40 -> 41 -> 217 -> 0
I0215 13:23:32.323669 19188 Weed_instance_n300.cc:338] Distance of the route: 24091m
I0215 13:23:32.323669 19188 Weed_instance_n300.cc:326] Route for Vehicle 2:
I0215 13:23:32.324671 19188 Weed_instance_n300.cc:336] 0 -> 1 -> 212 -> 213 -> 204 -> 205 -> 211 -> 210 -> 209 -> 208 -> 207 -> 206 -> 51 -> 117 -> 120 -> 52 -> 53 -> 56 -> 58 -> 59 -> 61 -> 62 -> 63 -> 202 -> 49 -> 255 -> 254 -> 166 -> 164 -> 143 -> 103 -> 115 -> 112 -> 113 -> 114 -> 141 -> 142 -> 219 -> 102 -> 101 -> 100 -> 111 -> 110 -> 99 -> 122 -> 121 -> 123 -> 124 -> 74 -> 129 -> 28 -> 26 -> 27 -> 23 -> 22 -> 24 -> 250 -> 247 -> 201 -> 239 -> 8 -> 237 -> 238 -> 9 -> 236 -> 235 -> 234 -> 233 -> 130 -> 176 -> 181 -> 179 -> 178 -> 182 -> 183 -> 177 -> 188 -> 186 -> 224 -> 225 -> 221 -> 220 -> 13 -> 14 -> 15 -> 20 -> 19 -> 16 -> 203 -> 0
I0215 13:23:32.325696 19188 Weed_instance_n300.cc:338] Distance of the route: 24034m
I0215 13:23:32.325696 19188 Weed_instance_n300.cc:326] Route for Vehicle 3:
I0215 13:23:32.326669 19188 Weed_instance_n300.cc:336] 0 -> 249 -> 31 -> 30 -> 32 -> 125 -> 25 -> 69 -> 68 -> 67 -> 66 -> 85 -> 71 -> 81 -> 82 -> 87 -> 88 -> 89 -> 94 -> 109 -> 92 -> 97 -> 218 -> 43 -> 55 -> 54 -> 42 -> 138 -> 98 -> 17 -> 18 -> 29 -> 34 -> 35 -> 36 -> 37 -> 46 -> 45 -> 136 -> 105 -> 104 -> 133 -> 137 -> 135 -> 134 -> 107 -> 84 -> 83 -> 75 -> 139 -> 33 -> 72 -> 127 -> 126 -> 76 -> 73 -> 78 -> 79 -> 95 -> 96 -> 91 -> 108 -> 93 -> 90 -> 223 -> 215 -> 252 -> 180 -> 226 -> 229 -> 227 -> 7 -> 228 -> 172 -> 230 -> 10 -> 191 -> 4 -> 192 -> 171 -> 194 -> 193 -> 195 -> 170 -> 199 -> 198 -> 200 -> 196 -> 197 -> 5 -> 231 -> 232 -> 248 -> 128 -> 253 -> 251 -> 174 -> 244 -> 184 -> 246 -> 6 -> 242 -> 173 -> 240 -> 241 -> 21 -> 245 -> 12 -> 243 -> 11 -> 297 -> 298 -> 299 -> 267 -> 268 -> 269 -> 266 -> 265 -> 264 -> 262 -> 260 -> 272 -> 263 -> 261 -> 275 -> 273 -> 274 -> 276 -> 291 -> 290 -> 270 -> 294 -> 284 -> 293 -> 0
I0215 13:23:32.327672 19188 Weed_instance_n300.cc:338] Distance of the route: 23999m
I0215 13:23:32.333667 19188 Weed_instance_n300.cc:341] Maximum of the route distances: 24200m
I0215 13:23:32.334667 19188 Weed_instance_n300.cc:342]
I0215 13:23:32.334667 19188 Weed_instance_n300.cc:343] Problem solved in 41344ms

Weed instance (n400). Compiled, Weed_instance_n400.exe stopped working, VS17 debug caught error.
C:\Users\jc321076\github\or-tools>mingw32-make run SOURCE=tests/Weed_instance_n400.cc
Unhandled exception at 0x00007FF6242F5BF8 in Weed_instance_n400.exe: 0xC00000FD: Stack overflow (parameters: 0x0000000000000001, 0x000000AE4BE53000). occurred

Stack overflow error, so search tree might be too broad? Trying a time limit.

Weed instance (n400) with 30 second time limit. Compiled, Weed_instance_n400.exe stopped working, VS17 debug caught error.
C:\Users\jc321076\github\or-tools>mingw32-make run SOURCE=tests/Weed_instance_n400.cc
Unhandled exception at 0x00007FF6761E5C18 in Weed_instance_n400.exe: 0xC00000FD: Stack overflow (parameters: 0x0000000000000001, 0x00000071A4603000). occurred

Weed instance (n400) with 5 second time limit. Compiled, Weed_instance_n400.exe stopped working, VS17 debug caught error.
C:\Users\jc321076\github\or-tools>mingw32-make run SOURCE=tests/Weed_instance_n400.cc
Unhandled exception at 0x00007FF6ECFD5C18 in Weed_instance_n400.exe: 0xC00000FD: Stack overflow (parameters: 0x0000000000000001, 0x000000B2EA253000). occurred

Weed instance (n400) with 1 second time limit.Compiled, Weed_instance_n400.exe stopped working just as bin\Weed_instance_n400.exe is triggered, VS17 debug caught error.
C:\Users\jc321076\github\or-tools>mingw32-make run SOURCE=tests/Weed_instance_n400.cc
Unhandled exception at 0x00007FF64E9C5C18 in Weed_instance_n400.exe: 0xC00000FD: Stack overflow (parameters: 0x0000000000000001, 0x0000000643803000). occurred

Seeing how error called just as bin\Weed_instance_n400.exe is trigger, may not be a time limit issue. Try solution limit.

Weed instance (n400) with no time limit + 100 solution limit. (https://developers.google.com/optimization/routing/routing_tasks)
searchParameters.set_solution_limit(100);
Compiled, Weed_instance_n400.exe stopped working, VS17 debug caught error.
C:\Users\jc321076\github\or-tools>mingw32-make run SOURCE=tests/Weed_instance_n400.cc
Unhandled exception at 0x00007FF6D3F05C08 in Weed_instance_n400.exe: 0xC00000FD: Stack overflow (parameters: 0x0000000000000001, 0x0000001BC3E03000). occurred

Weed instance (n400) with 1 solution limit.
searchParameters.set_solution_limit(1);
Compiled, Weed_instance_n400.exe stopped working, VS17 debug caught error.
C:\Users\jc321076\github\or-tools>mingw32-make run SOURCE=tests/Weed_instance_n400.cc
Unhandled exception at 0x00007FF6E7C55C08 in Weed_instance_n400.exe: 0xC00000FD: Stack overflow (parameters: 0x0000000000000001, 0x0000005C5EEB3000). occurred

Solution limit not effective. Test solution limit on known working instance first.

Weed instance (n300) with 500 solution limit, works.
C:\Users\jc321076\github\or-tools>mingw32-make run SOURCE=tests/Weed_instance_n300.cc
I0215 13:51:07.758955  9808 Weed_instance_n300.cc:326] Route for Vehicle 0:
I0215 13:51:07.762953  9808 Weed_instance_n300.cc:336] 0 -> 3 -> 43 -> 54 -> 51 -> 117 -> 120 -> 38 -> 48 -> 46 -> 136 -> 74 -> 123 -> 64 -> 137 -> 70 -> 69 -> 68 -> 127 -> 82 -> 80 -> 79 -> 176 -> 179 -> 182 -> 180 -> 181 -> 178 -> 185 -> 208 -> 205 -> 211 -> 210 -> 209 -> 299 -> 286 -> 284 -> 288 -> 273 -> 274 -> 275 -> 263 -> 272 -> 2 -> 0
I0215 13:51:07.763988  9808 Weed_instance_n300.cc:338] Distance of the route: 81275m
I0215 13:51:07.764959  9808 Weed_instance_n300.cc:326] Route for Vehicle 1:
I0215 13:51:07.764959  9808 Weed_instance_n300.cc:336] 0 -> 41 -> 40 -> 121 -> 122 -> 129 -> 73 -> 33 -> 72 -> 86 -> 139 -> 155 -> 157 -> 158 -> 154 -> 153 -> 168 -> 163 -> 162 -> 141 -> 114 -> 100 -> 105 -> 106 -> 77 -> 67 -> 66 -> 119 -> 116 -> 37 -> 35 -> 34 -> 27 -> 24 -> 22 -> 13 -> 14 -> 29 -> 0
I0215 13:51:07.765952  9808 Weed_instance_n300.cc:338] Distance of the route: 39959m
I0215 13:51:07.766960  9808 Weed_instance_n300.cc:326] Route for Vehicle 2:
I0215 13:51:07.767959  9808 Weed_instance_n300.cc:336] 0 -> 45 -> 44 -> 62 -> 81 -> 134 -> 135 -> 104 -> 101 -> 102 -> 112 -> 113 -> 164 -> 143 -> 150 -> 147 -> 165 -> 84 -> 65 -> 60 -> 57 -> 52 -> 118 -> 49 -> 0
I0215 13:51:07.767959  9808 Weed_instance_n300.cc:338] Distance of the route: 28410m
I0215 13:51:07.768956  9808 Weed_instance_n300.cc:326] Route for Vehicle 3:
I0215 13:51:07.769985  9808 Weed_instance_n300.cc:336] 0 -> 276 -> 295 -> 270 -> 285 -> 271 -> 287 -> 1 -> 212 -> 204 -> 213 -> 207 -> 206 -> 142 -> 202 -> 138 -> 249 -> 97 -> 128 -> 214 -> 226 -> 188 -> 222 -> 183 -> 175 -> 184 -> 251 -> 174 -> 246 -> 25 -> 242 -> 173 -> 239 -> 241 -> 21 -> 238 -> 12 -> 231 -> 11 -> 297 -> 298 -> 261 -> 260 -> 262 -> 264 -> 265 -> 266 -> 256 -> 259 -> 255 -> 254 -> 166 -> 161 -> 167 -> 149 -> 148 -> 152 -> 151 -> 146 -> 145 -> 103 -> 159 -> 156 -> 160 -> 144 -> 169 -> 140 -> 87 -> 133 -> 78 -> 126 -> 76 -> 125 -> 75 -> 107 -> 32 -> 83 -> 115 -> 111 -> 110 -> 99 -> 124 -> 98 -> 47 -> 55 -> 58 -> 59 -> 131 -> 61 -> 85 -> 71 -> 219 -> 42 -> 39 -> 132 -> 36 -> 216 -> 18 -> 17 -> 203 -> 16 -> 217 -> 19 -> 20 -> 15 -> 26 -> 28 -> 31 -> 30 -> 23 -> 252 -> 88 -> 89 -> 94 -> 90 -> 93 -> 109 -> 92 -> 108 -> 91 -> 96 -> 95 -> 218 -> 221 -> 220 -> 177 -> 223 -> 186 -> 187 -> 189 -> 190 -> 191 -> 10 -> 230 -> 7 -> 228 -> 6 -> 227 -> 5 -> 199 -> 198 -> 193 -> 195 -> 4 -> 194 -> 170 -> 197 -> 172 -> 196 -> 200 -> 171 -> 192 -> 215 -> 224 -> 225 -> 229 -> 232 -> 248 -> 244 -> 243 -> 240 -> 8 -> 237 -> 9 -> 236 -> 235 -> 233 -> 234 -> 201 -> 245 -> 247 -> 250 -> 253 -> 130 -> 63 -> 56 -> 53 -> 50 -> 258 -> 257 -> 269 -> 268 -> 267 -> 289 -> 281 -> 282 -> 280 -> 279 -> 278 -> 277 -> 283 -> 291 -> 290 -> 296 -> 294 -> 292 -> 293 -> 0
I0215 13:51:07.770957  9808 Weed_instance_n300.cc:338] Distance of the route: 96814m
I0215 13:51:07.776958  9808 Weed_instance_n300.cc:341] Maximum of the route distances: 96814m
I0215 13:51:07.778959  9808 Weed_instance_n300.cc:342]
I0215 13:51:07.779953  9808 Weed_instance_n300.cc:343] Problem solved in 2861ms

Note that solution-limited results for n300 has a much larger max route distance, but the problem was solved in less time. Solution limit works as it should.

Weed instance (n400) with no time limit, 1 solution limit + changed distance limit from 30000000 (300,000m) to 300000000 (3,000,000m)
Compiled, Weed_instance_n400.exe stopped working, VS17 debug caught error.
C:\Users\jc321076\github\or-tools>mingw32-make run SOURCE=tests/Weed_instance_n400.cc
Unhandled exception at 0x00007FF7EEF55C08 in Weed_instance_n400.exe: 0xC00000FD: Stack overflow (parameters: 0x0000000000000001, 0x0000002168EB3000). occurred

Debugging using LOG(INFO) statements (print). "Reached" prints out fine until this line in VrpGlobalSpan():
// Instantiate the data problem.
DataModel data;
// Create Routing Index Manager
RoutingIndexManager manager(data.distance_matrix.size(), data.num_vehicles,
                            data.depot);

LOG(INFO) << "Reached";

It seems that loading the distance matrix into the index manager is a problem.

Variables to investigate:
search strategy?
number of vehicles?
