Trying to solve the BOPMid instance (500+ customers) with distance matrix, minimizing total distances with capacity constraint.
This is  a log of command line inputs and outputs.
Each subsequent program is a duplicate of the previous, with some changes.

Note that (n17) includes the depot; that is, there are 16 customers and 1 depot. The same system for the rest.

Example program (n17) with capacity constraints works. (https://developers.google.com/optimization/routing/cvrp)
C:\Users\jc321076\github\or-tools>mingw32-make run SOURCE=tests/capacitated_example_routing.cc
I0217 15:22:05.750175  2176 example_routing_capacity.cc:64] Route for Vehicle 0:
I0217 15:22:05.754173  2176 example_routing_capacity.cc:77] 0 Load(0) -> 1 Load(1) -> 4 Load(5) -> 3 Load(7) -> 15 Load(15) -> 0
I0217 15:22:05.756173  2176 example_routing_capacity.cc:78] Distance of the route: 2192m
I0217 15:22:05.757174  2176 example_routing_capacity.cc:79] Load of the route: 15
I0217 15:22:05.758173  2176 example_routing_capacity.cc:64] Route for Vehicle 1:
I0217 15:22:05.759172  2176 example_routing_capacity.cc:77] 0 Load(0) -> 14 Load(4) -> 16 Load(12) -> 10 Load(14) -> 2 Load(15) -> 0
I0217 15:22:05.760174  2176 example_routing_capacity.cc:78] Distance of the route: 2192m
I0217 15:22:05.761173  2176 example_routing_capacity.cc:79] Load of the route: 15
I0217 15:22:05.761173  2176 example_routing_capacity.cc:64] Route for Vehicle 2:
I0217 15:22:05.764173  2176 example_routing_capacity.cc:77] 0 Load(0) -> 7 Load(8) -> 13 Load(12) -> 12 Load(14) -> 11 Load(15) -> 0
I0217 15:22:05.768173  2176 example_routing_capacity.cc:78] Distance of the route: 1324m
I0217 15:22:05.769173  2176 example_routing_capacity.cc:79] Load of the route: 15
I0217 15:22:05.769173  2176 example_routing_capacity.cc:64] Route for Vehicle 3:
I0217 15:22:05.770172  2176 example_routing_capacity.cc:77] 0 Load(0) -> 9 Load(1) -> 8 Load(9) -> 6 Load(13) -> 5 Load(15) -> 0
I0217 15:22:05.771173  2176 example_routing_capacity.cc:78] Distance of the route: 1164m
I0217 15:22:05.772172  2176 example_routing_capacity.cc:79] Load of the route: 15
I0217 15:22:05.773172  2176 example_routing_capacity.cc:83] Total distance of all routes: 6872m
I0217 15:22:05.774173  2176 example_routing_capacity.cc:84] Total load of all routes: 60
I0217 15:22:05.774173  2176 example_routing_capacity.cc:85]
I0217 15:22:05.776175  2176 example_routing_capacity.cc:86] Advanced usage:
I0217 15:22:05.781172  2176 example_routing_capacity.cc:87] Problem solved in 34ms

Weed instance (n18) with capacity constraints, uniform 1 unit demand, 5 capacity vehicles works.
Note that route distance is scaled up in the distance matrix by 100, but then scaled down in the print function.
const std::vector<int64> demands{0, 1, 1, 1, 1, 1, 1, 1, 1, 1, 1, 1, 1, 1, 1, 1, 1, 1};
const std::vector<int64> vehicle_capacities{5, 5, 5, 5};
C:\Users\jc321076\github\or-tools>mingw32-make run SOURCE=tests/Capacitated_Weed_instance_n18.cc
I0217 16:12:24.489161 13660 Capacitated_Weed_instance_n18.cc:47] Route for Vehicle 0:
I0217 16:12:24.492161 13660 Capacitated_Weed_instance_n18.cc:60] 0 Load(0) -> 13 Load(1) -> 12 Load(2) -> 11 Load(3) -> 10 Load(4) -> 9 Load(5) -> 0
I0217 16:12:24.494165 13660 Capacitated_Weed_instance_n18.cc:62] Distance of the route: 14428m
I0217 16:12:24.494165 13660 Capacitated_Weed_instance_n18.cc:63] Load of the route: 5
I0217 16:12:24.495163 13660 Capacitated_Weed_instance_n18.cc:47] Route for Vehicle 1:
I0217 16:12:24.496167 13660 Capacitated_Weed_instance_n18.cc:60] 0 Load(0) -> 3 Load(1) -> 16 Load(2) -> 17 Load(3) -> 15 Load(4) -> 14 Load(5) -> 0
I0217 16:12:24.497161 13660 Capacitated_Weed_instance_n18.cc:62] Distance of the route: 12316m
I0217 16:12:24.497161 13660 Capacitated_Weed_instance_n18.cc:63] Load of the route: 5
I0217 16:12:24.498162 13660 Capacitated_Weed_instance_n18.cc:47] Route for Vehicle 2:
I0217 16:12:24.499164 13660 Capacitated_Weed_instance_n18.cc:60] 0 Load(0) -> 5 Load(1) -> 4 Load(2) -> 7 Load(3) -> 6 Load(4) -> 8 Load(5) -> 0
I0217 16:12:24.500164 13660 Capacitated_Weed_instance_n18.cc:62] Distance of the route: 9404m
I0217 16:12:24.504245 13660 Capacitated_Weed_instance_n18.cc:63] Load of the route: 5
I0217 16:12:24.505162 13660 Capacitated_Weed_instance_n18.cc:47] Route for Vehicle 3:
I0217 16:12:24.506165 13660 Capacitated_Weed_instance_n18.cc:60] 0 Load(0) -> 1 Load(1) -> 2 Load(2) -> 0
I0217 16:12:24.506165 13660 Capacitated_Weed_instance_n18.cc:62] Distance of the route: 3210m
I0217 16:12:24.507161 13660 Capacitated_Weed_instance_n18.cc:63] Load of the route: 2
I0217 16:12:24.508162 13660 Capacitated_Weed_instance_n18.cc:67] Total distance of all routes: 39358m
I0217 16:12:24.509161 13660 Capacitated_Weed_instance_n18.cc:68] Total load of all routes: 17
I0217 16:12:24.509161 13660 Capacitated_Weed_instance_n18.cc:69]
I0217 16:12:24.510165 13660 Capacitated_Weed_instance_n18.cc:70] Advanced usage:
I0217 16:12:24.511162 13660 Capacitated_Weed_instance_n18.cc:71] Problem solved in 29ms

Weed instance (n50) with capacity constraints, uniform 1 unit demand, 13 capacity vehicles, works.
Note: from here on out printed distances are not scaled down by 100 as they should. Oops?
C:\Users\jc321076\github\or-tools>mingw32-make run SOURCE=tests/Capacitated_Weed_instance_n50.cc
I0217 16:20:15.133621 27936 Capacitated_Weed_instance_n50.cc:79] Route for Vehicle 0:
I0217 16:20:15.136688 27936 Capacitated_Weed_instance_n50.cc:92] 0 Load(0) -> 45 Load(1) -> 44 Load(2) -> 42 Load(3) -> 43 Load(4) -> 39 Load(5) -> 40 Load(6) -> 41 Load(7) -> 34 Load(8) -> 31 Load(9) -> 33 Load(10) -> 32 Load(11) -> 30 Load(12) -> 19 Load(13) -> 0
I0217 16:20:15.137622 27936 Capacitated_Weed_instance_n50.cc:93] Distance of the route: 1450771m
I0217 16:20:15.139626 27936 Capacitated_Weed_instance_n50.cc:94] Load of the route: 13
I0217 16:20:15.139626 27936 Capacitated_Weed_instance_n50.cc:79] Route for Vehicle 1:
I0217 16:20:15.140626 27936 Capacitated_Weed_instance_n50.cc:92] 0 Load(0) -> 1 Load(1) -> 2 Load(2) -> 49 Load(3) -> 38 Load(4) -> 47 Load(5) -> 48 Load(6) -> 46 Load(7) -> 37 Load(8) -> 36 Load(9) -> 35 Load(10) -> 3 Load(11) -> 0
I0217 16:20:15.141623 27936 Capacitated_Weed_instance_n50.cc:93] Distance of the route: 1457628m
I0217 16:20:15.142621 27936 Capacitated_Weed_instance_n50.cc:94] Load of the route: 11
I0217 16:20:15.143620 27936 Capacitated_Weed_instance_n50.cc:79] Route for Vehicle 2:
I0217 16:20:15.143620 27936 Capacitated_Weed_instance_n50.cc:92] 0 Load(0) -> 8 Load(1) -> 6 Load(2) -> 5 Load(3) -> 7 Load(4) -> 4 Load(5) -> 9 Load(6) -> 10 Load(7) -> 11 Load(8) -> 12 Load(9) -> 14 Load(10) -> 15 Load(11) -> 20 Load(12) -> 0
I0217 16:20:15.144621 27936 Capacitated_Weed_instance_n50.cc:93] Distance of the route: 1644471m
I0217 16:20:15.148622 27936 Capacitated_Weed_instance_n50.cc:94] Load of the route: 12
I0217 16:20:15.150620 27936 Capacitated_Weed_instance_n50.cc:79] Route for Vehicle 3:
I0217 16:20:15.151620 27936 Capacitated_Weed_instance_n50.cc:92] 0 Load(0) -> 13 Load(1) -> 22 Load(2) -> 21 Load(3) -> 25 Load(4) -> 24 Load(5) -> 23 Load(6) -> 27 Load(7) -> 26 Load(8) -> 28 Load(9) -> 29 Load(10) -> 18 Load(11) -> 17 Load(12) -> 16 Load(13) -> 0
I0217 16:20:15.152621 27936 Capacitated_Weed_instance_n50.cc:93] Distance of the route: 1445474m
I0217 16:20:15.153620 27936 Capacitated_Weed_instance_n50.cc:94] Load of the route: 13
I0217 16:20:15.153620 27936 Capacitated_Weed_instance_n50.cc:98] Total distance of all routes: 5998344m
I0217 16:20:15.154628 27936 Capacitated_Weed_instance_n50.cc:99] Total load of all routes: 49
I0217 16:20:15.154628 27936 Capacitated_Weed_instance_n50.cc:100]
I0217 16:20:15.155622 27936 Capacitated_Weed_instance_n50.cc:101] Advanced usage:
I0217 16:20:15.156623 27936 Capacitated_Weed_instance_n50.cc:102] Problem solved in 123ms

Weed instance (n100) with capacity constraints, uniform 1 unit demand, 25 capacity vehicles, works.
I0217 16:28:35.440657 20132 Capacitated_Weed_instance_n100.cc:129] Route for Vehicle 0:
I0217 16:28:35.444650 20132 Capacitated_Weed_instance_n100.cc:142] 0 Load(0) -> 1 Load(1) -> 2 Load(2) -> 49 Load(3) -> 50 Load(4) -> 57 Load(5) -> 60 Load(6) -> 65 Load(7) -> 70 Load(8) -> 78 Load(9) -> 79 Load(10) -> 95 Load(11) -> 96 Load(12) -> 97 Load(13) -> 91 Load(14) -> 92 Load(15) -> 93 Load(16) -> 94 Load(17) -> 89 Load(18) -> 88 Load(19) -> 90 Load(20) -> 76 Load(21) -> 30 Load(22) -> 26 Load(23) -> 15 Load(24) -> 20 Load(25) -> 0
I0217 16:28:35.445632 20132 Capacitated_Weed_instance_n100.cc:143] Distance of the route: 1741977m
I0217 16:28:35.446630 20132 Capacitated_Weed_instance_n100.cc:144] Load of the route: 25
I0217 16:28:35.447633 20132 Capacitated_Weed_instance_n100.cc:129] Route for Vehicle 1:
I0217 16:28:35.448628 20132 Capacitated_Weed_instance_n100.cc:142] 0 Load(0) -> 5 Load(1) -> 6 Load(2) -> 7 Load(3) -> 4 Load(4) -> 13 Load(5) -> 14 Load(6) -> 27 Load(7) -> 32 Load(8) -> 72 Load(9) -> 67 Load(10) -> 66 Load(11) -> 33 Load(12) -> 31 Load(13) -> 28 Load(14) -> 29 Load(15) -> 34 Load(16) -> 41 Load(17) -> 40 Load(18) -> 35 Load(19) -> 36 Load(20) -> 37 Load(21) -> 17 Load(22) -> 18 Load(23) -> 19 Load(24) -> 16 Load(25) -> 0
I0217 16:28:35.449630 20132 Capacitated_Weed_instance_n100.cc:143] Distance of the route: 1585178m
I0217 16:28:35.450630 20132 Capacitated_Weed_instance_n100.cc:144] Load of the route: 25
I0217 16:28:35.450630 20132 Capacitated_Weed_instance_n100.cc:129] Route for Vehicle 2:
I0217 16:28:35.451628 20132 Capacitated_Weed_instance_n100.cc:142] 0 Load(0) -> 39 Load(1) -> 63 Load(2) -> 62 Load(3) -> 61 Load(4) -> 80 Load(5) -> 81 Load(6) -> 84 Load(7) -> 83 Load(8) -> 77 Load(9) -> 71 Load(10) -> 75 Load(11) -> 68 Load(12) -> 69 Load(13) -> 85 Load(14) -> 73 Load(15) -> 25 Load(16) -> 24 Load(17) -> 23 Load(18) -> 22 Load(19) -> 21 Load(20) -> 12 Load(21) -> 11 Load(22) -> 10 Load(23) -> 9 Load(24) -> 8 Load(25) -> 0
I0217 16:28:35.453630 20132 Capacitated_Weed_instance_n100.cc:143] Distance of the route: 1750265m
I0217 16:28:35.458636 20132 Capacitated_Weed_instance_n100.cc:144] Load of the route: 25
I0217 16:28:35.459636 20132 Capacitated_Weed_instance_n100.cc:129] Route for Vehicle 3:
I0217 16:28:35.460636 20132 Capacitated_Weed_instance_n100.cc:142] 0 Load(0) -> 3 Load(1) -> 99 Load(2) -> 74 Load(3) -> 98 Load(4) -> 48 Load(5) -> 47 Load(6) -> 46 Load(7) -> 45 Load(8) -> 44 Load(9) -> 42 Load(10) -> 43 Load(11) -> 55 Load(12) -> 64 Load(13) -> 87 Load(14) -> 82 Load(15) -> 86 Load(16) -> 59 Load(17) -> 58 Load(18) -> 56 Load(19) -> 53 Load(20) -> 52 Load(21) -> 51 Load(22) -> 54 Load(23) -> 38 Load(24) -> 0
I0217 16:28:35.461635 20132 Capacitated_Weed_instance_n100.cc:143] Distance of the route: 818487m
I0217 16:28:35.462637 20132 Capacitated_Weed_instance_n100.cc:144] Load of the route: 24
I0217 16:28:35.463637 20132 Capacitated_Weed_instance_n100.cc:148] Total distance of all routes: 5895907m
I0217 16:28:35.464637 20132 Capacitated_Weed_instance_n100.cc:149] Total load of all routes: 99
I0217 16:28:35.464637 20132 Capacitated_Weed_instance_n100.cc:150]
I0217 16:28:35.465636 20132 Capacitated_Weed_instance_n100.cc:151] Advanced usage:
I0217 16:28:35.466629 20132 Capacitated_Weed_instance_n100.cc:152] Problem solved in 239ms

Weed instance (n150) with capacity constraints, uniform 1 unit demand, 40 capacity vehicles, works.
C:\Users\jc321076\github\or-tools>mingw32-make run SOURCE=tests/Capacitated_Weed_instance_n150.cc
I0217 16:32:55.453009 18132 Capacitated_Weed_instance_n150.cc:179] Route for Vehicle 0:
I0217 16:32:55.458011 18132 Capacitated_Weed_instance_n150.cc:192] 0 Load(0) -> 1 Load(1) -> 2 Load(2) -> 49 Load(3) -> 50 Load(4) -> 57 Load(5) -> 60 Load(6) -> 77 Load(7) -> 73 Load(8) -> 78 Load(9) -> 83 Load(10) -> 84 Load(11) -> 104 Load(12) -> 105 Load(13) -> 101 Load(14) -> 102 Load(15) -> 115 Load(16) -> 112 Load(17) -> 113 Load(18) -> 114 Load(19) -> 141 Load(20) -> 142 Load(21) -> 143 Load(22) -> 147 Load(23) -> 149 Load(24) -> 148 Load(25) -> 146 Load(26) -> 144 Load(27) -> 145 Load(28) -> 103 Load(29) -> 111 Load(30) -> 110 Load(31) -> 100 Load(32) -> 97 Load(33) -> 96 Load(34) -> 95 Load(35) -> 79 Load(36) -> 129 Load(37) -> 29 Load(38) -> 18 Load(39) -> 16 Load(40) -> 0
I0217 16:32:55.459012 18132 Capacitated_Weed_instance_n150.cc:193] Distance of the route: 2566537m
I0217 16:32:55.461210 18132 Capacitated_Weed_instance_n150.cc:194] Load of the route: 40
I0217 16:32:55.461210 18132 Capacitated_Weed_instance_n150.cc:179] Route for Vehicle 1:
I0217 16:32:55.463292 18132 Capacitated_Weed_instance_n150.cc:192] 0 Load(0) -> 13 Load(1) -> 14 Load(2) -> 30 Load(3) -> 31 Load(4) -> 28 Load(5) -> 34 Load(6) -> 35 Load(7) -> 40 Load(8) -> 39 Load(9) -> 42 Load(10) -> 54 Load(11) -> 55 Load(12) -> 64 Load(13) -> 85 Load(14) -> 127 Load(15) -> 72 Load(16) -> 76 Load(17) -> 66 Load(18) -> 67 Load(19) -> 68 Load(20) -> 69 Load(21) -> 70 Load(22) -> 65 Load(23) -> 33 Load(24) -> 62 Load(25) -> 61 Load(26) -> 59 Load(27) -> 58 Load(28) -> 56 Load(29) -> 53 Load(30) -> 52 Load(31) -> 120 Load(32) -> 118 Load(33) -> 119 Load(34) -> 116 Load(35) -> 117 Load(36) -> 51 Load(37) -> 38 Load(38) -> 0
I0217 16:32:55.464293 18132 Capacitated_Weed_instance_n150.cc:193] Distance of the route: 1595614m
I0217 16:32:55.470297 18132 Capacitated_Weed_instance_n150.cc:194] Load of the route: 38
I0217 16:32:55.471292 18132 Capacitated_Weed_instance_n150.cc:179] Route for Vehicle 2:
I0217 16:32:55.472293 18132 Capacitated_Weed_instance_n150.cc:192] 0 Load(0) -> 8 Load(1) -> 6 Load(2) -> 5 Load(3) -> 7 Load(4) -> 4 Load(5) -> 9 Load(6) -> 10 Load(7) -> 11 Load(8) -> 12 Load(9) -> 21 Load(10) -> 22 Load(11) -> 24 Load(12) -> 23 Load(13) -> 27 Load(14) -> 26 Load(15) -> 15 Load(16) -> 20 Load(17) -> 19 Load(18) -> 17 Load(19) -> 99 Load(20) -> 123 Load(21) -> 121 Load(22) -> 122 Load(23) -> 124 Load(24) -> 74 Load(25) -> 41 Load(26) -> 98 Load(27) -> 36 Load(28) -> 37 Load(29) -> 46 Load(30) -> 47 Load(31) -> 48 Load(32) -> 45 Load(33) -> 0
I0217 16:32:55.473294 18132 Capacitated_Weed_instance_n150.cc:193] Distance of the route: 1768756m
I0217 16:32:55.474300 18132 Capacitated_Weed_instance_n150.cc:194] Load of the route: 33
I0217 16:32:55.475292 18132 Capacitated_Weed_instance_n150.cc:179] Route for Vehicle 3:
I0217 16:32:55.478608 18132 Capacitated_Weed_instance_n150.cc:192] 0 Load(0) -> 3 Load(1) -> 136 Load(2) -> 138 Load(3) -> 132 Load(4) -> 130 Load(5) -> 137 Load(6) -> 140 Load(7) -> 131 Load(8) -> 139 Load(9) -> 86 Load(10) -> 107 Load(11) -> 134 Load(12) -> 135 Load(13) -> 32 Load(14) -> 126 Load(15) -> 87 Load(16) -> 88 Load(17) -> 89 Load(18) -> 94 Load(19) -> 109 Load(20) -> 93 Load(21) -> 108 Load(22) -> 91 Load(23) -> 92 Load(24) -> 128 Load(25) -> 90 Load(26) -> 80 Load(27) -> 133 Load(28) -> 106 Load(29) -> 25 Load(30) -> 71 Load(31) -> 81 Load(32) -> 82 Load(33) -> 75 Load(34) -> 125 Load(35) -> 63 Load(36) -> 43 Load(37) -> 44 Load(38) -> 0
I0217 16:32:55.484658 18132 Capacitated_Weed_instance_n150.cc:193] Distance of the route: 821918m
I0217 16:32:55.485659 18132 Capacitated_Weed_instance_n150.cc:194] Load of the route: 38
I0217 16:32:55.486658 18132 Capacitated_Weed_instance_n150.cc:198] Total distance of all routes: 6752825m
I0217 16:32:55.487655 18132 Capacitated_Weed_instance_n150.cc:199] Total load of all routes: 149
I0217 16:32:55.488656 18132 Capacitated_Weed_instance_n150.cc:200]
I0217 16:32:55.488656 18132 Capacitated_Weed_instance_n150.cc:201] Advanced usage:
I0217 16:32:55.489652 18132 Capacitated_Weed_instance_n150.cc:202] Problem solved in 332ms

Weed instance (n200) with capacity constraints, uniform 1 unit demand, 50 capacity vehicles, works.
C:\Users\jc321076\github\or-tools>mingw32-make run SOURCE=tests/Capacitated_Weed_instance_n200.cc
I0217 16:36:56.755547 21856 Capacitated_Weed_instance_n200.cc:229] Route for Vehicle 0:
I0217 16:36:56.759547 21856 Capacitated_Weed_instance_n200.cc:242] 0 Load(0) -> 49 Load(1) -> 50 Load(2) -> 65 Load(3) -> 78 Load(4) -> 79 Load(5) -> 95 Load(6) -> 96 Load(7) -> 97 Load(8) -> 100 Load(9) -> 110 Load(10) -> 111 Load(11) -> 113 Load(12) -> 143 Load(13) -> 169 Load(14) -> 144 Load(15) -> 145 Load(16) -> 165 Load(17) -> 161 Load(18) -> 167 Load(19) -> 150 Load(20) -> 168 Load(21) -> 163 Load(22) -> 162 Load(23) -> 166 Load(24) -> 185 Load(25) -> 186 Load(26) -> 187 Load(27) -> 189 Load(28) -> 190 Load(29) -> 188 Load(30) -> 177 Load(31) -> 182 Load(32) -> 183 Load(33) -> 175 Load(34) -> 180 Load(35) -> 179 Load(36) -> 178 Load(37) -> 181 Load(38) -> 176 Load(39) -> 173 Load(40) -> 92 Load(41) -> 91 Load(42) -> 108 Load(43) -> 93 Load(44) -> 109 Load(45) -> 94 Load(46) -> 89 Load(47) -> 88 Load(48) -> 90 Load(49) -> 129 Load(50) -> 0
I0217 16:36:56.760545 21856 Capacitated_Weed_instance_n200.cc:243] Distance of the route: 4511746m
I0217 16:36:56.761544 21856 Capacitated_Weed_instance_n200.cc:244] Load of the route: 50
I0217 16:36:56.762547 21856 Capacitated_Weed_instance_n200.cc:229] Route for Vehicle 1:
I0217 16:36:56.762547 21856 Capacitated_Weed_instance_n200.cc:242] 0 Load(0) -> 3 Load(1) -> 136 Load(2) -> 138 Load(3) -> 132 Load(4) -> 130 Load(5) -> 184 Load(6) -> 198 Load(7) -> 174 Load(8) -> 197 Load(9) -> 172 Load(10) -> 196 Load(11) -> 171 Load(12) -> 195 Load(13) -> 170 Load(14) -> 194 Load(15) -> 128 Load(16) -> 192 Load(17) -> 11 Load(18) -> 191 Load(19) -> 21 Load(20) -> 22 Load(21) -> 23 Load(22) -> 24 Load(23) -> 25 Load(24) -> 140 Load(25) -> 137 Load(26) -> 139 Load(27) -> 131 Load(28) -> 127 Load(29) -> 72 Load(30) -> 87 Load(31) -> 107 Load(32) -> 134 Load(33) -> 135 Load(34) -> 86 Load(35) -> 70 Load(36) -> 69 Load(37) -> 68 Load(38) -> 67 Load(39) -> 66 Load(40) -> 77 Load(41) -> 73 Load(42) -> 85 Load(43) -> 71 Load(44) -> 81 Load(45) -> 82 Load(46) -> 80 Load(47) -> 64 Load(48) -> 63 Load(49) -> 42 Load(50) -> 0
I0217 16:36:56.763550 21856 Capacitated_Weed_instance_n200.cc:243] Distance of the route: 818990m
I0217 16:36:56.764544 21856 Capacitated_Weed_instance_n200.cc:244] Load of the route: 50
I0217 16:36:56.765545 21856 Capacitated_Weed_instance_n200.cc:229] Route for Vehicle 2:
I0217 16:36:56.766548 21856 Capacitated_Weed_instance_n200.cc:242] 0 Load(0) -> 1 Load(1) -> 2 Load(2) -> 38 Load(3) -> 54 Load(4) -> 51 Load(5) -> 117 Load(6) -> 116 Load(7) -> 119 Load(8) -> 118 Load(9) -> 120 Load(10) -> 52 Load(11) -> 53 Load(12) -> 56 Load(13) -> 58 Load(14) -> 59 Load(15) -> 61 Load(16) -> 62 Load(17) -> 55 Load(18) -> 43 Load(19) -> 39 Load(20) -> 47 Load(21) -> 48 Load(22) -> 44 Load(23) -> 45 Load(24) -> 46 Load(25) -> 37 Load(26) -> 36 Load(27) -> 40 Load(28) -> 41 Load(29) -> 74 Load(30) -> 124 Load(31) -> 122 Load(32) -> 99 Load(33) -> 17 Load(34) -> 19 Load(35) -> 20 Load(36) -> 15 Load(37) -> 14 Load(38) -> 13 Load(39) -> 12 Load(40) -> 199 Load(41) -> 10 Load(42) -> 9 Load(43) -> 4 Load(44) -> 193 Load(45) -> 7 Load(46) -> 5 Load(47) -> 6 Load(48) -> 8 Load(49) -> 0
I0217 16:36:56.770548 21856 Capacitated_Weed_instance_n200.cc:243] Distance of the route: 1898452m
I0217 16:36:56.771545 21856 Capacitated_Weed_instance_n200.cc:244] Load of the route: 49
I0217 16:36:56.772544 21856 Capacitated_Weed_instance_n200.cc:229] Route for Vehicle 3:
I0217 16:36:56.773545 21856 Capacitated_Weed_instance_n200.cc:242] 0 Load(0) -> 16 Load(1) -> 18 Load(2) -> 29 Load(3) -> 26 Load(4) -> 27 Load(5) -> 30 Load(6) -> 31 Load(7) -> 28 Load(8) -> 34 Load(9) -> 35 Load(10) -> 98 Load(11) -> 121 Load(12) -> 123 Load(13) -> 125 Load(14) -> 76 Load(15) -> 133 Load(16) -> 104 Load(17) -> 105 Load(18) -> 101 Load(19) -> 103 Load(20) -> 159 Load(21) -> 158 Load(22) -> 157 Load(23) -> 156 Load(24) -> 155 Load(25) -> 154 Load(26) -> 153 Load(27) -> 160 Load(28) -> 146 Load(29) -> 151 Load(30) -> 152 Load(31) -> 148 Load(32) -> 149 Load(33) -> 147 Load(34) -> 164 Load(35) -> 142 Load(36) -> 141 Load(37) -> 114 Load(38) -> 112 Load(39) -> 115 Load(40) -> 102 Load(41) -> 84 Load(42) -> 83 Load(43) -> 33 Load(44) -> 126 Load(45) -> 75 Load(46) -> 106 Load(47) -> 32 Load(48) -> 60 Load(49) -> 57 Load(50) -> 0
I0217 16:36:56.774546 21856 Capacitated_Weed_instance_n200.cc:243] Distance of the route: 2590237m
I0217 16:36:56.775548 21856 Capacitated_Weed_instance_n200.cc:244] Load of the route: 50
I0217 16:36:56.776548 21856 Capacitated_Weed_instance_n200.cc:248] Total distance of all routes: 9819425m
I0217 16:36:56.777547 21856 Capacitated_Weed_instance_n200.cc:249] Total load of all routes: 199
I0217 16:36:56.778544 21856 Capacitated_Weed_instance_n200.cc:250]
I0217 16:36:56.779544 21856 Capacitated_Weed_instance_n200.cc:251] Advanced usage:
I0217 16:36:56.784548 21856 Capacitated_Weed_instance_n200.cc:252] Problem solved in 452ms

Weed instance (n300) with capacity constraints, uniform 1 unit demand, 75 capacity vehicles, works.
C:\Users\jc321076\github\or-tools>mingw32-make run SOURCE=tests/Capacitated_Weed_instance_n300.cc
I0217 16:40:50.019390 27948 Capacitated_Weed_instance_n300.cc:329] Route for Vehicle 0:
I0217 16:40:50.023403 27948 Capacitated_Weed_instance_n300.cc:342] 0 Load(0) -> 5 Load(1) -> 241 Load(2) -> 9 Load(3) -> 238 Load(4) -> 237 Load(5) -> 8 Load(6) -> 236 Load(7) -> 235 Load(8) -> 233 Load(9) -> 234 Load(10) -> 240 Load(11) -> 248 Load(12) -> 232 Load(13) -> 231 Load(14) -> 12 Load(15) -> 197 Load(16) -> 185 Load(17) -> 187 Load(18) -> 189 Load(19) -> 190 Load(20) -> 191 Load(21) -> 21 Load(22) -> 199 Load(23) -> 198 Load(24) -> 200 Load(25) -> 196 Load(26) -> 192 Load(27) -> 10 Load(28) -> 194 Load(29) -> 193 Load(30) -> 195 Load(31) -> 4 Load(32) -> 230 Load(33) -> 7 Load(34) -> 228 Load(35) -> 6 Load(36) -> 227 Load(37) -> 229 Load(38) -> 225 Load(39) -> 221 Load(40) -> 217 Load(41) -> 97 Load(42) -> 91 Load(43) -> 108 Load(44) -> 92 Load(45) -> 109 Load(46) -> 93 Load(47) -> 90 Load(48) -> 94 Load(49) -> 89 Load(50) -> 88 Load(51) -> 24 Load(52) -> 23 Load(53) -> 22 Load(54) -> 13 Load(55) -> 14 Load(56) -> 15 Load(57) -> 20 Load(58) -> 19 Load(59) -> 16 Load(60) -> 17 Load(61) -> 18 Load(62) -> 35 Load(63) -> 34 Load(64) -> 29 Load(65) -> 26 Load(66) -> 27 Load(67) -> 30 Load(68) -> 28 Load(69) -> 31 Load(70) -> 129 Load(71) -> 131 Load(72) -> 135 Load(73) -> 137 Load(74) -> 216 Load(75) -> 0
I0217 16:40:50.024410 27948 Capacitated_Weed_instance_n300.cc:343] Distance of the route: 1800732m
I0217 16:40:50.025367 27948 Capacitated_Weed_instance_n300.cc:344] Load of the route: 75
I0217 16:40:50.026396 27948 Capacitated_Weed_instance_n300.cc:329] Route for Vehicle 1:
I0217 16:40:50.027369 27948 Capacitated_Weed_instance_n300.cc:342] 0 Load(0) -> 2 Load(1) -> 266 Load(2) -> 265 Load(3) -> 264 Load(4) -> 262 Load(5) -> 260 Load(6) -> 272 Load(7) -> 263 Load(8) -> 261 Load(9) -> 275 Load(10) -> 273 Load(11) -> 274 Load(12) -> 286 Load(13) -> 296 Load(14) -> 284 Load(15) -> 283 Load(16) -> 277 Load(17) -> 278 Load(18) -> 279 Load(19) -> 280 Load(20) -> 282 Load(21) -> 281 Load(22) -> 288 Load(23) -> 289 Load(24) -> 297 Load(25) -> 11 Load(26) -> 298 Load(27) -> 299 Load(28) -> 267 Load(29) -> 268 Load(30) -> 269 Load(31) -> 256 Load(32) -> 257 Load(33) -> 258 Load(34) -> 259 Load(35) -> 255 Load(36) -> 139 Load(37) -> 86 Load(38) -> 106 Load(39) -> 75 Load(40) -> 73 Load(41) -> 76 Load(42) -> 126 Load(43) -> 78 Load(44) -> 107 Load(45) -> 134 Load(46) -> 133 Load(47) -> 104 Load(48) -> 105 Load(49) -> 84 Load(50) -> 83 Load(51) -> 32 Load(52) -> 81 Load(53) -> 82 Load(54) -> 85 Load(55) -> 71 Load(56) -> 70 Load(57) -> 65 Load(58) -> 69 Load(59) -> 68 Load(60) -> 67 Load(61) -> 66 Load(62) -> 80 Load(63) -> 127 Load(64) -> 72 Load(65) -> 33 Load(66) -> 64 Load(67) -> 63 Load(68) -> 125 Load(69) -> 77 Load(70) -> 60 Load(71) -> 57 Load(72) -> 50 Load(73) -> 49 Load(74) -> 0
I0217 16:40:50.028367 27948 Capacitated_Weed_instance_n300.cc:343] Distance of the route: 6926701m
I0217 16:40:50.028367 27948 Capacitated_Weed_instance_n300.cc:344] Load of the route: 74
I0217 16:40:50.029366 27948 Capacitated_Weed_instance_n300.cc:329] Route for Vehicle 2:
I0217 16:40:50.030369 27948 Capacitated_Weed_instance_n300.cc:342] 0 Load(0) -> 293 Load(1) -> 292 Load(2) -> 291 Load(3) -> 290 Load(4) -> 276 Load(5) -> 294 Load(6) -> 295 Load(7) -> 270 Load(8) -> 285 Load(9) -> 271 Load(10) -> 287 Load(11) -> 1 Load(12) -> 212 Load(13) -> 213 Load(14) -> 204 Load(15) -> 205 Load(16) -> 211 Load(17) -> 210 Load(18) -> 209 Load(19) -> 208 Load(20) -> 207 Load(21) -> 206 Load(22) -> 141 Load(23) -> 142 Load(24) -> 164 Load(25) -> 143 Load(26) -> 169 Load(27) -> 144 Load(28) -> 145 Load(29) -> 103 Load(30) -> 159 Load(31) -> 158 Load(32) -> 157 Load(33) -> 156 Load(34) -> 155 Load(35) -> 154 Load(36) -> 153 Load(37) -> 160 Load(38) -> 146 Load(39) -> 151 Load(40) -> 152 Load(41) -> 147 Load(42) -> 148 Load(43) -> 149 Load(44) -> 167 Load(45) -> 150 Load(46) -> 168 Load(47) -> 163 Load(48) -> 162 Load(49) -> 161 Load(50) -> 165 Load(51) -> 166 Load(52) -> 254 Load(53) -> 140 Load(54) -> 87 Load(55) -> 62 Load(56) -> 61 Load(57) -> 59 Load(58) -> 58 Load(59) -> 56 Load(60) -> 53 Load(61) -> 52 Load(62) -> 120 Load(63) -> 118 Load(64) -> 119 Load(65) -> 116 Load(66) -> 117 Load(67) -> 51 Load(68) -> 54 Load(69) -> 55 Load(70) -> 43 Load(71) -> 42 Load(72) -> 38 Load(73) -> 45 Load(74) -> 249 Load(75) -> 0
I0217 16:40:50.031368 27948 Capacitated_Weed_instance_n300.cc:343] Distance of the route: 2184937m
I0217 16:40:50.039366 27948 Capacitated_Weed_instance_n300.cc:344] Load of the route: 75
I0217 16:40:50.040369 27948 Capacitated_Weed_instance_n300.cc:329] Route for Vehicle 3:
I0217 16:40:50.040369 27948 Capacitated_Weed_instance_n300.cc:342] 0 Load(0) -> 3 Load(1) -> 99 Load(2) -> 123 Load(3) -> 121 Load(4) -> 122 Load(5) -> 98 Load(6) -> 36 Load(7) -> 37 Load(8) -> 46 Load(9) -> 47 Load(10) -> 48 Load(11) -> 44 Load(12) -> 219 Load(13) -> 111 Load(14) -> 110 Load(15) -> 100 Load(16) -> 101 Load(17) -> 102 Load(18) -> 115 Load(19) -> 112 Load(20) -> 113 Load(21) -> 114 Load(22) -> 202 Load(23) -> 138 Load(24) -> 132 Load(25) -> 40 Load(26) -> 41 Load(27) -> 74 Load(28) -> 124 Load(29) -> 203 Load(30) -> 79 Load(31) -> 95 Load(32) -> 96 Load(33) -> 130 Load(34) -> 253 Load(35) -> 252 Load(36) -> 215 Load(37) -> 214 Load(38) -> 226 Load(39) -> 188 Load(40) -> 224 Load(41) -> 186 Load(42) -> 223 Load(43) -> 175 Load(44) -> 250 Load(45) -> 177 Load(46) -> 222 Load(47) -> 180 Load(48) -> 220 Load(49) -> 183 Load(50) -> 182 Load(51) -> 178 Load(52) -> 179 Load(53) -> 181 Load(54) -> 176 Load(55) -> 184 Load(56) -> 251 Load(57) -> 201 Load(58) -> 247 Load(59) -> 174 Load(60) -> 246 Load(61) -> 172 Load(62) -> 245 Load(63) -> 171 Load(64) -> 244 Load(65) -> 170 Load(66) -> 243 Load(67) -> 25 Load(68) -> 242 Load(69) -> 173 Load(70) -> 239 Load(71) -> 128 Load(72) -> 136 Load(73) -> 39 Load(74) -> 218 Load(75) -> 0
I0217 16:40:50.041369 27948 Capacitated_Weed_instance_n300.cc:343] Distance of the route: 486768m
I0217 16:40:50.042368 27948 Capacitated_Weed_instance_n300.cc:344] Load of the route: 75
I0217 16:40:50.043367 27948 Capacitated_Weed_instance_n300.cc:348] Total distance of all routes: 11399138m
I0217 16:40:50.044368 27948 Capacitated_Weed_instance_n300.cc:349] Total load of all routes: 299
I0217 16:40:50.044368 27948 Capacitated_Weed_instance_n300.cc:350]
I0217 16:40:50.045367 27948 Capacitated_Weed_instance_n300.cc:351] Advanced usage:
I0217 16:40:50.046367 27948 Capacitated_Weed_instance_n300.cc:352] Problem solved in 1029ms

Weed instance (n400) with capacity constraints, uniform 1 unit demand, 100 capacity vehicles.
Compiled, Capacitated_Weed_instance_n400.exe stopped working, VS17 debug caught error.
Unhandled exception at 0x00007FF790F472C8 in Capacitated_Weed_instance_n400.exe: 0xC00000FD: Stack overflow (parameters: 0x0000000000000001, 0x000000C518283000). occurred

The assigned distance matrix is too big for the assigned stack size.
A temporary work around is to increase the stack size for the executable.
editbin.exe (found in path C:\Program Files (x86)\Microsoft Visual Studio 14.0\VC\bin>) edits executables.

Full Weed instance (n647) with capacity constraints, 1 solution limit, uniform 1 unit demand, 170 capacity per vehicle, 4 vehicles. Works!
C:\Users\jc321076\github\or-tools>mingw32-make run SOURCE=tests/Capacitated_Weed_instance.cc
C:\Users\jc321076\github\or-tools>editbin C:\Users\jc321076\github\or-tools\bin\Capacitated_Weed_instance.exe /STACK:16777216
C:\Users\jc321076\github\or-tools>bin\Capacitated_Weed_instance.exe
I0224 14:59:44.101658  9132 Capacitated_Weed_instance.cc:676] Route for Vehicle 0:
I0224 14:59:44.101658  9132 Capacitated_Weed_instance.cc:689] 0 Load(0) -> 2 Load(1) -> 49 Load(2) -> 50 Load(3) -> 57 Load(4) -> 60 Load(5) -> 61 Load(6) -> 62 Load(7) -> 73 Load(8) -> 63 Load(9) -> 64 Load(10) -> 39 Load(11) -> 26 Load(12) -> 27 Load(13) -> 30 Load(14) -> 23 Load(15) -> 24 Load(16) -> 22 Load(17) -> 21 Load(18) -> 12 Load(19) -> 173 Load(20) -> 175 Load(21) -> 182 Load(22) -> 177 Load(23) -> 179 Load(24) -> 178 Load(25) -> 181 Load(26) -> 176 Load(27) -> 190 Load(28) -> 189 Load(29) -> 187 Load(30) -> 185 Load(31) -> 208 Load(32) -> 213 Load(33) -> 204 Load(34) -> 205 Load(35) -> 211 Load(36) -> 210 Load(37) -> 548 Load(38) -> 209 Load(39) -> 352 Load(40) -> 353 Load(41) -> 600 Load(42) -> 358 Load(43) -> 515 Load(44) -> 516 Load(45) -> 367 Load(46) -> 374 Load(47) -> 375 Load(48) -> 232 Load(49) -> 384 Load(50) -> 377 Load(51) -> 376 Load(52) -> 380 Load(53) -> 379 Load(54) -> 405 Load(55) -> 403 Load(56) -> 401 Load(57) -> 396 Load(58) -> 393 Load(59) -> 397 Load(60) -> 399 Load(61) -> 400 Load(62) -> 398 Load(63) -> 406 Load(64) -> 407 Load(65) -> 411 Load(66) -> 410 Load(67) -> 409 Load(68) -> 408 Load(69) -> 431 Load(70) -> 432 Load(71) -> 433 Load(72) -> 437 Load(73) -> 436 Load(74) -> 428 Load(75) -> 274 Load(76) -> 429 Load(77) -> 273 Load(78) -> 426 Load(79) -> 427 Load(80) -> 421 Load(81) -> 422 Load(82) -> 419 Load(83) -> 418 Load(84) -> 447 Load(85) -> 413 Load(86) -> 417 Load(87) -> 416 Load(88) -> 412 Load(89) -> 404 Load(90) -> 402 Load(91) -> 395 Load(92) -> 394 Load(93) -> 452 Load(94) -> 454 Load(95) -> 453 Load(96) -> 479 Load(97) -> 480 Load(98) -> 389 Load(99) -> 347 Load(100) -> 340 Load(101) -> 345 Load(102) -> 344 Load(103) -> 343 Load(104) -> 342 Load(105) -> 341 Load(106) -> 337 Load(107) -> 338 Load(108) -> 339 Load(109) -> 329 Load(110) -> 163 Load(111) -> 162 Load(112) -> 305 Load(113) -> 324 Load(114) -> 325 Load(115) -> 322 Load(116) -> 323 Load(117) -> 320 Load(118) -> 319 Load(119) -> 318 Load(120) -> 317 Load(121) -> 316 Load(122) -> 309 Load(123) -> 308 Load(124) -> 304 Load(125) -> 298 Load(126) -> 299 Load(127) -> 300 Load(128) -> 611 Load(129) -> 267 Load(130) -> 391 Load(131) -> 570 Load(132) -> 571 Load(133) -> 572 Load(134) -> 225 Load(135) -> 221 Load(136) -> 0
I0224 14:59:44.102660  9132 Capacitated_Weed_instance.cc:690] Distance of the route: 18670073m
I0224 14:59:44.103683  9132 Capacitated_Weed_instance.cc:691] Load of the route: 136
I0224 14:59:44.104658  9132 Capacitated_Weed_instance.cc:676] Route for Vehicle 1:
I0224 14:59:44.104658  9132 Capacitated_Weed_instance.cc:689] 0 Load(0) -> 540 Load(1) -> 271 Load(2) -> 302 Load(3) -> 270 Load(4) -> 295 Load(5) -> 301 Load(6) -> 294 Load(7) -> 292 Load(8) -> 293 Load(9) -> 1 Load(10) -> 287 Load(11) -> 286 Load(12) -> 289 Load(13) -> 288 Load(14) -> 281 Load(15) -> 282 Load(16) -> 280 Load(17) -> 279 Load(18) -> 278 Load(19) -> 277 Load(20) -> 284 Load(21) -> 285 Load(22) -> 291 Load(23) -> 290 Load(24) -> 283 Load(25) -> 541 Load(26) -> 296 Load(27) -> 297 Load(28) -> 11 Load(29) -> 562 Load(30) -> 201 Load(31) -> 560 Load(32) -> 184 Load(33) -> 231 Load(34) -> 174 Load(35) -> 230 Load(36) -> 172 Load(37) -> 199 Load(38) -> 171 Load(39) -> 198 Load(40) -> 170 Load(41) -> 195 Load(42) -> 128 Load(43) -> 549 Load(44) -> 9 Load(45) -> 10 Load(46) -> 4 Load(47) -> 7 Load(48) -> 5 Load(49) -> 6 Load(50) -> 8 Load(51) -> 3 Load(52) -> 99 Load(53) -> 124 Load(54) -> 98 Load(55) -> 123 Load(56) -> 121 Load(57) -> 122 Load(58) -> 74 Load(59) -> 41 Load(60) -> 40 Load(61) -> 35 Load(62) -> 36 Load(63) -> 37 Load(64) -> 46 Load(65) -> 48 Load(66) -> 47 Load(67) -> 44 Load(68) -> 45 Load(69) -> 38 Load(70) -> 42 Load(71) -> 43 Load(72) -> 55 Load(73) -> 54 Load(74) -> 51 Load(75) -> 117 Load(76) -> 120 Load(77) -> 118 Load(78) -> 119 Load(79) -> 116 Load(80) -> 52 Load(81) -> 53 Load(82) -> 56 Load(83) -> 58 Load(84) -> 59 Load(85) -> 87 Load(86) -> 139 Load(87) -> 86 Load(88) -> 134 Load(89) -> 85 Load(90) -> 133 Load(91) -> 80 Load(92) -> 127 Load(93) -> 78 Load(94) -> 126 Load(95) -> 77 Load(96) -> 125 Load(97) -> 76 Load(98) -> 107 Load(99) -> 75 Load(100) -> 106 Load(101) -> 33 Load(102) -> 83 Load(103) -> 32 Load(104) -> 82 Load(105) -> 25 Load(106) -> 81 Load(107) -> 71 Load(108) -> 70 Load(109) -> 65 Load(110) -> 69 Load(111) -> 68 Load(112) -> 67 Load(113) -> 66 Load(114) -> 72 Load(115) -> 84 Load(116) -> 104 Load(117) -> 105 Load(118) -> 101 Load(119) -> 102 Load(120) -> 115 Load(121) -> 112 Load(122) -> 113 Load(123) -> 114 Load(124) -> 103 Load(125) -> 159 Load(126) -> 158 Load(127) -> 156 Load(128) -> 155 Load(129) -> 154 Load(130) -> 153 Load(131) -> 160 Load(132) -> 146 Load(133) -> 151 Load(134) -> 152 Load(135) -> 145 Load(136) -> 144 Load(137) -> 169 Load(138) -> 143 Load(139) -> 545 Load(140) -> 164 Load(141) -> 111 Load(142) -> 110 Load(143) -> 100 Load(144) -> 95 Load(145) -> 96 Load(146) -> 97 Load(147) -> 91 Load(148) -> 92 Load(149) -> 108 Load(150) -> 93 Load(151) -> 109 Load(152) -> 94 Load(153) -> 89 Load(154) -> 88 Load(155) -> 90 Load(156) -> 79 Load(157) -> 129 Load(158) -> 31 Load(159) -> 28 Load(160) -> 29 Load(161) -> 34 Load(162) -> 18 Load(163) -> 17 Load(164) -> 16 Load(165) -> 19 Load(166) -> 20 Load(167) -> 15 Load(168) -> 14 Load(169) -> 13 Load(170) -> 0
I0224 14:59:44.106673  9132 Capacitated_Weed_instance.cc:690] Distance of the route: 6092162m
I0224 14:59:44.106673  9132 Capacitated_Weed_instance.cc:691] Load of the route: 170
I0224 14:59:44.107661  9132 Capacitated_Weed_instance.cc:676] Route for Vehicle 2:
I0224 14:59:44.109659  9132 Capacitated_Weed_instance.cc:689] 0 Load(0) -> 582 Load(1) -> 604 Load(2) -> 581 Load(3) -> 603 Load(4) -> 579 Load(5) -> 602 Load(6) -> 578 Load(7) -> 356 Load(8) -> 598 Load(9) -> 475 Load(10) -> 597 Load(11) -> 474 Load(12) -> 538 Load(13) -> 518 Load(14) -> 519 Load(15) -> 521 Load(16) -> 522 Load(17) -> 520 Load(18) -> 535 Load(19) -> 577 Load(20) -> 523 Load(21) -> 534 Load(22) -> 494 Load(23) -> 507 Load(24) -> 451 Load(25) -> 244 Load(26) -> 473 Load(27) -> 425 Load(28) -> 472 Load(29) -> 243 Load(30) -> 471 Load(31) -> 242 Load(32) -> 556 Load(33) -> 335 Load(34) -> 557 Load(35) -> 328 Load(36) -> 555 Load(37) -> 327 Load(38) -> 554 Load(39) -> 326 Load(40) -> 330 Load(41) -> 194 Load(42) -> 332 Load(43) -> 193 Load(44) -> 331 Load(45) -> 191 Load(46) -> 313 Load(47) -> 311 Load(48) -> 312 Load(49) -> 310 Load(50) -> 315 Load(51) -> 197 Load(52) -> 355 Load(53) -> 196 Load(54) -> 354 Load(55) -> 192 Load(56) -> 350 Load(57) -> 186 Load(58) -> 349 Load(59) -> 348 Load(60) -> 351 Load(61) -> 346 Load(62) -> 537 Load(63) -> 517 Load(64) -> 218 Load(65) -> 514 Load(66) -> 217 Load(67) -> 138 Load(68) -> 566 Load(69) -> 142 Load(70) -> 576 Load(71) -> 212 Load(72) -> 575 Load(73) -> 207 Load(74) -> 206 Load(75) -> 141 Load(76) -> 219 Load(77) -> 378 Load(78) -> 228 Load(79) -> 372 Load(80) -> 229 Load(81) -> 368 Load(82) -> 227 Load(83) -> 369 Load(84) -> 226 Load(85) -> 215 Load(86) -> 224 Load(87) -> 214 Load(88) -> 223 Load(89) -> 188 Load(90) -> 222 Load(91) -> 183 Load(92) -> 220 Load(93) -> 180 Load(94) -> 130 Load(95) -> 565 Load(96) -> 137 Load(97) -> 216 Load(98) -> 136 Load(99) -> 203 Load(100) -> 132 Load(101) -> 202 Load(102) -> 135 Load(103) -> 131 Load(104) -> 140 Load(105) -> 254 Load(106) -> 543 Load(107) -> 544 Load(108) -> 165 Load(109) -> 161 Load(110) -> 166 Load(111) -> 147 Load(112) -> 148 Load(113) -> 149 Load(114) -> 167 Load(115) -> 150 Load(116) -> 168 Load(117) -> 366 Load(118) -> 307 Load(119) -> 306 Load(120) -> 255 Load(121) -> 542 Load(122) -> 259 Load(123) -> 359 Load(124) -> 258 Load(125) -> 257 Load(126) -> 256 Load(127) -> 269 Load(128) -> 268 Load(129) -> 266 Load(130) -> 265 Load(131) -> 264 Load(132) -> 262 Load(133) -> 260 Load(134) -> 263 Load(135) -> 261 Load(136) -> 272 Load(137) -> 275 Load(138) -> 450 Load(139) -> 241 Load(140) -> 552 Load(141) -> 240 Load(142) -> 550 Load(143) -> 239 Load(144) -> 470 Load(145) -> 238 Load(146) -> 462 Load(147) -> 237 Load(148) -> 460 Load(149) -> 236 Load(150) -> 459 Load(151) -> 235 Load(152) -> 458 Load(153) -> 234 Load(154) -> 457 Load(155) -> 233 Load(156) -> 455 Load(157) -> 423 Load(158) -> 424 Load(159) -> 415 Load(160) -> 414 Load(161) -> 434 Load(162) -> 445 Load(163) -> 446 Load(164) -> 444 Load(165) -> 435 Load(166) -> 438 Load(167) -> 439 Load(168) -> 276 Load(169) -> 430 Load(170) -> 0
I0224 14:59:44.110687  9132 Capacitated_Weed_instance.cc:690] Distance of the route: 6514664m
I0224 14:59:44.122687  9132 Capacitated_Weed_instance.cc:691] Load of the route: 170
I0224 14:59:44.123658  9132 Capacitated_Weed_instance.cc:676] Route for Vehicle 3:
I0224 14:59:44.126660  9132 Capacitated_Weed_instance.cc:689] 0 Load(0) -> 644 Load(1) -> 634 Load(2) -> 645 Load(3) -> 633 Load(4) -> 643 Load(5) -> 628 Load(6) -> 642 Load(7) -> 627 Load(8) -> 641 Load(9) -> 626 Load(10) -> 636 Load(11) -> 624 Load(12) -> 632 Load(13) -> 623 Load(14) -> 631 Load(15) -> 588 Load(16) -> 630 Load(17) -> 587 Load(18) -> 629 Load(19) -> 586 Load(20) -> 625 Load(21) -> 553 Load(22) -> 646 Load(23) -> 585 Load(24) -> 617 Load(25) -> 512 Load(26) -> 640 Load(27) -> 584 Load(28) -> 619 Load(29) -> 580 Load(30) -> 618 Load(31) -> 583 Load(32) -> 539 Load(33) -> 608 Load(34) -> 607 Load(35) -> 639 Load(36) -> 478 Load(37) -> 638 Load(38) -> 477 Load(39) -> 637 Load(40) -> 469 Load(41) -> 635 Load(42) -> 465 Load(43) -> 622 Load(44) -> 487 Load(45) -> 533 Load(46) -> 464 Load(47) -> 621 Load(48) -> 463 Load(49) -> 620 Load(50) -> 536 Load(51) -> 574 Load(52) -> 595 Load(53) -> 511 Load(54) -> 596 Load(55) -> 609 Load(56) -> 592 Load(57) -> 510 Load(58) -> 606 Load(59) -> 456 Load(60) -> 616 Load(61) -> 461 Load(62) -> 594 Load(63) -> 509 Load(64) -> 591 Load(65) -> 508 Load(66) -> 590 Load(67) -> 506 Load(68) -> 589 Load(69) -> 505 Load(70) -> 569 Load(71) -> 551 Load(72) -> 568 Load(73) -> 420 Load(74) -> 615 Load(75) -> 390 Load(76) -> 614 Load(77) -> 613 Load(78) -> 321 Load(79) -> 200 Load(80) -> 357 Load(81) -> 610 Load(82) -> 559 Load(83) -> 601 Load(84) -> 558 Load(85) -> 546 Load(86) -> 564 Load(87) -> 336 Load(88) -> 563 Load(89) -> 334 Load(90) -> 561 Load(91) -> 333 Load(92) -> 593 Load(93) -> 385 Load(94) -> 605 Load(95) -> 392 Load(96) -> 476 Load(97) -> 547 Load(98) -> 157 Load(99) -> 361 Load(100) -> 504 Load(101) -> 365 Load(102) -> 503 Load(103) -> 364 Load(104) -> 502 Load(105) -> 363 Load(106) -> 501 Load(107) -> 362 Load(108) -> 500 Load(109) -> 360 Load(110) -> 499 Load(111) -> 253 Load(112) -> 498 Load(113) -> 252 Load(114) -> 567 Load(115) -> 250 Load(116) -> 497 Load(117) -> 314 Load(118) -> 496 Load(119) -> 303 Load(120) -> 493 Load(121) -> 251 Load(122) -> 495 Load(123) -> 249 Load(124) -> 492 Load(125) -> 248 Load(126) -> 491 Load(127) -> 247 Load(128) -> 490 Load(129) -> 246 Load(130) -> 489 Load(131) -> 245 Load(132) -> 488 Load(133) -> 532 Load(134) -> 524 Load(135) -> 526 Load(136) -> 527 Load(137) -> 573 Load(138) -> 529 Load(139) -> 528 Load(140) -> 530 Load(141) -> 531 Load(142) -> 525 Load(143) -> 485 Load(144) -> 484 Load(145) -> 486 Load(146) -> 483 Load(147) -> 481 Load(148) -> 482 Load(149) -> 612 Load(150) -> 468 Load(151) -> 388 Load(152) -> 467 Load(153) -> 387 Load(154) -> 466 Load(155) -> 386 Load(156) -> 449 Load(157) -> 383 Load(158) -> 448 Load(159) -> 382 Load(160) -> 443 Load(161) -> 381 Load(162) -> 442 Load(163) -> 373 Load(164) -> 441 Load(165) -> 371 Load(166) -> 440 Load(167) -> 370 Load(168) -> 599 Load(169) -> 513 Load(170) -> 0
I0224 14:59:44.127660  9132 Capacitated_Weed_instance.cc:690] Distance of the route: 3903339m
I0224 14:59:44.128662  9132 Capacitated_Weed_instance.cc:691] Load of the route: 170
I0224 14:59:44.128662  9132 Capacitated_Weed_instance.cc:695] Total distance of all routes: 35180238m
I0224 14:59:44.129659  9132 Capacitated_Weed_instance.cc:696] Total load of all routes: 646
I0224 14:59:44.129659  9132 Capacitated_Weed_instance.cc:697]
I0224 14:59:44.130663  9132 Capacitated_Weed_instance.cc:698] Advanced usage:
I0224 14:59:44.131662  9132 Capacitated_Weed_instance.cc:699] Problem solved in 55ms
